#! /opt/homebrew/Cellar/icarus-verilog/13.0/bin/vvp
:ivl_version "13.0 (stable)" "(v13_0)";
:ivl_delay_selection "TYPICAL";
:vpi_time_precision - 9;
:vpi_module "/opt/homebrew/Cellar/icarus-verilog/13.0/lib/ivl/system.vpi";
:vpi_module "/opt/homebrew/Cellar/icarus-verilog/13.0/lib/ivl/vhdl_sys.vpi";
:vpi_module "/opt/homebrew/Cellar/icarus-verilog/13.0/lib/ivl/vhdl_textio.vpi";
:vpi_module "/opt/homebrew/Cellar/icarus-verilog/13.0/lib/ivl/v2005_math.vpi";
:vpi_module "/opt/homebrew/Cellar/icarus-verilog/13.0/lib/ivl/va_math.vpi";
S_0x14a631990 .scope module, "mux4" "mux4" 2 4;
 .timescale -9 -9;
    .port_info 0 /INPUT 8 "d0";
    .port_info 1 /INPUT 8 "d1";
    .port_info 2 /INPUT 8 "d2";
    .port_info 3 /INPUT 8 "d3";
    .port_info 4 /INPUT 2 "sel";
    .port_info 5 /OUTPUT 8 "y";
P_0x6000037e56c0 .param/l "WIDTH" 0 2 4, +C4<00000000000000000000000000001000>;
v0x6000010cec70_0 .net *"_ivl_1", 0 0, L_0x6000013cc820;  1 drivers
v0x6000010ced00_0 .net *"_ivl_3", 0 0, L_0x6000013cc8c0;  1 drivers
v0x6000010ced90_0 .net *"_ivl_4", 7 0, L_0x6000013cc960;  1 drivers
v0x6000010cee20_0 .net *"_ivl_7", 0 0, L_0x6000013cca00;  1 drivers
v0x6000010ceeb0_0 .net *"_ivl_8", 7 0, L_0x6000013ccaa0;  1 drivers
o0x150050100 .functor BUFZ 8, c4<zzzzzzzz>; HiZ drive
v0x6000010cef40_0 .net "d0", 7 0, o0x150050100;  0 drivers
o0x150050130 .functor BUFZ 8, c4<zzzzzzzz>; HiZ drive
v0x6000010cefd0_0 .net "d1", 7 0, o0x150050130;  0 drivers
o0x150050160 .functor BUFZ 8, c4<zzzzzzzz>; HiZ drive
v0x6000010cf060_0 .net "d2", 7 0, o0x150050160;  0 drivers
o0x150050190 .functor BUFZ 8, c4<zzzzzzzz>; HiZ drive
v0x6000010cf0f0_0 .net "d3", 7 0, o0x150050190;  0 drivers
o0x1500501c0 .functor BUFZ 2, c4<zz>; HiZ drive
v0x6000010cf180_0 .net "sel", 1 0, o0x1500501c0;  0 drivers
v0x6000010cf210_0 .net "y", 7 0, L_0x6000013ccb40;  1 drivers
L_0x6000013cc820 .part o0x1500501c0, 1, 1;
L_0x6000013cc8c0 .part o0x1500501c0, 0, 1;
L_0x6000013cc960 .functor MUXZ 8, o0x150050160, o0x150050190, L_0x6000013cc8c0, C4<>;
L_0x6000013cca00 .part o0x1500501c0, 0, 1;
L_0x6000013ccaa0 .functor MUXZ 8, o0x150050100, o0x150050130, L_0x6000013cca00, C4<>;
L_0x6000013ccb40 .functor MUXZ 8, L_0x6000013ccaa0, L_0x6000013cc960, L_0x6000013cc820, C4<>;
S_0x14a62b710 .scope module, "tb_1c" "tb_1c" 3 3;
 .timescale -9 -9;
P_0x14a81de00 .param/l "ADD" 1 3 34, C4<00000000000000000000000000110100>;
P_0x14a81de40 .param/l "ADDI" 1 3 24, C4<00000000000000000000000000010000>;
P_0x14a81de80 .param/l "ADDI_x0" 1 3 23, C4<00000000000000000000000000001000>;
P_0x14a81dec0 .param/l "AND" 1 3 43, C4<00000000000000000000000001011000>;
P_0x14a81df00 .param/l "ANDI" 1 3 32, C4<00000000000000000000000000110000>;
P_0x14a81df40 .param/l "AUIPC" 1 3 46, C4<00000000000000000000000001100000>;
P_0x14a81df80 .param/l "BEQ_IN" 1 3 73, C4<00000000000000000000000100011100>;
P_0x14a81dfc0 .param/l "BEQ_OUT" 1 3 74, C4<00000000000000000000000100101000>;
P_0x14a81e000 .param/l "BGEU_IN" 1 3 67, C4<00000000000000000000000011100100>;
P_0x14a81e040 .param/l "BGEU_OUT" 1 3 68, C4<00000000000000000000000011110000>;
P_0x14a81e080 .param/l "BGE_IN" 1 3 61, C4<00000000000000000000000010101100>;
P_0x14a81e0c0 .param/l "BGE_OUT" 1 3 62, C4<00000000000000000000000010111000>;
P_0x14a81e100 .param/l "BLTU_IN" 1 3 64, C4<00000000000000000000000011001000>;
P_0x14a81e140 .param/l "BLTU_OUT" 1 3 65, C4<00000000000000000000000011010100>;
P_0x14a81e180 .param/l "BLT_IN" 1 3 58, C4<00000000000000000000000010010000>;
P_0x14a81e1c0 .param/l "BLT_OUT" 1 3 59, C4<00000000000000000000000010011100>;
P_0x14a81e200 .param/l "BNE_IN" 1 3 70, C4<00000000000000000000000100000000>;
P_0x14a81e240 .param/l "BNE_OUT" 1 3 71, C4<00000000000000000000000100001100>;
P_0x14a81e280 .param/l "JAL" 1 3 77, C4<00000000000000000000000100111000>;
P_0x14a81e2c0 .param/l "JALR" 1 3 76, C4<00000000000000000000000100110100>;
P_0x14a81e300 .param/l "LB" 1 3 52, C4<00000000000000000000000001110000>;
P_0x14a81e340 .param/l "LBU" 1 3 55, C4<00000000000000000000000001111100>;
P_0x14a81e380 .param/l "LH" 1 3 53, C4<00000000000000000000000001110100>;
P_0x14a81e3c0 .param/l "LHU" 1 3 56, C4<00000000000000000000000010000000>;
P_0x14a81e400 .param/l "LUI" 1 3 45, C4<00000000000000000000000001011100>;
P_0x14a81e440 .param/l "LW" 1 3 54, C4<00000000000000000000000001111000>;
P_0x14a81e480 .param/l "OR" 1 3 42, C4<00000000000000000000000001010100>;
P_0x14a81e4c0 .param/l "ORI" 1 3 31, C4<00000000000000000000000000101100>;
P_0x14a81e500 .param/l "SB" 1 3 48, C4<00000000000000000000000001100100>;
P_0x14a81e540 .param/l "SH" 1 3 49, C4<00000000000000000000000001101000>;
P_0x14a81e580 .param/l "SLL" 1 3 36, C4<00000000000000000000000000111100>;
P_0x14a81e5c0 .param/l "SLLI" 1 3 25, C4<00000000000000000000000000010100>;
P_0x14a81e600 .param/l "SLT" 1 3 37, C4<00000000000000000000000001000000>;
P_0x14a81e640 .param/l "SLTI" 1 3 26, C4<00000000000000000000000000011000>;
P_0x14a81e680 .param/l "SLTIU" 1 3 27, C4<00000000000000000000000000011100>;
P_0x14a81e6c0 .param/l "SLTU" 1 3 38, C4<00000000000000000000000001000100>;
P_0x14a81e700 .param/l "SRA" 1 3 41, C4<00000000000000000000000001010000>;
P_0x14a81e740 .param/l "SRAI" 1 3 30, C4<00000000000000000000000000101000>;
P_0x14a81e780 .param/l "SRL" 1 3 40, C4<00000000000000000000000001001100>;
P_0x14a81e7c0 .param/l "SRLI" 1 3 29, C4<00000000000000000000000000100100>;
P_0x14a81e800 .param/l "SUB" 1 3 35, C4<00000000000000000000000000111000>;
P_0x14a81e840 .param/l "SW" 1 3 50, C4<00000000000000000000000001101100>;
P_0x14a81e880 .param/l "XOR" 1 3 39, C4<00000000000000000000000001001000>;
P_0x14a81e8c0 .param/l "XORI" 1 3 28, C4<00000000000000000000000000100000>;
v0x6000010d9170_0 .net "DataAdr", 31 0, L_0x6000013c0640;  1 drivers
v0x6000010d9200_0 .var "Ext_DataAdr", 31 0;
v0x6000010d9290_0 .var "Ext_MemWrite", 0 0;
v0x6000010d9320_0 .var "Ext_WriteData", 31 0;
v0x6000010d93b0_0 .net "MemWrite", 0 0, L_0x6000013c0500;  1 drivers
v0x6000010d9440_0 .net "PC", 31 0, v0x6000010c2be0_0;  1 drivers
v0x6000010d94d0_0 .net "ReadData", 31 0, L_0x6000009c9d50;  1 drivers
v0x6000010d9560_0 .net "Result", 31 0, L_0x6000009c99d0;  1 drivers
v0x6000010d95f0_0 .net "WriteData", 31 0, L_0x6000013c05a0;  1 drivers
v0x6000010d9680_0 .var "clk", 0 0;
v0x6000010d9710_0 .var/i "fault_instrs", 31 0;
v0x6000010d97a0_0 .var/i "flag", 31 0;
v0x6000010d9830_0 .var/i "fw", 31 0;
v0x6000010d98c0_0 .var/i "i", 31 0;
v0x6000010d9950_0 .var "reset", 0 0;
E_0x6000037e6240 .event negedge, v0x6000010cf4e0_0;
S_0x14a604a10 .scope module, "uut" "t1_riscv_cpu" 3 17, 4 3 0, S_0x14a62b710;
 .timescale -9 -9;
    .port_info 0 /INPUT 1 "clk";
    .port_info 1 /INPUT 1 "reset";
    .port_info 2 /INPUT 1 "Ext_MemWrite";
    .port_info 3 /INPUT 32 "Ext_WriteData";
    .port_info 4 /INPUT 32 "Ext_DataAdr";
    .port_info 5 /OUTPUT 1 "MemWrite";
    .port_info 6 /OUTPUT 32 "WriteData";
    .port_info 7 /OUTPUT 32 "DataAdr";
    .port_info 8 /OUTPUT 32 "ReadData";
    .port_info 9 /OUTPUT 32 "PC";
    .port_info 10 /OUTPUT 32 "Result";
L_0x6000009c9dc0 .functor AND 1, v0x6000010d9290_0, v0x6000010d9950_0, C4<1>, C4<1>;
v0x6000010d8870_0 .net "DataAdr", 31 0, L_0x6000013c0640;  alias, 1 drivers
v0x6000010d8900_0 .net "DataAdr_rv32", 31 0, L_0x6000013c00a0;  1 drivers
v0x6000010d8990_0 .net "Ext_DataAdr", 31 0, v0x6000010d9200_0;  1 drivers
v0x6000010d8a20_0 .net "Ext_MemWrite", 0 0, v0x6000010d9290_0;  1 drivers
v0x6000010d8ab0_0 .net "Ext_WriteData", 31 0, v0x6000010d9320_0;  1 drivers
v0x6000010d8b40_0 .net "Instr", 31 0, L_0x6000009c9ce0;  1 drivers
v0x6000010d8bd0_0 .net "MemWrite", 0 0, L_0x6000013c0500;  alias, 1 drivers
v0x6000010d8c60_0 .net "MemWrite_rv32", 0 0, L_0x6000009c9c70;  1 drivers
v0x6000010d8cf0_0 .net "PC", 31 0, v0x6000010c2be0_0;  alias, 1 drivers
v0x6000010d8d80_0 .net "ReadData", 31 0, L_0x6000009c9d50;  alias, 1 drivers
v0x6000010d8e10_0 .net "Result", 31 0, L_0x6000009c99d0;  alias, 1 drivers
v0x6000010d8ea0_0 .net "WriteData", 31 0, L_0x6000013c05a0;  alias, 1 drivers
v0x6000010d8f30_0 .net "WriteData_rv32", 31 0, L_0x6000013c0140;  1 drivers
v0x6000010d8fc0_0 .net *"_ivl_3", 0 0, L_0x6000009c9dc0;  1 drivers
v0x6000010d9050_0 .net "clk", 0 0, v0x6000010d9680_0;  1 drivers
v0x6000010d90e0_0 .net "reset", 0 0, v0x6000010d9950_0;  1 drivers
L_0x6000013c0500 .functor MUXZ 1, L_0x6000009c9c70, v0x6000010d9290_0, v0x6000010d9950_0, C4<>;
L_0x6000013c05a0 .functor MUXZ 32, L_0x6000013c0140, v0x6000010d9320_0, L_0x6000009c9dc0, C4<>;
L_0x6000013c0640 .functor MUXZ 32, L_0x6000013c00a0, v0x6000010d9200_0, v0x6000010d9950_0, C4<>;
S_0x14a616f50 .scope module, "datamem" "data_mem" 4 21, 5 4 0, S_0x14a604a10;
 .timescale -9 -9;
    .port_info 0 /INPUT 1 "clk";
    .port_info 1 /INPUT 1 "wr_en";
    .port_info 2 /INPUT 32 "wr_addr";
    .port_info 3 /INPUT 32 "wr_data";
    .port_info 4 /OUTPUT 32 "rd_data_mem";
P_0x6000017c6940 .param/l "ADDR_WIDTH" 0 5 4, +C4<00000000000000000000000000100000>;
P_0x6000017c6980 .param/l "DATA_WIDTH" 0 5 4, +C4<00000000000000000000000000100000>;
P_0x6000017c69c0 .param/l "MEM_SIZE" 0 5 4, +C4<00000000000000000000000001000000>;
L_0x6000009c9d50 .functor BUFZ 32, L_0x6000013c0320, C4<00000000000000000000000000000000>, C4<00000000000000000000000000000000>, C4<00000000000000000000000000000000>;
v0x6000010cf2a0_0 .net *"_ivl_0", 31 0, L_0x6000013c0320;  1 drivers
v0x6000010cf330_0 .net *"_ivl_3", 5 0, L_0x6000013c03c0;  1 drivers
v0x6000010cf3c0_0 .net *"_ivl_4", 7 0, L_0x6000013c0460;  1 drivers
L_0x1500887f0 .functor BUFT 1, C4<00>, C4<0>, C4<0>, C4<0>;
v0x6000010cf450_0 .net *"_ivl_7", 1 0, L_0x1500887f0;  1 drivers
v0x6000010cf4e0_0 .net "clk", 0 0, v0x6000010d9680_0;  alias, 1 drivers
v0x6000010cf570 .array "data_ram", 63 0, 31 0;
v0x6000010cf600_0 .var/i "i", 31 0;
v0x6000010cf690_0 .net "rd_data_mem", 31 0, L_0x6000009c9d50;  alias, 1 drivers
v0x6000010cf720_0 .net "wr_addr", 31 0, L_0x6000013c0640;  alias, 1 drivers
v0x6000010cf7b0_0 .net "wr_data", 31 0, L_0x6000013c05a0;  alias, 1 drivers
v0x6000010cf840_0 .net "wr_en", 0 0, L_0x6000013c0500;  alias, 1 drivers
E_0x6000037e6340 .event posedge, v0x6000010cf4e0_0;
L_0x6000013c0320 .array/port v0x6000010cf570, L_0x6000013c0460;
L_0x6000013c03c0 .part L_0x6000013c0640, 2, 6;
L_0x6000013c0460 .concat [ 6 2 0 0], L_0x6000013c03c0, L_0x1500887f0;
S_0x14a6170c0 .scope module, "instrmem" "instr_mem" 4 20, 6 4 0, S_0x14a604a10;
 .timescale -9 -9;
    .port_info 0 /INPUT 32 "instr_addr";
    .port_info 1 /OUTPUT 32 "instr";
P_0x6000017c6a00 .param/l "ADDR_WIDTH" 0 6 4, +C4<00000000000000000000000000100000>;
P_0x6000017c6a40 .param/l "DATA_WIDTH" 0 6 4, +C4<00000000000000000000000000100000>;
P_0x6000017c6a80 .param/l "MEM_SIZE" 0 6 4, +C4<00000000000000000000001000000000>;
L_0x6000009c9ce0 .functor BUFZ 32, L_0x6000013c01e0, C4<00000000000000000000000000000000>, C4<00000000000000000000000000000000>, C4<00000000000000000000000000000000>;
v0x6000010cf8d0_0 .net *"_ivl_0", 31 0, L_0x6000013c01e0;  1 drivers
v0x6000010cf960_0 .net *"_ivl_3", 29 0, L_0x6000013c0280;  1 drivers
v0x6000010cf9f0_0 .net "instr", 31 0, L_0x6000009c9ce0;  alias, 1 drivers
v0x6000010cfa80_0 .net "instr_addr", 31 0, v0x6000010c2be0_0;  alias, 1 drivers
v0x6000010cfb10 .array "instr_ram", 511 0, 31 0;
L_0x6000013c01e0 .array/port v0x6000010cfb10, L_0x6000013c0280;
L_0x6000013c0280 .part v0x6000010c2be0_0, 2, 30;
S_0x14a6156d0 .scope module, "rvcpu" "riscv_cpu" 4 17, 7 4 0, S_0x14a604a10;
 .timescale -9 -9;
    .port_info 0 /INPUT 1 "clk";
    .port_info 1 /INPUT 1 "reset";
    .port_info 2 /OUTPUT 32 "PC";
    .port_info 3 /INPUT 32 "Instr";
    .port_info 4 /OUTPUT 1 "MemWrite";
    .port_info 5 /OUTPUT 32 "Mem_WrAddr";
    .port_info 6 /OUTPUT 32 "Mem_WrData";
    .port_info 7 /INPUT 32 "ReadData";
    .port_info 8 /OUTPUT 32 "Result";
L_0x6000009c9c70 .functor BUFZ 1, L_0x6000013ccdc0, C4<0>, C4<0>, C4<0>;
v0x6000010df720_0 .net "ALUControl", 3 0, v0x6000010cfba0_0;  1 drivers
v0x6000010df7b0_0 .net "ALUSrc", 0 0, L_0x6000013ccd20;  1 drivers
v0x6000010df840_0 .net "ImmSrc", 2 0, L_0x6000013ccc80;  1 drivers
v0x6000010df8d0_0 .net "Instr", 31 0, L_0x6000009c9ce0;  alias, 1 drivers
v0x6000010df960_0 .net "IsAUIPC", 0 0, L_0x6000013cd220;  1 drivers
v0x6000010df9f0_0 .net "IsJALR", 0 0, L_0x6000013cd2c0;  1 drivers
v0x6000010dfa80_0 .net "IsLUI", 0 0, L_0x6000013cd180;  1 drivers
v0x6000010dfb10_0 .net "Jump", 0 0, L_0x6000013cd040;  1 drivers
v0x6000010dfba0_0 .net "Less", 0 0, L_0x6000013ce4e0;  1 drivers
v0x6000010dfc30_0 .net "LessU", 0 0, L_0x6000013ce580;  1 drivers
v0x6000010dfcc0_0 .net "MemWrite", 0 0, L_0x6000009c9c70;  alias, 1 drivers
v0x6000010dfd50_0 .net "MemWrite_byte", 0 0, L_0x6000009c9c00;  1 drivers
v0x6000010dfde0_0 .net "MemWrite_int", 0 0, L_0x6000013ccdc0;  1 drivers
v0x6000010dfe70_0 .net "Mem_WrAddr", 31 0, L_0x6000013c00a0;  alias, 1 drivers
v0x6000010dff00_0 .net "Mem_WrAddr_int", 31 0, L_0x6000009c9ab0;  1 drivers
v0x6000010d8000_0 .net "Mem_WrAddr_rmw", 31 0, L_0x6000013cfe80;  1 drivers
v0x6000010d8090_0 .net "Mem_WrData", 31 0, L_0x6000013c0140;  alias, 1 drivers
v0x6000010d8120_0 .net "Mem_WrData_int", 31 0, L_0x6000009c9a40;  1 drivers
v0x6000010d81b0_0 .net "Mem_WrData_rmw", 31 0, v0x6000010df600_0;  1 drivers
v0x6000010d8240_0 .net "Negative", 0 0, L_0x6000013ce440;  1 drivers
v0x6000010d82d0_0 .net "PC", 31 0, v0x6000010c2be0_0;  alias, 1 drivers
v0x6000010d8360_0 .net "PCSrc", 0 0, L_0x6000009c9810;  1 drivers
v0x6000010d83f0_0 .net "ReadData", 31 0, L_0x6000009c9d50;  alias, 1 drivers
v0x6000010d8480_0 .net "RegWrite", 0 0, L_0x6000013ccbe0;  1 drivers
v0x6000010d8510_0 .net "Result", 31 0, L_0x6000009c99d0;  alias, 1 drivers
v0x6000010d85a0_0 .net "ResultSrc", 1 0, L_0x6000013cce60;  1 drivers
v0x6000010d8630_0 .net "Zero", 0 0, L_0x6000013ce3a0;  1 drivers
v0x6000010d86c0_0 .net "clk", 0 0, v0x6000010d9680_0;  alias, 1 drivers
v0x6000010d8750_0 .net "funct3_ctrl", 2 0, L_0x6000009c9880;  1 drivers
v0x6000010d87e0_0 .net "reset", 0 0, v0x6000010d9950_0;  alias, 1 drivers
L_0x6000013cd400 .part L_0x6000009c9ce0, 0, 7;
L_0x6000013cd4a0 .part L_0x6000009c9ce0, 12, 3;
L_0x6000013cd540 .part L_0x6000009c9ce0, 30, 1;
L_0x6000013c00a0 .functor MUXZ 32, L_0x6000009c9ab0, L_0x6000013cfe80, L_0x6000009c9c00, C4<>;
L_0x6000013c0140 .functor MUXZ 32, L_0x6000009c9a40, v0x6000010df600_0, L_0x6000009c9c00, C4<>;
S_0x14a615840 .scope module, "c" "controller" 7 29, 8 4 0, S_0x14a6156d0;
 .timescale -9 -9;
    .port_info 0 /INPUT 7 "op";
    .port_info 1 /INPUT 3 "funct3";
    .port_info 2 /INPUT 1 "funct7b5";
    .port_info 3 /INPUT 1 "Zero";
    .port_info 4 /INPUT 1 "Negative";
    .port_info 5 /INPUT 1 "Less";
    .port_info 6 /INPUT 1 "LessU";
    .port_info 7 /OUTPUT 2 "ResultSrc";
    .port_info 8 /OUTPUT 1 "MemWrite";
    .port_info 9 /OUTPUT 1 "PCSrc";
    .port_info 10 /OUTPUT 1 "ALUSrc";
    .port_info 11 /OUTPUT 1 "RegWrite";
    .port_info 12 /OUTPUT 1 "Jump";
    .port_info 13 /OUTPUT 3 "ImmSrc";
    .port_info 14 /OUTPUT 4 "ALUControl";
    .port_info 15 /OUTPUT 1 "IsLUI";
    .port_info 16 /OUTPUT 1 "IsAUIPC";
    .port_info 17 /OUTPUT 3 "funct3_out";
    .port_info 18 /OUTPUT 1 "IsJALR";
L_0x6000009c97a0 .functor AND 1, L_0x6000013ccf00, v0x6000010c1440_0, C4<1>, C4<1>;
L_0x6000009c9810 .functor OR 1, L_0x6000009c97a0, L_0x6000013cd040, C4<0>, C4<0>;
L_0x6000009c9880 .functor BUFZ 3, L_0x6000013cd4a0, C4<000>, C4<000>, C4<000>;
v0x6000010c0990_0 .net "ALUControl", 3 0, v0x6000010cfba0_0;  alias, 1 drivers
v0x6000010c0a20_0 .net "ALUOp", 1 0, L_0x6000013ccfa0;  1 drivers
v0x6000010c0ab0_0 .net "ALUSrc", 0 0, L_0x6000013ccd20;  alias, 1 drivers
v0x6000010c0b40_0 .net "Branch", 0 0, L_0x6000013ccf00;  1 drivers
v0x6000010c0bd0_0 .net "BranchType", 2 0, L_0x6000009c8bd0;  1 drivers
v0x6000010c0c60_0 .net "ImmSrc", 2 0, L_0x6000013ccc80;  alias, 1 drivers
v0x6000010c0cf0_0 .net "IsAUIPC", 0 0, L_0x6000013cd220;  alias, 1 drivers
v0x6000010c0d80_0 .net "IsJALR", 0 0, L_0x6000013cd2c0;  alias, 1 drivers
v0x6000010c0e10_0 .net "IsLUI", 0 0, L_0x6000013cd180;  alias, 1 drivers
v0x6000010c0ea0_0 .net "Jump", 0 0, L_0x6000013cd040;  alias, 1 drivers
v0x6000010c0f30_0 .net "Less", 0 0, L_0x6000013ce4e0;  alias, 1 drivers
v0x6000010c0fc0_0 .net "LessU", 0 0, L_0x6000013ce580;  alias, 1 drivers
v0x6000010c1050_0 .net "MemWrite", 0 0, L_0x6000013ccdc0;  alias, 1 drivers
v0x6000010c10e0_0 .net "Negative", 0 0, L_0x6000013ce440;  alias, 1 drivers
v0x6000010c1170_0 .net "PCSrc", 0 0, L_0x6000009c9810;  alias, 1 drivers
v0x6000010c1200_0 .net "RegWrite", 0 0, L_0x6000013ccbe0;  alias, 1 drivers
v0x6000010c1290_0 .net "ResultSrc", 1 0, L_0x6000013cce60;  alias, 1 drivers
v0x6000010c1320_0 .net "Zero", 0 0, L_0x6000013ce3a0;  alias, 1 drivers
v0x6000010c13b0_0 .net *"_ivl_2", 0 0, L_0x6000009c97a0;  1 drivers
v0x6000010c1440_0 .var "branch_taken", 0 0;
v0x6000010c14d0_0 .net "funct3", 2 0, L_0x6000013cd4a0;  1 drivers
v0x6000010c1560_0 .net "funct3_out", 2 0, L_0x6000009c9880;  alias, 1 drivers
v0x6000010c15f0_0 .net "funct7b5", 0 0, L_0x6000013cd540;  1 drivers
v0x6000010c1680_0 .net "op", 6 0, L_0x6000013cd400;  1 drivers
E_0x6000037e64c0 .event anyedge, v0x6000010c0090_0, v0x6000010c1320_0, v0x6000010c0f30_0, v0x6000010c0fc0_0;
L_0x6000013cd360 .part L_0x6000013cd400, 5, 1;
S_0x14a615180 .scope module, "ad" "alu_decoder" 8 28, 9 16 0, S_0x14a615840;
 .timescale -9 -9;
    .port_info 0 /INPUT 1 "opb5";
    .port_info 1 /INPUT 3 "funct3";
    .port_info 2 /INPUT 1 "funct7b5";
    .port_info 3 /INPUT 2 "ALUOp";
    .port_info 4 /OUTPUT 4 "ALUControl";
v0x6000010cfba0_0 .var "ALUControl", 3 0;
v0x6000010cfc30_0 .net "ALUOp", 1 0, L_0x6000013ccfa0;  alias, 1 drivers
v0x6000010cfcc0_0 .net "funct3", 2 0, L_0x6000013cd4a0;  alias, 1 drivers
v0x6000010cfd50_0 .net "funct7b5", 0 0, L_0x6000013cd540;  alias, 1 drivers
v0x6000010cfde0_0 .net "opb5", 0 0, L_0x6000013cd360;  1 drivers
E_0x6000037e6500 .event anyedge, v0x6000010cfc30_0, v0x6000010cfcc0_0, v0x6000010cfd50_0, v0x6000010cfde0_0;
S_0x14a6152f0 .scope module, "md" "main_decoder" 8 24, 10 4 0, S_0x14a615840;
 .timescale -9 -9;
    .port_info 0 /INPUT 7 "op";
    .port_info 1 /INPUT 3 "funct3";
    .port_info 2 /OUTPUT 2 "ResultSrc";
    .port_info 3 /OUTPUT 1 "MemWrite";
    .port_info 4 /OUTPUT 1 "Branch";
    .port_info 5 /OUTPUT 1 "ALUSrc";
    .port_info 6 /OUTPUT 1 "RegWrite";
    .port_info 7 /OUTPUT 1 "Jump";
    .port_info 8 /OUTPUT 3 "ImmSrc";
    .port_info 9 /OUTPUT 2 "ALUOp";
    .port_info 10 /OUTPUT 1 "IsLUI";
    .port_info 11 /OUTPUT 1 "IsAUIPC";
    .port_info 12 /OUTPUT 1 "IsJALR";
    .port_info 13 /OUTPUT 3 "BranchType";
L_0x6000009c8bd0 .functor BUFZ 3, L_0x6000013cd4a0, C4<000>, C4<000>, C4<000>;
v0x6000010cfe70_0 .net "ALUOp", 1 0, L_0x6000013ccfa0;  alias, 1 drivers
v0x6000010cff00_0 .net "ALUSrc", 0 0, L_0x6000013ccd20;  alias, 1 drivers
v0x6000010c0000_0 .net "Branch", 0 0, L_0x6000013ccf00;  alias, 1 drivers
v0x6000010c0090_0 .net "BranchType", 2 0, L_0x6000009c8bd0;  alias, 1 drivers
v0x6000010c0120_0 .net "ImmSrc", 2 0, L_0x6000013ccc80;  alias, 1 drivers
v0x6000010c01b0_0 .net "IsAUIPC", 0 0, L_0x6000013cd220;  alias, 1 drivers
v0x6000010c0240_0 .net "IsJALR", 0 0, L_0x6000013cd2c0;  alias, 1 drivers
v0x6000010c02d0_0 .net "IsLUI", 0 0, L_0x6000013cd180;  alias, 1 drivers
v0x6000010c0360_0 .net "Jump", 0 0, L_0x6000013cd040;  alias, 1 drivers
v0x6000010c03f0_0 .net "MemWrite", 0 0, L_0x6000013ccdc0;  alias, 1 drivers
v0x6000010c0480_0 .net "RegWrite", 0 0, L_0x6000013ccbe0;  alias, 1 drivers
v0x6000010c0510_0 .net "ResultSrc", 1 0, L_0x6000013cce60;  alias, 1 drivers
v0x6000010c05a0_0 .net *"_ivl_10", 11 0, L_0x6000013cd0e0;  1 drivers
L_0x150088010 .functor BUFT 1, C4<0110111>, C4<0>, C4<0>, C4<0>;
v0x6000010c0630_0 .net/2u *"_ivl_11", 6 0, L_0x150088010;  1 drivers
L_0x150088058 .functor BUFT 1, C4<0010111>, C4<0>, C4<0>, C4<0>;
v0x6000010c06c0_0 .net/2u *"_ivl_15", 6 0, L_0x150088058;  1 drivers
L_0x1500880a0 .functor BUFT 1, C4<1100111>, C4<0>, C4<0>, C4<0>;
v0x6000010c0750_0 .net/2u *"_ivl_19", 6 0, L_0x1500880a0;  1 drivers
v0x6000010c07e0_0 .var "controls", 12 0;
v0x6000010c0870_0 .net "funct3", 2 0, L_0x6000013cd4a0;  alias, 1 drivers
v0x6000010c0900_0 .net "op", 6 0, L_0x6000013cd400;  alias, 1 drivers
E_0x6000037e6580 .event anyedge, v0x6000010c0900_0;
L_0x6000013ccbe0 .part L_0x6000013cd0e0, 11, 1;
L_0x6000013ccc80 .part L_0x6000013cd0e0, 8, 3;
L_0x6000013ccd20 .part L_0x6000013cd0e0, 7, 1;
L_0x6000013ccdc0 .part L_0x6000013cd0e0, 6, 1;
L_0x6000013cce60 .part L_0x6000013cd0e0, 4, 2;
L_0x6000013ccf00 .part L_0x6000013cd0e0, 3, 1;
L_0x6000013ccfa0 .part L_0x6000013cd0e0, 1, 2;
L_0x6000013cd040 .part L_0x6000013cd0e0, 0, 1;
L_0x6000013cd0e0 .part v0x6000010c07e0_0, 0, 12;
L_0x6000013cd180 .cmp/eq 7, L_0x6000013cd400, L_0x150088010;
L_0x6000013cd220 .cmp/eq 7, L_0x6000013cd400, L_0x150088058;
L_0x6000013cd2c0 .cmp/eq 7, L_0x6000013cd400, L_0x1500880a0;
S_0x14a6149d0 .scope module, "dp" "datapath" 7 36, 11 4 0, S_0x14a6156d0;
 .timescale -9 -9;
    .port_info 0 /INPUT 1 "clk";
    .port_info 1 /INPUT 1 "reset";
    .port_info 2 /INPUT 2 "ResultSrc";
    .port_info 3 /INPUT 1 "PCSrc";
    .port_info 4 /INPUT 1 "ALUSrc";
    .port_info 5 /INPUT 1 "RegWrite";
    .port_info 6 /INPUT 3 "ImmSrc";
    .port_info 7 /INPUT 4 "ALUControl";
    .port_info 8 /INPUT 1 "IsLUI";
    .port_info 9 /INPUT 1 "IsAUIPC";
    .port_info 10 /INPUT 1 "IsJALR";
    .port_info 11 /INPUT 3 "funct3";
    .port_info 12 /OUTPUT 1 "Zero";
    .port_info 13 /OUTPUT 1 "Negative";
    .port_info 14 /OUTPUT 1 "Less";
    .port_info 15 /OUTPUT 1 "LessU";
    .port_info 16 /OUTPUT 32 "PC";
    .port_info 17 /INPUT 32 "Instr";
    .port_info 18 /OUTPUT 32 "Mem_WrAddr";
    .port_info 19 /OUTPUT 32 "Mem_WrData";
    .port_info 20 /INPUT 32 "ReadData";
    .port_info 21 /OUTPUT 32 "Result";
    .port_info 22 /OUTPUT 1 "MemWrite_byte";
    .port_info 23 /OUTPUT 32 "Mem_WrData_rmw";
    .port_info 24 /OUTPUT 32 "Mem_WrAddr_rmw";
L_0x150088130 .functor BUFT 1, C4<11111111111111111111111111111110>, C4<0>, C4<0>, C4<0>;
L_0x6000009c98f0 .functor AND 32, L_0x6000013cd720, L_0x150088130, C4<11111111111111111111111111111111>, C4<11111111111111111111111111111111>;
L_0x1500884d8 .functor BUFT 1, C4<0>, C4<0>, C4<0>, C4<0>;
L_0x6000009c9960 .functor XNOR 1, L_0x6000013ced00, L_0x1500884d8, C4<0>, C4<0>;
L_0x6000009c99d0 .functor BUFZ 32, L_0x6000013cfd40, C4<00000000000000000000000000000000>, C4<00000000000000000000000000000000>, C4<00000000000000000000000000000000>;
L_0x6000009c9a40 .functor BUFZ 32, L_0x6000013cdea0, C4<00000000000000000000000000000000>, C4<00000000000000000000000000000000>, C4<00000000000000000000000000000000>;
L_0x6000009c9ab0 .functor BUFZ 32, v0x6000010c18c0_0, C4<00000000000000000000000000000000>, C4<00000000000000000000000000000000>, C4<00000000000000000000000000000000>;
L_0x6000009c9b20 .functor BUFZ 32, L_0x6000009c9d50, C4<00000000000000000000000000000000>, C4<00000000000000000000000000000000>, C4<00000000000000000000000000000000>;
L_0x6000009c9c00 .functor OR 1, L_0x6000013cff20, L_0x6000013c0000, C4<0>, C4<0>;
v0x6000010dc2d0_0 .net "ALUControl", 3 0, v0x6000010cfba0_0;  alias, 1 drivers
v0x6000010dc360_0 .net "ALUResult", 31 0, v0x6000010c18c0_0;  1 drivers
v0x6000010dc3f0_0 .net "ALUSrc", 0 0, L_0x6000013ccd20;  alias, 1 drivers
v0x6000010dc480_0 .net "ImmExt", 31 0, v0x6000010c1ef0_0;  1 drivers
v0x6000010dc510_0 .net "ImmSrc", 2 0, L_0x6000013ccc80;  alias, 1 drivers
v0x6000010dc5a0_0 .net "Instr", 31 0, L_0x6000009c9ce0;  alias, 1 drivers
v0x6000010dc630_0 .net "IsAUIPC", 0 0, L_0x6000013cd220;  alias, 1 drivers
v0x6000010dc6c0_0 .net "IsJALR", 0 0, L_0x6000013cd2c0;  alias, 1 drivers
v0x6000010dc750_0 .net "IsLUI", 0 0, L_0x6000013cd180;  alias, 1 drivers
v0x6000010dc7e0_0 .net "JALR_target", 31 0, L_0x6000009c98f0;  1 drivers
v0x6000010dc870_0 .net "Less", 0 0, L_0x6000013ce4e0;  alias, 1 drivers
v0x6000010dc900_0 .net "LessU", 0 0, L_0x6000013ce580;  alias, 1 drivers
v0x6000010dc990_0 .net "MemWrite_byte", 0 0, L_0x6000009c9c00;  alias, 1 drivers
v0x6000010dca20_0 .net "Mem_WrAddr", 31 0, L_0x6000009c9ab0;  alias, 1 drivers
v0x6000010dcab0_0 .net "Mem_WrAddr_rmw", 31 0, L_0x6000013cfe80;  alias, 1 drivers
v0x6000010dcb40_0 .net "Mem_WrData", 31 0, L_0x6000009c9a40;  alias, 1 drivers
v0x6000010dcbd0_0 .net "Mem_WrData_rmw", 31 0, v0x6000010df600_0;  alias, 1 drivers
v0x6000010dcc60_0 .net "Negative", 0 0, L_0x6000013ce440;  alias, 1 drivers
v0x6000010dccf0_0 .net "PC", 31 0, v0x6000010c2be0_0;  alias, 1 drivers
v0x6000010dcd80_0 .net "PCNext", 31 0, L_0x6000013cd860;  1 drivers
v0x6000010dce10_0 .net "PCPlus4", 31 0, L_0x6000013cd5e0;  1 drivers
v0x6000010dcea0_0 .net "PCSrc", 0 0, L_0x6000009c9810;  alias, 1 drivers
v0x6000010dcf30_0 .net "PCTarget", 31 0, L_0x6000013cd680;  1 drivers
v0x6000010dcfc0_0 .net "ReadData", 31 0, L_0x6000009c9d50;  alias, 1 drivers
v0x6000010dd050_0 .net "RegWrite", 0 0, L_0x6000013ccbe0;  alias, 1 drivers
v0x6000010dd0e0_0 .net "Result", 31 0, L_0x6000009c99d0;  alias, 1 drivers
v0x6000010dd170_0 .net "ResultMux", 31 0, L_0x6000013cfca0;  1 drivers
v0x6000010dd200_0 .net "ResultSrc", 1 0, L_0x6000013cce60;  alias, 1 drivers
v0x6000010dd290_0 .net "SrcA", 31 0, L_0x6000013cdb80;  1 drivers
v0x6000010dd320_0 .net "SrcA_alu", 31 0, L_0x6000013ce260;  1 drivers
v0x6000010dd3b0_0 .net "SrcB", 31 0, L_0x6000013ce1c0;  1 drivers
v0x6000010dd440_0 .net "WriteBackData", 31 0, L_0x6000013cfd40;  1 drivers
v0x6000010dd4d0_0 .net "WriteData", 31 0, L_0x6000013cdea0;  1 drivers
v0x6000010dd560_0 .net "Zero", 0 0, L_0x6000013ce3a0;  alias, 1 drivers
v0x6000010dd5f0_0 .net *"_ivl_100", 31 0, L_0x6000013cf8e0;  1 drivers
v0x6000010dd680_0 .net *"_ivl_102", 31 0, L_0x6000013cf980;  1 drivers
v0x6000010dd710_0 .net *"_ivl_117", 29 0, L_0x6000013cfde0;  1 drivers
L_0x150088718 .functor BUFT 1, C4<00>, C4<0>, C4<0>, C4<0>;
v0x6000010dd7a0_0 .net/2u *"_ivl_118", 1 0, L_0x150088718;  1 drivers
L_0x150088760 .functor BUFT 1, C4<000>, C4<0>, C4<0>, C4<0>;
v0x6000010dd830_0 .net/2u *"_ivl_122", 2 0, L_0x150088760;  1 drivers
v0x6000010dd8c0_0 .net *"_ivl_124", 0 0, L_0x6000013cff20;  1 drivers
L_0x1500887a8 .functor BUFT 1, C4<001>, C4<0>, C4<0>, C4<0>;
v0x6000010dd950_0 .net/2u *"_ivl_126", 2 0, L_0x1500887a8;  1 drivers
v0x6000010dd9e0_0 .net *"_ivl_128", 0 0, L_0x6000013c0000;  1 drivers
L_0x150088400 .functor BUFT 1, C4<00>, C4<0>, C4<0>, C4<0>;
v0x6000010dda70_0 .net/2u *"_ivl_18", 1 0, L_0x150088400;  1 drivers
v0x6000010ddb00_0 .net *"_ivl_2", 31 0, L_0x6000013cd720;  1 drivers
v0x6000010ddb90_0 .net *"_ivl_20", 0 0, L_0x6000013ce6c0;  1 drivers
v0x6000010ddc20_0 .net *"_ivl_23", 7 0, L_0x6000013ce760;  1 drivers
L_0x150088448 .functor BUFT 1, C4<01>, C4<0>, C4<0>, C4<0>;
v0x6000010ddcb0_0 .net/2u *"_ivl_24", 1 0, L_0x150088448;  1 drivers
v0x6000010ddd40_0 .net *"_ivl_26", 0 0, L_0x6000013ce800;  1 drivers
v0x6000010dddd0_0 .net *"_ivl_29", 7 0, L_0x6000013ce8a0;  1 drivers
L_0x150088490 .functor BUFT 1, C4<10>, C4<0>, C4<0>, C4<0>;
v0x6000010dde60_0 .net/2u *"_ivl_30", 1 0, L_0x150088490;  1 drivers
v0x6000010ddef0_0 .net *"_ivl_32", 0 0, L_0x6000013ce940;  1 drivers
v0x6000010ddf80_0 .net *"_ivl_35", 7 0, L_0x6000013ce9e0;  1 drivers
v0x6000010de010_0 .net *"_ivl_37", 7 0, L_0x6000013cea80;  1 drivers
v0x6000010de0a0_0 .net *"_ivl_38", 7 0, L_0x6000013ceb20;  1 drivers
v0x6000010de130_0 .net/2u *"_ivl_4", 31 0, L_0x150088130;  1 drivers
v0x6000010de1c0_0 .net *"_ivl_40", 7 0, L_0x6000013cebc0;  1 drivers
v0x6000010de250_0 .net *"_ivl_45", 0 0, L_0x6000013ced00;  1 drivers
v0x6000010de2e0_0 .net/2u *"_ivl_46", 0 0, L_0x1500884d8;  1 drivers
v0x6000010de370_0 .net *"_ivl_48", 0 0, L_0x6000009c9960;  1 drivers
v0x6000010de400_0 .net *"_ivl_51", 15 0, L_0x6000013ceda0;  1 drivers
v0x6000010de490_0 .net *"_ivl_53", 15 0, L_0x6000013cee40;  1 drivers
L_0x150088520 .functor BUFT 1, C4<000>, C4<0>, C4<0>, C4<0>;
v0x6000010de520_0 .net/2u *"_ivl_56", 2 0, L_0x150088520;  1 drivers
v0x6000010de5b0_0 .net *"_ivl_58", 0 0, L_0x6000013cf020;  1 drivers
v0x6000010de640_0 .net *"_ivl_61", 0 0, L_0x6000013ceee0;  1 drivers
v0x6000010de6d0_0 .net *"_ivl_63", 23 0, L_0x6000013cf0c0;  1 drivers
v0x6000010de760_0 .net *"_ivl_64", 31 0, L_0x6000013cf160;  1 drivers
L_0x150088568 .functor BUFT 1, C4<001>, C4<0>, C4<0>, C4<0>;
v0x6000010de7f0_0 .net/2u *"_ivl_66", 2 0, L_0x150088568;  1 drivers
v0x6000010de880_0 .net *"_ivl_68", 0 0, L_0x6000013cf200;  1 drivers
v0x6000010de910_0 .net *"_ivl_71", 0 0, L_0x6000013cf2a0;  1 drivers
v0x6000010de9a0_0 .net *"_ivl_73", 15 0, L_0x6000013cf340;  1 drivers
v0x6000010dea30_0 .net *"_ivl_74", 31 0, L_0x6000013cf3e0;  1 drivers
L_0x1500885b0 .functor BUFT 1, C4<010>, C4<0>, C4<0>, C4<0>;
v0x6000010deac0_0 .net/2u *"_ivl_76", 2 0, L_0x1500885b0;  1 drivers
v0x6000010deb50_0 .net *"_ivl_78", 0 0, L_0x6000013cf480;  1 drivers
L_0x1500885f8 .functor BUFT 1, C4<100>, C4<0>, C4<0>, C4<0>;
v0x6000010debe0_0 .net/2u *"_ivl_80", 2 0, L_0x1500885f8;  1 drivers
v0x6000010dec70_0 .net *"_ivl_82", 0 0, L_0x6000013cf520;  1 drivers
L_0x150088640 .functor BUFT 1, C4<000000000000000000000000>, C4<0>, C4<0>, C4<0>;
v0x6000010ded00_0 .net/2u *"_ivl_84", 23 0, L_0x150088640;  1 drivers
v0x6000010ded90_0 .net *"_ivl_86", 31 0, L_0x6000013cf5c0;  1 drivers
L_0x150088688 .functor BUFT 1, C4<101>, C4<0>, C4<0>, C4<0>;
v0x6000010dee20_0 .net/2u *"_ivl_88", 2 0, L_0x150088688;  1 drivers
v0x6000010deeb0_0 .net *"_ivl_90", 0 0, L_0x6000013cf660;  1 drivers
L_0x1500886d0 .functor BUFT 1, C4<0000000000000000>, C4<0>, C4<0>, C4<0>;
v0x6000010def40_0 .net/2u *"_ivl_92", 15 0, L_0x1500886d0;  1 drivers
v0x6000010defd0_0 .net *"_ivl_94", 31 0, L_0x6000013cf700;  1 drivers
v0x6000010df060_0 .net *"_ivl_96", 31 0, L_0x6000013cf7a0;  1 drivers
v0x6000010df0f0_0 .net *"_ivl_98", 31 0, L_0x6000013cf840;  1 drivers
v0x6000010df180_0 .net "branch_or_jalr_target", 31 0, L_0x6000013cd7c0;  1 drivers
v0x6000010df210_0 .net "byte_offset", 1 0, L_0x6000013ce620;  1 drivers
v0x6000010df2a0_0 .net "clk", 0 0, v0x6000010d9680_0;  alias, 1 drivers
v0x6000010df330_0 .net "funct3", 2 0, L_0x6000009c9880;  alias, 1 drivers
v0x6000010df3c0_0 .net "load_data", 31 0, L_0x6000013cfa20;  1 drivers
v0x6000010df450_0 .net "loaded_byte", 7 0, L_0x6000013cec60;  1 drivers
v0x6000010df4e0_0 .net "loaded_half", 15 0, L_0x6000013cef80;  1 drivers
v0x6000010df570_0 .net "reset", 0 0, v0x6000010d9950_0;  alias, 1 drivers
v0x6000010df600_0 .var "rmw_word", 31 0;
v0x6000010df690_0 .net "word_in_mem", 31 0, L_0x6000009c9b20;  1 drivers
E_0x6000037e6640 .event anyedge, v0x6000010df690_0, v0x6000010c1560_0, v0x6000010df210_0, v0x6000010c3d50_0;
L_0x6000013cd720 .arith/sum 32, L_0x6000013cdb80, v0x6000010c1ef0_0;
L_0x6000013cdf40 .part L_0x6000009c9ce0, 15, 5;
L_0x6000013cdfe0 .part L_0x6000009c9ce0, 20, 5;
L_0x6000013ce080 .part L_0x6000009c9ce0, 7, 5;
L_0x6000013ce120 .part L_0x6000009c9ce0, 7, 25;
L_0x6000013ce620 .part v0x6000010c18c0_0, 0, 2;
L_0x6000013ce6c0 .cmp/eq 2, L_0x6000013ce620, L_0x150088400;
L_0x6000013ce760 .part L_0x6000009c9d50, 0, 8;
L_0x6000013ce800 .cmp/eq 2, L_0x6000013ce620, L_0x150088448;
L_0x6000013ce8a0 .part L_0x6000009c9d50, 8, 8;
L_0x6000013ce940 .cmp/eq 2, L_0x6000013ce620, L_0x150088490;
L_0x6000013ce9e0 .part L_0x6000009c9d50, 16, 8;
L_0x6000013cea80 .part L_0x6000009c9d50, 24, 8;
L_0x6000013ceb20 .functor MUXZ 8, L_0x6000013cea80, L_0x6000013ce9e0, L_0x6000013ce940, C4<>;
L_0x6000013cebc0 .functor MUXZ 8, L_0x6000013ceb20, L_0x6000013ce8a0, L_0x6000013ce800, C4<>;
L_0x6000013cec60 .functor MUXZ 8, L_0x6000013cebc0, L_0x6000013ce760, L_0x6000013ce6c0, C4<>;
L_0x6000013ced00 .part L_0x6000013ce620, 1, 1;
L_0x6000013ceda0 .part L_0x6000009c9d50, 0, 16;
L_0x6000013cee40 .part L_0x6000009c9d50, 16, 16;
L_0x6000013cef80 .functor MUXZ 16, L_0x6000013cee40, L_0x6000013ceda0, L_0x6000009c9960, C4<>;
L_0x6000013cf020 .cmp/eq 3, L_0x6000009c9880, L_0x150088520;
L_0x6000013ceee0 .part L_0x6000013cec60, 7, 1;
L_0x6000013cf0c0 .repeat 24, 24, L_0x6000013ceee0;
L_0x6000013cf160 .concat [ 8 24 0 0], L_0x6000013cec60, L_0x6000013cf0c0;
L_0x6000013cf200 .cmp/eq 3, L_0x6000009c9880, L_0x150088568;
L_0x6000013cf2a0 .part L_0x6000013cef80, 15, 1;
L_0x6000013cf340 .repeat 16, 16, L_0x6000013cf2a0;
L_0x6000013cf3e0 .concat [ 16 16 0 0], L_0x6000013cef80, L_0x6000013cf340;
L_0x6000013cf480 .cmp/eq 3, L_0x6000009c9880, L_0x1500885b0;
L_0x6000013cf520 .cmp/eq 3, L_0x6000009c9880, L_0x1500885f8;
L_0x6000013cf5c0 .concat [ 8 24 0 0], L_0x6000013cec60, L_0x150088640;
L_0x6000013cf660 .cmp/eq 3, L_0x6000009c9880, L_0x150088688;
L_0x6000013cf700 .concat [ 16 16 0 0], L_0x6000013cef80, L_0x1500886d0;
L_0x6000013cf7a0 .functor MUXZ 32, L_0x6000009c9d50, L_0x6000013cf700, L_0x6000013cf660, C4<>;
L_0x6000013cf840 .functor MUXZ 32, L_0x6000013cf7a0, L_0x6000013cf5c0, L_0x6000013cf520, C4<>;
L_0x6000013cf8e0 .functor MUXZ 32, L_0x6000013cf840, L_0x6000009c9d50, L_0x6000013cf480, C4<>;
L_0x6000013cf980 .functor MUXZ 32, L_0x6000013cf8e0, L_0x6000013cf3e0, L_0x6000013cf200, C4<>;
L_0x6000013cfa20 .functor MUXZ 32, L_0x6000013cf980, L_0x6000013cf160, L_0x6000013cf020, C4<>;
L_0x6000013cfde0 .part v0x6000010c18c0_0, 2, 30;
L_0x6000013cfe80 .concat [ 2 30 0 0], L_0x150088718, L_0x6000013cfde0;
L_0x6000013cff20 .cmp/eq 3, L_0x6000009c9880, L_0x150088760;
L_0x6000013c0000 .cmp/eq 3, L_0x6000009c9880, L_0x1500887a8;
S_0x14a6142c0 .scope module, "alu_inst" "alu" 11 68, 12 4 0, S_0x14a6149d0;
 .timescale -9 -9;
    .port_info 0 /INPUT 32 "a";
    .port_info 1 /INPUT 32 "b";
    .port_info 2 /INPUT 4 "alu_ctrl";
    .port_info 3 /OUTPUT 32 "alu_out";
    .port_info 4 /OUTPUT 1 "zero";
    .port_info 5 /OUTPUT 1 "negative";
    .port_info 6 /OUTPUT 1 "less";
    .port_info 7 /OUTPUT 1 "lessU";
P_0x6000037e6680 .param/l "WIDTH" 0 12 4, +C4<00000000000000000000000000100000>;
L_0x1500883b8 .functor BUFT 1, C4<00000000000000000000000000000000>, C4<0>, C4<0>, C4<0>;
v0x6000010c1710_0 .net/2u *"_ivl_2", 31 0, L_0x1500883b8;  1 drivers
v0x6000010c17a0_0 .net "a", 31 0, L_0x6000013ce260;  alias, 1 drivers
v0x6000010c1830_0 .net "alu_ctrl", 3 0, v0x6000010cfba0_0;  alias, 1 drivers
v0x6000010c18c0_0 .var "alu_out", 31 0;
v0x6000010c1950_0 .net "b", 31 0, L_0x6000013ce1c0;  alias, 1 drivers
v0x6000010c19e0_0 .net "less", 0 0, L_0x6000013ce4e0;  alias, 1 drivers
v0x6000010c1a70_0 .net "lessU", 0 0, L_0x6000013ce580;  alias, 1 drivers
v0x6000010c1b00_0 .net "negative", 0 0, L_0x6000013ce440;  alias, 1 drivers
v0x6000010c1b90_0 .net "shamt", 4 0, L_0x6000013ce300;  1 drivers
v0x6000010c1c20_0 .net "zero", 0 0, L_0x6000013ce3a0;  alias, 1 drivers
E_0x6000037e6740 .event anyedge, v0x6000010cfba0_0, v0x6000010c1950_0, v0x6000010c17a0_0;
L_0x6000013ce300 .part L_0x6000013ce1c0, 0, 5;
L_0x6000013ce3a0 .cmp/eq 32, v0x6000010c18c0_0, L_0x1500883b8;
L_0x6000013ce440 .part v0x6000010c18c0_0, 31, 1;
L_0x6000013ce4e0 .cmp/gt.s 32, L_0x6000013ce1c0, L_0x6000013ce260;
L_0x6000013ce580 .cmp/gt 32, L_0x6000013ce1c0, L_0x6000013ce260;
S_0x14a614430 .scope module, "auipcmux" "mux2" 11 66, 13 4 0, S_0x14a6149d0;
 .timescale -9 -9;
    .port_info 0 /INPUT 32 "d0";
    .port_info 1 /INPUT 32 "d1";
    .port_info 2 /INPUT 1 "sel";
    .port_info 3 /OUTPUT 32 "y";
P_0x6000037e6700 .param/l "WIDTH" 0 13 4, +C4<00000000000000000000000000100000>;
v0x6000010c1cb0_0 .net "d0", 31 0, L_0x6000013cdb80;  alias, 1 drivers
v0x6000010c1d40_0 .net "d1", 31 0, v0x6000010c2be0_0;  alias, 1 drivers
v0x6000010c1dd0_0 .net "sel", 0 0, L_0x6000013cd220;  alias, 1 drivers
v0x6000010c1e60_0 .net "y", 31 0, L_0x6000013ce260;  alias, 1 drivers
L_0x6000013ce260 .functor MUXZ 32, L_0x6000013cdb80, v0x6000010c2be0_0, L_0x6000013cd220, C4<>;
S_0x14a613740 .scope module, "ext" "imm_extend" 11 56, 14 3 0, S_0x14a6149d0;
 .timescale -9 -9;
    .port_info 0 /INPUT 25 "instr";
    .port_info 1 /INPUT 3 "immsrc";
    .port_info 2 /OUTPUT 32 "immext";
v0x6000010c1ef0_0 .var "immext", 31 0;
v0x6000010c1f80_0 .net "immsrc", 2 0, L_0x6000013ccc80;  alias, 1 drivers
v0x6000010c2010_0 .net "instr", 31 7, L_0x6000013ce120;  1 drivers
E_0x6000037e6880 .event anyedge, v0x6000010c0120_0, v0x6000010c2010_0;
S_0x14a6138b0 .scope module, "jalrmux" "mux2" 11 47, 13 4 0, S_0x14a6149d0;
 .timescale -9 -9;
    .port_info 0 /INPUT 32 "d0";
    .port_info 1 /INPUT 32 "d1";
    .port_info 2 /INPUT 1 "sel";
    .port_info 3 /OUTPUT 32 "y";
P_0x6000037e6900 .param/l "WIDTH" 0 13 4, +C4<00000000000000000000000000100000>;
v0x6000010c20a0_0 .net "d0", 31 0, L_0x6000013cd680;  alias, 1 drivers
v0x6000010c2130_0 .net "d1", 31 0, L_0x6000009c98f0;  alias, 1 drivers
v0x6000010c21c0_0 .net "sel", 0 0, L_0x6000013cd2c0;  alias, 1 drivers
v0x6000010c2250_0 .net "y", 31 0, L_0x6000013cd7c0;  alias, 1 drivers
L_0x6000013cd7c0 .functor MUXZ 32, L_0x6000013cd680, L_0x6000009c98f0, L_0x6000013cd2c0, C4<>;
S_0x14a62bbb0 .scope module, "luimux" "mux2" 11 106, 13 4 0, S_0x14a6149d0;
 .timescale -9 -9;
    .port_info 0 /INPUT 32 "d0";
    .port_info 1 /INPUT 32 "d1";
    .port_info 2 /INPUT 1 "sel";
    .port_info 3 /OUTPUT 32 "y";
P_0x6000037e6a00 .param/l "WIDTH" 0 13 4, +C4<00000000000000000000000000100000>;
v0x6000010c22e0_0 .net "d0", 31 0, L_0x6000013cfca0;  alias, 1 drivers
v0x6000010c2370_0 .net "d1", 31 0, v0x6000010c1ef0_0;  alias, 1 drivers
v0x6000010c2400_0 .net "sel", 0 0, L_0x6000013cd180;  alias, 1 drivers
v0x6000010c2490_0 .net "y", 31 0, L_0x6000013cfd40;  alias, 1 drivers
L_0x6000013cfd40 .functor MUXZ 32, L_0x6000013cfca0, v0x6000010c1ef0_0, L_0x6000013cd180, C4<>;
S_0x14a62bd20 .scope module, "pcadd4" "adder" 11 35, 15 4 0, S_0x14a6149d0;
 .timescale -9 -9;
    .port_info 0 /INPUT 32 "a";
    .port_info 1 /INPUT 32 "b";
    .port_info 2 /OUTPUT 32 "sum";
P_0x6000037e6ac0 .param/l "WIDTH" 0 15 4, +C4<00000000000000000000000000100000>;
v0x6000010c2520_0 .net "a", 31 0, v0x6000010c2be0_0;  alias, 1 drivers
L_0x1500880e8 .functor BUFT 1, C4<00000000000000000000000000000100>, C4<0>, C4<0>, C4<0>;
v0x6000010c25b0_0 .net "b", 31 0, L_0x1500880e8;  1 drivers
v0x6000010c2640_0 .net "sum", 31 0, L_0x6000013cd5e0;  alias, 1 drivers
L_0x6000013cd5e0 .arith/sum 32, v0x6000010c2be0_0, L_0x1500880e8;
S_0x14a62be90 .scope module, "pcaddbranch" "adder" 11 36, 15 4 0, S_0x14a6149d0;
 .timescale -9 -9;
    .port_info 0 /INPUT 32 "a";
    .port_info 1 /INPUT 32 "b";
    .port_info 2 /OUTPUT 32 "sum";
P_0x6000037e6b80 .param/l "WIDTH" 0 15 4, +C4<00000000000000000000000000100000>;
v0x6000010c26d0_0 .net "a", 31 0, v0x6000010c2be0_0;  alias, 1 drivers
v0x6000010c2760_0 .net "b", 31 0, v0x6000010c1ef0_0;  alias, 1 drivers
v0x6000010c27f0_0 .net "sum", 31 0, L_0x6000013cd680;  alias, 1 drivers
L_0x6000013cd680 .arith/sum 32, v0x6000010c2be0_0, v0x6000010c1ef0_0;
S_0x14a62c000 .scope module, "pcmux" "mux2" 11 48, 13 4 0, S_0x14a6149d0;
 .timescale -9 -9;
    .port_info 0 /INPUT 32 "d0";
    .port_info 1 /INPUT 32 "d1";
    .port_info 2 /INPUT 1 "sel";
    .port_info 3 /OUTPUT 32 "y";
P_0x6000037e6c40 .param/l "WIDTH" 0 13 4, +C4<00000000000000000000000000100000>;
v0x6000010c2880_0 .net "d0", 31 0, L_0x6000013cd5e0;  alias, 1 drivers
v0x6000010c2910_0 .net "d1", 31 0, L_0x6000013cd7c0;  alias, 1 drivers
v0x6000010c29a0_0 .net "sel", 0 0, L_0x6000009c9810;  alias, 1 drivers
v0x6000010c2a30_0 .net "y", 31 0, L_0x6000013cd860;  alias, 1 drivers
L_0x6000013cd860 .functor MUXZ 32, L_0x6000013cd5e0, L_0x6000013cd7c0, L_0x6000009c9810, C4<>;
S_0x14a62c170 .scope module, "pcreg" "reset_ff" 11 34, 16 4 0, S_0x14a6149d0;
 .timescale -9 -9;
    .port_info 0 /INPUT 1 "clk";
    .port_info 1 /INPUT 1 "rst";
    .port_info 2 /INPUT 32 "d";
    .port_info 3 /OUTPUT 32 "q";
P_0x6000037e69c0 .param/l "WIDTH" 0 16 4, +C4<00000000000000000000000000100000>;
v0x6000010c2ac0_0 .net "clk", 0 0, v0x6000010d9680_0;  alias, 1 drivers
v0x6000010c2b50_0 .net "d", 31 0, L_0x6000013cd860;  alias, 1 drivers
v0x6000010c2be0_0 .var "q", 31 0;
v0x6000010c2c70_0 .net "rst", 0 0, v0x6000010d9950_0;  alias, 1 drivers
E_0x6000037e6d00 .event posedge, v0x6000010c2c70_0, v0x6000010cf4e0_0;
S_0x14a615c20 .scope module, "resultmux" "mux3" 11 101, 17 4 0, S_0x14a6149d0;
 .timescale -9 -9;
    .port_info 0 /INPUT 32 "d0";
    .port_info 1 /INPUT 32 "d1";
    .port_info 2 /INPUT 32 "d2";
    .port_info 3 /INPUT 2 "sel";
    .port_info 4 /OUTPUT 32 "y";
P_0x6000037e6b40 .param/l "WIDTH" 0 17 4, +C4<00000000000000000000000000100000>;
v0x6000010c2d00_0 .net *"_ivl_1", 0 0, L_0x6000013cfac0;  1 drivers
v0x6000010c2d90_0 .net *"_ivl_3", 0 0, L_0x6000013cfb60;  1 drivers
v0x6000010c2e20_0 .net *"_ivl_4", 31 0, L_0x6000013cfc00;  1 drivers
v0x6000010c2eb0_0 .net "d0", 31 0, v0x6000010c18c0_0;  alias, 1 drivers
v0x6000010c2f40_0 .net "d1", 31 0, L_0x6000013cfa20;  alias, 1 drivers
v0x6000010c2fd0_0 .net "d2", 31 0, L_0x6000013cd5e0;  alias, 1 drivers
v0x6000010c3060_0 .net "sel", 1 0, L_0x6000013cce60;  alias, 1 drivers
v0x6000010c30f0_0 .net "y", 31 0, L_0x6000013cfca0;  alias, 1 drivers
L_0x6000013cfac0 .part L_0x6000013cce60, 1, 1;
L_0x6000013cfb60 .part L_0x6000013cce60, 0, 1;
L_0x6000013cfc00 .functor MUXZ 32, v0x6000010c18c0_0, L_0x6000013cfa20, L_0x6000013cfb60, C4<>;
L_0x6000013cfca0 .functor MUXZ 32, L_0x6000013cfc00, L_0x6000013cd5e0, L_0x6000013cfac0, C4<>;
S_0x14a615d90 .scope module, "rf" "reg_file" 11 53, 18 8 0, S_0x14a6149d0;
 .timescale -9 -9;
    .port_info 0 /INPUT 1 "clk";
    .port_info 1 /INPUT 1 "wr_en";
    .port_info 2 /INPUT 5 "rd_addr1";
    .port_info 3 /INPUT 5 "rd_addr2";
    .port_info 4 /INPUT 5 "wr_addr";
    .port_info 5 /INPUT 32 "wr_data";
    .port_info 6 /OUTPUT 32 "rd_data1";
    .port_info 7 /OUTPUT 32 "rd_data2";
P_0x6000037e6e40 .param/l "DATA_WIDTH" 0 18 8, +C4<00000000000000000000000000100000>;
v0x6000010c3180_0 .net *"_ivl_0", 31 0, L_0x6000013cd900;  1 drivers
v0x6000010c3210_0 .net *"_ivl_10", 6 0, L_0x6000013cdae0;  1 drivers
L_0x150088208 .functor BUFT 1, C4<00>, C4<0>, C4<0>, C4<0>;
v0x6000010c32a0_0 .net *"_ivl_13", 1 0, L_0x150088208;  1 drivers
L_0x150088250 .functor BUFT 1, C4<00000000000000000000000000000000>, C4<0>, C4<0>, C4<0>;
v0x6000010c3330_0 .net/2u *"_ivl_14", 31 0, L_0x150088250;  1 drivers
v0x6000010c33c0_0 .net *"_ivl_18", 31 0, L_0x6000013cdc20;  1 drivers
L_0x150088298 .functor BUFT 1, C4<000000000000000000000000000>, C4<0>, C4<0>, C4<0>;
v0x6000010c3450_0 .net *"_ivl_21", 26 0, L_0x150088298;  1 drivers
L_0x1500882e0 .functor BUFT 1, C4<00000000000000000000000000000000>, C4<0>, C4<0>, C4<0>;
v0x6000010c34e0_0 .net/2u *"_ivl_22", 31 0, L_0x1500882e0;  1 drivers
v0x6000010c3570_0 .net *"_ivl_24", 0 0, L_0x6000013cdcc0;  1 drivers
v0x6000010c3600_0 .net *"_ivl_26", 31 0, L_0x6000013cdd60;  1 drivers
v0x6000010c3690_0 .net *"_ivl_28", 6 0, L_0x6000013cde00;  1 drivers
L_0x150088178 .functor BUFT 1, C4<000000000000000000000000000>, C4<0>, C4<0>, C4<0>;
v0x6000010c3720_0 .net *"_ivl_3", 26 0, L_0x150088178;  1 drivers
L_0x150088328 .functor BUFT 1, C4<00>, C4<0>, C4<0>, C4<0>;
v0x6000010c37b0_0 .net *"_ivl_31", 1 0, L_0x150088328;  1 drivers
L_0x150088370 .functor BUFT 1, C4<00000000000000000000000000000000>, C4<0>, C4<0>, C4<0>;
v0x6000010c3840_0 .net/2u *"_ivl_32", 31 0, L_0x150088370;  1 drivers
L_0x1500881c0 .functor BUFT 1, C4<00000000000000000000000000000000>, C4<0>, C4<0>, C4<0>;
v0x6000010c38d0_0 .net/2u *"_ivl_4", 31 0, L_0x1500881c0;  1 drivers
v0x6000010c3960_0 .net *"_ivl_6", 0 0, L_0x6000013cd9a0;  1 drivers
v0x6000010c39f0_0 .net *"_ivl_8", 31 0, L_0x6000013cda40;  1 drivers
v0x6000010c3a80_0 .net "clk", 0 0, v0x6000010d9680_0;  alias, 1 drivers
v0x6000010c3b10_0 .var/i "i", 31 0;
v0x6000010c3ba0_0 .net "rd_addr1", 4 0, L_0x6000013cdf40;  1 drivers
v0x6000010c3c30_0 .net "rd_addr2", 4 0, L_0x6000013cdfe0;  1 drivers
v0x6000010c3cc0_0 .net "rd_data1", 31 0, L_0x6000013cdb80;  alias, 1 drivers
v0x6000010c3d50_0 .net "rd_data2", 31 0, L_0x6000013cdea0;  alias, 1 drivers
v0x6000010c3de0 .array "reg_file_arr", 31 0, 31 0;
v0x6000010c3e70_0 .net "wr_addr", 4 0, L_0x6000013ce080;  1 drivers
v0x6000010c3f00_0 .net "wr_data", 31 0, L_0x6000013cfd40;  alias, 1 drivers
v0x6000010dc000_0 .net "wr_en", 0 0, L_0x6000013ccbe0;  alias, 1 drivers
L_0x6000013cd900 .concat [ 5 27 0 0], L_0x6000013cdf40, L_0x150088178;
L_0x6000013cd9a0 .cmp/ne 32, L_0x6000013cd900, L_0x1500881c0;
L_0x6000013cda40 .array/port v0x6000010c3de0, L_0x6000013cdae0;
L_0x6000013cdae0 .concat [ 5 2 0 0], L_0x6000013cdf40, L_0x150088208;
L_0x6000013cdb80 .functor MUXZ 32, L_0x150088250, L_0x6000013cda40, L_0x6000013cd9a0, C4<>;
L_0x6000013cdc20 .concat [ 5 27 0 0], L_0x6000013cdfe0, L_0x150088298;
L_0x6000013cdcc0 .cmp/ne 32, L_0x6000013cdc20, L_0x1500882e0;
L_0x6000013cdd60 .array/port v0x6000010c3de0, L_0x6000013cde00;
L_0x6000013cde00 .concat [ 5 2 0 0], L_0x6000013cdfe0, L_0x150088328;
L_0x6000013cdea0 .functor MUXZ 32, L_0x150088370, L_0x6000013cdd60, L_0x6000013cdcc0, C4<>;
S_0x14a615f00 .scope module, "srcbmux" "mux2" 11 61, 13 4 0, S_0x14a6149d0;
 .timescale -9 -9;
    .port_info 0 /INPUT 32 "d0";
    .port_info 1 /INPUT 32 "d1";
    .port_info 2 /INPUT 1 "sel";
    .port_info 3 /OUTPUT 32 "y";
P_0x6000037e6ec0 .param/l "WIDTH" 0 13 4, +C4<00000000000000000000000000100000>;
v0x6000010dc090_0 .net "d0", 31 0, L_0x6000013cdea0;  alias, 1 drivers
v0x6000010dc120_0 .net "d1", 31 0, v0x6000010c1ef0_0;  alias, 1 drivers
v0x6000010dc1b0_0 .net "sel", 0 0, L_0x6000013ccd20;  alias, 1 drivers
v0x6000010dc240_0 .net "y", 31 0, L_0x6000013ce1c0;  alias, 1 drivers
L_0x6000013ce1c0 .functor MUXZ 32, L_0x6000013cdea0, v0x6000010c1ef0_0, L_0x6000013ccd20, C4<>;
    .scope S_0x14a6152f0;
T_0 ;
    %wait E_0x6000037e6580;
    %load/vec4 v0x6000010c0900_0;
    %dup/vec4;
    %pushi/vec4 3, 0, 7;
    %cmp/u;
    %jmp/1 T_0.0, 6;
    %dup/vec4;
    %pushi/vec4 35, 0, 7;
    %cmp/u;
    %jmp/1 T_0.1, 6;
    %dup/vec4;
    %pushi/vec4 51, 0, 7;
    %cmp/u;
    %jmp/1 T_0.2, 6;
    %dup/vec4;
    %pushi/vec4 99, 0, 7;
    %cmp/u;
    %jmp/1 T_0.3, 6;
    %dup/vec4;
    %pushi/vec4 19, 0, 7;
    %cmp/u;
    %jmp/1 T_0.4, 6;
    %dup/vec4;
    %pushi/vec4 111, 0, 7;
    %cmp/u;
    %jmp/1 T_0.5, 6;
    %dup/vec4;
    %pushi/vec4 55, 0, 7;
    %cmp/u;
    %jmp/1 T_0.6, 6;
    %dup/vec4;
    %pushi/vec4 23, 0, 7;
    %cmp/u;
    %jmp/1 T_0.7, 6;
    %dup/vec4;
    %pushi/vec4 103, 0, 7;
    %cmp/u;
    %jmp/1 T_0.8, 6;
    %pushi/vec4 8191, 8191, 13;
    %store/vec4 v0x6000010c07e0_0, 0, 13;
    %jmp T_0.10;
T_0.0 ;
    %pushi/vec4 2192, 0, 13;
    %store/vec4 v0x6000010c07e0_0, 0, 13;
    %jmp T_0.10;
T_0.1 ;
    %pushi/vec4 448, 0, 13;
    %store/vec4 v0x6000010c07e0_0, 0, 13;
    %jmp T_0.10;
T_0.2 ;
    %pushi/vec4 2052, 0, 13;
    %store/vec4 v0x6000010c07e0_0, 0, 13;
    %jmp T_0.10;
T_0.3 ;
    %pushi/vec4 522, 0, 13;
    %store/vec4 v0x6000010c07e0_0, 0, 13;
    %jmp T_0.10;
T_0.4 ;
    %pushi/vec4 2180, 0, 13;
    %store/vec4 v0x6000010c07e0_0, 0, 13;
    %jmp T_0.10;
T_0.5 ;
    %pushi/vec4 2849, 0, 13;
    %store/vec4 v0x6000010c07e0_0, 0, 13;
    %jmp T_0.10;
T_0.6 ;
    %pushi/vec4 3072, 0, 13;
    %store/vec4 v0x6000010c07e0_0, 0, 13;
    %jmp T_0.10;
T_0.7 ;
    %pushi/vec4 3200, 0, 13;
    %store/vec4 v0x6000010c07e0_0, 0, 13;
    %jmp T_0.10;
T_0.8 ;
    %pushi/vec4 2209, 0, 13;
    %store/vec4 v0x6000010c07e0_0, 0, 13;
    %jmp T_0.10;
T_0.10 ;
    %pop/vec4 1;
    %jmp T_0;
    .thread T_0, $push;
    .scope S_0x14a615180;
T_1 ;
    %wait E_0x6000037e6500;
    %load/vec4 v0x6000010cfc30_0;
    %dup/vec4;
    %pushi/vec4 0, 0, 2;
    %cmp/u;
    %jmp/1 T_1.0, 6;
    %dup/vec4;
    %pushi/vec4 1, 0, 2;
    %cmp/u;
    %jmp/1 T_1.1, 6;
    %load/vec4 v0x6000010cfcc0_0;
    %dup/vec4;
    %pushi/vec4 0, 0, 3;
    %cmp/u;
    %jmp/1 T_1.4, 6;
    %dup/vec4;
    %pushi/vec4 1, 0, 3;
    %cmp/u;
    %jmp/1 T_1.5, 6;
    %dup/vec4;
    %pushi/vec4 2, 0, 3;
    %cmp/u;
    %jmp/1 T_1.6, 6;
    %dup/vec4;
    %pushi/vec4 3, 0, 3;
    %cmp/u;
    %jmp/1 T_1.7, 6;
    %dup/vec4;
    %pushi/vec4 4, 0, 3;
    %cmp/u;
    %jmp/1 T_1.8, 6;
    %dup/vec4;
    %pushi/vec4 5, 0, 3;
    %cmp/u;
    %jmp/1 T_1.9, 6;
    %dup/vec4;
    %pushi/vec4 6, 0, 3;
    %cmp/u;
    %jmp/1 T_1.10, 6;
    %dup/vec4;
    %pushi/vec4 7, 0, 3;
    %cmp/u;
    %jmp/1 T_1.11, 6;
    %jmp T_1.12;
T_1.4 ;
    %load/vec4 v0x6000010cfd50_0;
    %load/vec4 v0x6000010cfde0_0;
    %and;
    %flag_set/vec4 8;
    %jmp/0xz  T_1.13, 8;
    %pushi/vec4 1, 0, 4;
    %store/vec4 v0x6000010cfba0_0, 0, 4;
    %jmp T_1.14;
T_1.13 ;
    %pushi/vec4 0, 0, 4;
    %store/vec4 v0x6000010cfba0_0, 0, 4;
T_1.14 ;
    %jmp T_1.12;
T_1.5 ;
    %pushi/vec4 7, 0, 4;
    %store/vec4 v0x6000010cfba0_0, 0, 4;
    %jmp T_1.12;
T_1.6 ;
    %pushi/vec4 5, 0, 4;
    %store/vec4 v0x6000010cfba0_0, 0, 4;
    %jmp T_1.12;
T_1.7 ;
    %pushi/vec4 6, 0, 4;
    %store/vec4 v0x6000010cfba0_0, 0, 4;
    %jmp T_1.12;
T_1.8 ;
    %pushi/vec4 4, 0, 4;
    %store/vec4 v0x6000010cfba0_0, 0, 4;
    %jmp T_1.12;
T_1.9 ;
    %load/vec4 v0x6000010cfd50_0;
    %flag_set/vec4 8;
    %jmp/0xz  T_1.15, 8;
    %pushi/vec4 9, 0, 4;
    %store/vec4 v0x6000010cfba0_0, 0, 4;
    %jmp T_1.16;
T_1.15 ;
    %pushi/vec4 8, 0, 4;
    %store/vec4 v0x6000010cfba0_0, 0, 4;
T_1.16 ;
    %jmp T_1.12;
T_1.10 ;
    %pushi/vec4 3, 0, 4;
    %store/vec4 v0x6000010cfba0_0, 0, 4;
    %jmp T_1.12;
T_1.11 ;
    %pushi/vec4 2, 0, 4;
    %store/vec4 v0x6000010cfba0_0, 0, 4;
    %jmp T_1.12;
T_1.12 ;
    %pop/vec4 1;
    %jmp T_1.3;
T_1.0 ;
    %pushi/vec4 0, 0, 4;
    %store/vec4 v0x6000010cfba0_0, 0, 4;
    %jmp T_1.3;
T_1.1 ;
    %pushi/vec4 1, 0, 4;
    %store/vec4 v0x6000010cfba0_0, 0, 4;
    %jmp T_1.3;
T_1.3 ;
    %pop/vec4 1;
    %jmp T_1;
    .thread T_1, $push;
    .scope S_0x14a615840;
T_2 ;
    %wait E_0x6000037e64c0;
    %load/vec4 v0x6000010c0bd0_0;
    %dup/vec4;
    %pushi/vec4 0, 0, 3;
    %cmp/u;
    %jmp/1 T_2.0, 6;
    %dup/vec4;
    %pushi/vec4 1, 0, 3;
    %cmp/u;
    %jmp/1 T_2.1, 6;
    %dup/vec4;
    %pushi/vec4 4, 0, 3;
    %cmp/u;
    %jmp/1 T_2.2, 6;
    %dup/vec4;
    %pushi/vec4 5, 0, 3;
    %cmp/u;
    %jmp/1 T_2.3, 6;
    %dup/vec4;
    %pushi/vec4 6, 0, 3;
    %cmp/u;
    %jmp/1 T_2.4, 6;
    %dup/vec4;
    %pushi/vec4 7, 0, 3;
    %cmp/u;
    %jmp/1 T_2.5, 6;
    %pushi/vec4 0, 0, 1;
    %store/vec4 v0x6000010c1440_0, 0, 1;
    %jmp T_2.7;
T_2.0 ;
    %load/vec4 v0x6000010c1320_0;
    %store/vec4 v0x6000010c1440_0, 0, 1;
    %jmp T_2.7;
T_2.1 ;
    %load/vec4 v0x6000010c1320_0;
    %inv;
    %store/vec4 v0x6000010c1440_0, 0, 1;
    %jmp T_2.7;
T_2.2 ;
    %load/vec4 v0x6000010c0f30_0;
    %store/vec4 v0x6000010c1440_0, 0, 1;
    %jmp T_2.7;
T_2.3 ;
    %load/vec4 v0x6000010c0f30_0;
    %inv;
    %store/vec4 v0x6000010c1440_0, 0, 1;
    %jmp T_2.7;
T_2.4 ;
    %load/vec4 v0x6000010c0fc0_0;
    %store/vec4 v0x6000010c1440_0, 0, 1;
    %jmp T_2.7;
T_2.5 ;
    %load/vec4 v0x6000010c0fc0_0;
    %inv;
    %store/vec4 v0x6000010c1440_0, 0, 1;
    %jmp T_2.7;
T_2.7 ;
    %pop/vec4 1;
    %jmp T_2;
    .thread T_2, $push;
    .scope S_0x14a62c170;
T_3 ;
    %wait E_0x6000037e6d00;
    %load/vec4 v0x6000010c2c70_0;
    %flag_set/vec4 8;
    %jmp/0xz  T_3.0, 8;
    %pushi/vec4 0, 0, 32;
    %assign/vec4 v0x6000010c2be0_0, 0;
    %jmp T_3.1;
T_3.0 ;
    %load/vec4 v0x6000010c2b50_0;
    %assign/vec4 v0x6000010c2be0_0, 0;
T_3.1 ;
    %jmp T_3;
    .thread T_3;
    .scope S_0x14a615d90;
T_4 ;
    %pushi/vec4 0, 0, 32;
    %store/vec4 v0x6000010c3b10_0, 0, 32;
T_4.0 ; Top of for-loop
    %load/vec4 v0x6000010c3b10_0;
    %cmpi/s 32, 0, 32;
	  %jmp/0xz T_4.1, 5;
    %pushi/vec4 0, 0, 32;
    %ix/getv/s 4, v0x6000010c3b10_0;
    %store/vec4a v0x6000010c3de0, 4, 0;
T_4.2 ; for-loop step statement
    %load/vec4 v0x6000010c3b10_0;
    %addi 1, 0, 32;
    %store/vec4 v0x6000010c3b10_0, 0, 32;
    %jmp T_4.0;
T_4.1 ; for-loop exit label
    %end;
    .thread T_4;
    .scope S_0x14a615d90;
T_5 ;
    %wait E_0x6000037e6340;
    %load/vec4 v0x6000010dc000_0;
    %flag_set/vec4 8;
    %jmp/0xz  T_5.0, 8;
    %load/vec4 v0x6000010c3f00_0;
    %load/vec4 v0x6000010c3e70_0;
    %pad/u 7;
    %ix/vec4 3;
    %ix/load 4, 0, 0; Constant delay
    %assign/vec4/a/d v0x6000010c3de0, 0, 4;
T_5.0 ;
    %jmp T_5;
    .thread T_5;
    .scope S_0x14a613740;
T_6 ;
    %wait E_0x6000037e6880;
    %load/vec4 v0x6000010c1f80_0;
    %dup/vec4;
    %pushi/vec4 0, 0, 3;
    %cmp/u;
    %jmp/1 T_6.0, 6;
    %dup/vec4;
    %pushi/vec4 1, 0, 3;
    %cmp/u;
    %jmp/1 T_6.1, 6;
    %dup/vec4;
    %pushi/vec4 2, 0, 3;
    %cmp/u;
    %jmp/1 T_6.2, 6;
    %dup/vec4;
    %pushi/vec4 3, 0, 3;
    %cmp/u;
    %jmp/1 T_6.3, 6;
    %dup/vec4;
    %pushi/vec4 4, 0, 3;
    %cmp/u;
    %jmp/1 T_6.4, 6;
    %pushi/vec4 4294967295, 4294967295, 32;
    %store/vec4 v0x6000010c1ef0_0, 0, 32;
    %jmp T_6.6;
T_6.0 ;
    %load/vec4 v0x6000010c2010_0;
    %parti/s 1, 24, 6;
    %replicate 20;
    %load/vec4 v0x6000010c2010_0;
    %parti/s 12, 13, 5;
    %concat/vec4; draw_concat_vec4
    %store/vec4 v0x6000010c1ef0_0, 0, 32;
    %jmp T_6.6;
T_6.1 ;
    %load/vec4 v0x6000010c2010_0;
    %parti/s 1, 24, 6;
    %replicate 20;
    %load/vec4 v0x6000010c2010_0;
    %parti/s 7, 18, 6;
    %concat/vec4; draw_concat_vec4
    %load/vec4 v0x6000010c2010_0;
    %parti/s 5, 0, 2;
    %concat/vec4; draw_concat_vec4
    %store/vec4 v0x6000010c1ef0_0, 0, 32;
    %jmp T_6.6;
T_6.2 ;
    %load/vec4 v0x6000010c2010_0;
    %parti/s 1, 24, 6;
    %replicate 20;
    %load/vec4 v0x6000010c2010_0;
    %parti/s 1, 0, 2;
    %concat/vec4; draw_concat_vec4
    %load/vec4 v0x6000010c2010_0;
    %parti/s 6, 18, 6;
    %concat/vec4; draw_concat_vec4
    %load/vec4 v0x6000010c2010_0;
    %parti/s 4, 1, 2;
    %concat/vec4; draw_concat_vec4
    %concati/vec4 0, 0, 1;
    %store/vec4 v0x6000010c1ef0_0, 0, 32;
    %jmp T_6.6;
T_6.3 ;
    %load/vec4 v0x6000010c2010_0;
    %parti/s 1, 24, 6;
    %replicate 12;
    %load/vec4 v0x6000010c2010_0;
    %parti/s 8, 5, 4;
    %concat/vec4; draw_concat_vec4
    %load/vec4 v0x6000010c2010_0;
    %parti/s 1, 13, 5;
    %concat/vec4; draw_concat_vec4
    %load/vec4 v0x6000010c2010_0;
    %parti/s 10, 14, 5;
    %concat/vec4; draw_concat_vec4
    %concati/vec4 0, 0, 1;
    %store/vec4 v0x6000010c1ef0_0, 0, 32;
    %jmp T_6.6;
T_6.4 ;
    %load/vec4 v0x6000010c2010_0;
    %parti/s 20, 5, 4;
    %concati/vec4 0, 0, 12;
    %store/vec4 v0x6000010c1ef0_0, 0, 32;
    %jmp T_6.6;
T_6.6 ;
    %pop/vec4 1;
    %jmp T_6;
    .thread T_6, $push;
    .scope S_0x14a6142c0;
T_7 ;
    %wait E_0x6000037e6740;
    %load/vec4 v0x6000010c1830_0;
    %dup/vec4;
    %pushi/vec4 0, 0, 4;
    %cmp/u;
    %jmp/1 T_7.0, 6;
    %dup/vec4;
    %pushi/vec4 1, 0, 4;
    %cmp/u;
    %jmp/1 T_7.1, 6;
    %dup/vec4;
    %pushi/vec4 2, 0, 4;
    %cmp/u;
    %jmp/1 T_7.2, 6;
    %dup/vec4;
    %pushi/vec4 3, 0, 4;
    %cmp/u;
    %jmp/1 T_7.3, 6;
    %dup/vec4;
    %pushi/vec4 4, 0, 4;
    %cmp/u;
    %jmp/1 T_7.4, 6;
    %dup/vec4;
    %pushi/vec4 5, 0, 4;
    %cmp/u;
    %jmp/1 T_7.5, 6;
    %dup/vec4;
    %pushi/vec4 6, 0, 4;
    %cmp/u;
    %jmp/1 T_7.6, 6;
    %dup/vec4;
    %pushi/vec4 7, 0, 4;
    %cmp/u;
    %jmp/1 T_7.7, 6;
    %dup/vec4;
    %pushi/vec4 8, 0, 4;
    %cmp/u;
    %jmp/1 T_7.8, 6;
    %dup/vec4;
    %pushi/vec4 9, 0, 4;
    %cmp/u;
    %jmp/1 T_7.9, 6;
    %pushi/vec4 0, 0, 32;
    %assign/vec4 v0x6000010c18c0_0, 0;
    %jmp T_7.11;
T_7.0 ;
    %load/vec4 v0x6000010c17a0_0;
    %load/vec4 v0x6000010c1950_0;
    %add;
    %assign/vec4 v0x6000010c18c0_0, 0;
    %jmp T_7.11;
T_7.1 ;
    %load/vec4 v0x6000010c17a0_0;
    %load/vec4 v0x6000010c1950_0;
    %sub;
    %assign/vec4 v0x6000010c18c0_0, 0;
    %jmp T_7.11;
T_7.2 ;
    %load/vec4 v0x6000010c17a0_0;
    %load/vec4 v0x6000010c1950_0;
    %and;
    %assign/vec4 v0x6000010c18c0_0, 0;
    %jmp T_7.11;
T_7.3 ;
    %load/vec4 v0x6000010c17a0_0;
    %load/vec4 v0x6000010c1950_0;
    %or;
    %assign/vec4 v0x6000010c18c0_0, 0;
    %jmp T_7.11;
T_7.4 ;
    %load/vec4 v0x6000010c17a0_0;
    %load/vec4 v0x6000010c1950_0;
    %xor;
    %assign/vec4 v0x6000010c18c0_0, 0;
    %jmp T_7.11;
T_7.5 ;
    %load/vec4 v0x6000010c17a0_0;
    %load/vec4 v0x6000010c1950_0;
    %cmp/s;
    %flag_mov 8, 5;
    %jmp/0 T_7.12, 8;
    %pushi/vec4 1, 0, 32;
    %jmp/1 T_7.13, 8;
T_7.12 ; End of true expr.
    %pushi/vec4 0, 0, 32;
    %jmp/0 T_7.13, 8;
 ; End of false expr.
    %blend;
T_7.13;
    %assign/vec4 v0x6000010c18c0_0, 0;
    %jmp T_7.11;
T_7.6 ;
    %load/vec4 v0x6000010c17a0_0;
    %load/vec4 v0x6000010c1950_0;
    %cmp/u;
    %flag_mov 8, 5;
    %jmp/0 T_7.14, 8;
    %pushi/vec4 1, 0, 32;
    %jmp/1 T_7.15, 8;
T_7.14 ; End of true expr.
    %pushi/vec4 0, 0, 32;
    %jmp/0 T_7.15, 8;
 ; End of false expr.
    %blend;
T_7.15;
    %assign/vec4 v0x6000010c18c0_0, 0;
    %jmp T_7.11;
T_7.7 ;
    %load/vec4 v0x6000010c17a0_0;
    %ix/getv 4, v0x6000010c1b90_0;
    %shiftl 4;
    %assign/vec4 v0x6000010c18c0_0, 0;
    %jmp T_7.11;
T_7.8 ;
    %load/vec4 v0x6000010c17a0_0;
    %ix/getv 4, v0x6000010c1b90_0;
    %shiftr 4;
    %assign/vec4 v0x6000010c18c0_0, 0;
    %jmp T_7.11;
T_7.9 ;
    %load/vec4 v0x6000010c17a0_0;
    %ix/getv 4, v0x6000010c1b90_0;
    %shiftr/s 4;
    %assign/vec4 v0x6000010c18c0_0, 0;
    %jmp T_7.11;
T_7.11 ;
    %pop/vec4 1;
    %jmp T_7;
    .thread T_7, $push;
    .scope S_0x14a6149d0;
T_8 ;
    %wait E_0x6000037e6640;
    %load/vec4 v0x6000010df690_0;
    %store/vec4 v0x6000010df600_0, 0, 32;
    %load/vec4 v0x6000010df330_0;
    %dup/vec4;
    %pushi/vec4 0, 0, 3;
    %cmp/u;
    %jmp/1 T_8.0, 6;
    %dup/vec4;
    %pushi/vec4 1, 0, 3;
    %cmp/u;
    %jmp/1 T_8.1, 6;
    %load/vec4 v0x6000010dd4d0_0;
    %store/vec4 v0x6000010df600_0, 0, 32;
    %jmp T_8.3;
T_8.0 ;
    %load/vec4 v0x6000010df210_0;
    %dup/vec4;
    %pushi/vec4 0, 0, 2;
    %cmp/u;
    %jmp/1 T_8.4, 6;
    %dup/vec4;
    %pushi/vec4 1, 0, 2;
    %cmp/u;
    %jmp/1 T_8.5, 6;
    %dup/vec4;
    %pushi/vec4 2, 0, 2;
    %cmp/u;
    %jmp/1 T_8.6, 6;
    %dup/vec4;
    %pushi/vec4 3, 0, 2;
    %cmp/u;
    %jmp/1 T_8.7, 6;
    %jmp T_8.8;
T_8.4 ;
    %load/vec4 v0x6000010dd4d0_0;
    %parti/s 8, 0, 2;
    %ix/load 4, 0, 0;
    %flag_set/imm 4, 0;
    %store/vec4 v0x6000010df600_0, 4, 8;
    %jmp T_8.8;
T_8.5 ;
    %load/vec4 v0x6000010dd4d0_0;
    %parti/s 8, 0, 2;
    %ix/load 4, 8, 0;
    %flag_set/imm 4, 0;
    %store/vec4 v0x6000010df600_0, 4, 8;
    %jmp T_8.8;
T_8.6 ;
    %load/vec4 v0x6000010dd4d0_0;
    %parti/s 8, 0, 2;
    %ix/load 4, 16, 0;
    %flag_set/imm 4, 0;
    %store/vec4 v0x6000010df600_0, 4, 8;
    %jmp T_8.8;
T_8.7 ;
    %load/vec4 v0x6000010dd4d0_0;
    %parti/s 8, 0, 2;
    %ix/load 4, 24, 0;
    %flag_set/imm 4, 0;
    %store/vec4 v0x6000010df600_0, 4, 8;
    %jmp T_8.8;
T_8.8 ;
    %pop/vec4 1;
    %jmp T_8.3;
T_8.1 ;
    %load/vec4 v0x6000010df210_0;
    %parti/s 1, 1, 2;
    %flag_set/vec4 8;
    %jmp/0xz  T_8.9, 8;
    %load/vec4 v0x6000010dd4d0_0;
    %parti/s 16, 0, 2;
    %ix/load 4, 16, 0;
    %flag_set/imm 4, 0;
    %store/vec4 v0x6000010df600_0, 4, 16;
    %jmp T_8.10;
T_8.9 ;
    %load/vec4 v0x6000010dd4d0_0;
    %parti/s 16, 0, 2;
    %ix/load 4, 0, 0;
    %flag_set/imm 4, 0;
    %store/vec4 v0x6000010df600_0, 4, 16;
T_8.10 ;
    %jmp T_8.3;
T_8.3 ;
    %pop/vec4 1;
    %jmp T_8;
    .thread T_8, $push;
    .scope S_0x14a6170c0;
T_9 ;
    %vpi_call 6 14 "$readmemh", "../code/rv32i_test_1c.hex", v0x6000010cfb10 {0 0 0};
    %end;
    .thread T_9;
    .scope S_0x14a616f50;
T_10 ;
    %wait E_0x6000037e6340;
    %load/vec4 v0x6000010cf840_0;
    %flag_set/vec4 8;
    %jmp/0xz  T_10.0, 8;
    %load/vec4 v0x6000010cf7b0_0;
    %load/vec4 v0x6000010cf720_0;
    %parti/s 6, 2, 3;
    %pad/u 8;
    %ix/vec4 3;
    %ix/load 4, 0, 0; Constant delay
    %assign/vec4/a/d v0x6000010cf570, 0, 4;
T_10.0 ;
    %jmp T_10;
    .thread T_10;
    .scope S_0x14a616f50;
T_11 ;
    %pushi/vec4 0, 0, 32;
    %store/vec4 v0x6000010cf600_0, 0, 32;
T_11.0 ; Top of for-loop
    %load/vec4 v0x6000010cf600_0;
    %cmpi/s 64, 0, 32;
	  %jmp/0xz T_11.1, 5;
    %pushi/vec4 0, 0, 32;
    %ix/getv/s 4, v0x6000010cf600_0;
    %store/vec4a v0x6000010cf570, 4, 0;
T_11.2 ; for-loop step statement
    %load/vec4 v0x6000010cf600_0;
    %addi 1, 0, 32;
    %store/vec4 v0x6000010cf600_0, 0, 32;
    %jmp T_11.0;
T_11.1 ; for-loop exit label
    %end;
    .thread T_11;
    .scope S_0x14a62b710;
T_12 ;
    %pushi/vec4 0, 0, 32;
    %store/vec4 v0x6000010d9710_0, 0, 32;
    %pushi/vec4 0, 0, 32;
    %store/vec4 v0x6000010d98c0_0, 0, 32;
    %pushi/vec4 0, 0, 32;
    %store/vec4 v0x6000010d9830_0, 0, 32;
    %pushi/vec4 0, 0, 32;
    %store/vec4 v0x6000010d97a0_0, 0, 32;
    %end;
    .thread T_12;
    .scope S_0x14a62b710;
T_13 ;
    %pushi/vec4 1, 0, 1;
    %assign/vec4 v0x6000010d9680_0, 0;
    %delay 5, 0;
    %pushi/vec4 0, 0, 1;
    %assign/vec4 v0x6000010d9680_0, 0;
    %delay 5, 0;
    %jmp T_13;
    .thread T_13;
    .scope S_0x14a62b710;
T_14 ;
    %pushi/vec4 1, 0, 1;
    %store/vec4 v0x6000010d9950_0, 0, 1;
    %pushi/vec4 0, 0, 1;
    %store/vec4 v0x6000010d9290_0, 0, 1;
    %pushi/vec4 0, 0, 32;
    %store/vec4 v0x6000010d9200_0, 0, 32;
    %pushi/vec4 0, 0, 32;
    %store/vec4 v0x6000010d9320_0, 0, 32;
    %delay 10, 0;
    %pushi/vec4 0, 0, 1;
    %store/vec4 v0x6000010d9950_0, 0, 1;
    %end;
    .thread T_14;
    .scope S_0x14a62b710;
T_15 ;
    %wait E_0x6000037e6240;
    %load/vec4 v0x6000010d9440_0;
    %dup/vec4;
    %pushi/vec4 8, 0, 32;
    %cmp/u;
    %jmp/1 T_15.0, 6;
    %dup/vec4;
    %pushi/vec4 16, 0, 32;
    %cmp/u;
    %jmp/1 T_15.1, 6;
    %dup/vec4;
    %pushi/vec4 20, 0, 32;
    %cmp/u;
    %jmp/1 T_15.2, 6;
    %dup/vec4;
    %pushi/vec4 24, 0, 32;
    %cmp/u;
    %jmp/1 T_15.3, 6;
    %dup/vec4;
    %pushi/vec4 28, 0, 32;
    %cmp/u;
    %jmp/1 T_15.4, 6;
    %dup/vec4;
    %pushi/vec4 32, 0, 32;
    %cmp/u;
    %jmp/1 T_15.5, 6;
    %dup/vec4;
    %pushi/vec4 36, 0, 32;
    %cmp/u;
    %jmp/1 T_15.6, 6;
    %dup/vec4;
    %pushi/vec4 40, 0, 32;
    %cmp/u;
    %jmp/1 T_15.7, 6;
    %dup/vec4;
    %pushi/vec4 44, 0, 32;
    %cmp/u;
    %jmp/1 T_15.8, 6;
    %dup/vec4;
    %pushi/vec4 48, 0, 32;
    %cmp/u;
    %jmp/1 T_15.9, 6;
    %dup/vec4;
    %pushi/vec4 52, 0, 32;
    %cmp/u;
    %jmp/1 T_15.10, 6;
    %dup/vec4;
    %pushi/vec4 56, 0, 32;
    %cmp/u;
    %jmp/1 T_15.11, 6;
    %dup/vec4;
    %pushi/vec4 60, 0, 32;
    %cmp/u;
    %jmp/1 T_15.12, 6;
    %dup/vec4;
    %pushi/vec4 64, 0, 32;
    %cmp/u;
    %jmp/1 T_15.13, 6;
    %dup/vec4;
    %pushi/vec4 68, 0, 32;
    %cmp/u;
    %jmp/1 T_15.14, 6;
    %dup/vec4;
    %pushi/vec4 72, 0, 32;
    %cmp/u;
    %jmp/1 T_15.15, 6;
    %dup/vec4;
    %pushi/vec4 76, 0, 32;
    %cmp/u;
    %jmp/1 T_15.16, 6;
    %dup/vec4;
    %pushi/vec4 80, 0, 32;
    %cmp/u;
    %jmp/1 T_15.17, 6;
    %dup/vec4;
    %pushi/vec4 84, 0, 32;
    %cmp/u;
    %jmp/1 T_15.18, 6;
    %dup/vec4;
    %pushi/vec4 88, 0, 32;
    %cmp/u;
    %jmp/1 T_15.19, 6;
    %dup/vec4;
    %pushi/vec4 92, 0, 32;
    %cmp/u;
    %jmp/1 T_15.20, 6;
    %dup/vec4;
    %pushi/vec4 96, 0, 32;
    %cmp/u;
    %jmp/1 T_15.21, 6;
    %dup/vec4;
    %pushi/vec4 100, 0, 32;
    %cmp/u;
    %jmp/1 T_15.22, 6;
    %dup/vec4;
    %pushi/vec4 104, 0, 32;
    %cmp/u;
    %jmp/1 T_15.23, 6;
    %dup/vec4;
    %pushi/vec4 108, 0, 32;
    %cmp/u;
    %jmp/1 T_15.24, 6;
    %dup/vec4;
    %pushi/vec4 112, 0, 32;
    %cmp/u;
    %jmp/1 T_15.25, 6;
    %dup/vec4;
    %pushi/vec4 116, 0, 32;
    %cmp/u;
    %jmp/1 T_15.26, 6;
    %dup/vec4;
    %pushi/vec4 120, 0, 32;
    %cmp/u;
    %jmp/1 T_15.27, 6;
    %dup/vec4;
    %pushi/vec4 124, 0, 32;
    %cmp/u;
    %jmp/1 T_15.28, 6;
    %dup/vec4;
    %pushi/vec4 128, 0, 32;
    %cmp/u;
    %jmp/1 T_15.29, 6;
    %dup/vec4;
    %pushi/vec4 144, 0, 32;
    %cmp/u;
    %jmp/1 T_15.30, 6;
    %dup/vec4;
    %pushi/vec4 156, 0, 32;
    %cmp/u;
    %jmp/1 T_15.31, 6;
    %dup/vec4;
    %pushi/vec4 172, 0, 32;
    %cmp/u;
    %jmp/1 T_15.32, 6;
    %dup/vec4;
    %pushi/vec4 184, 0, 32;
    %cmp/u;
    %jmp/1 T_15.33, 6;
    %dup/vec4;
    %pushi/vec4 200, 0, 32;
    %cmp/u;
    %jmp/1 T_15.34, 6;
    %dup/vec4;
    %pushi/vec4 212, 0, 32;
    %cmp/u;
    %jmp/1 T_15.35, 6;
    %dup/vec4;
    %pushi/vec4 228, 0, 32;
    %cmp/u;
    %jmp/1 T_15.36, 6;
    %dup/vec4;
    %pushi/vec4 240, 0, 32;
    %cmp/u;
    %jmp/1 T_15.37, 6;
    %dup/vec4;
    %pushi/vec4 256, 0, 32;
    %cmp/u;
    %jmp/1 T_15.38, 6;
    %dup/vec4;
    %pushi/vec4 268, 0, 32;
    %cmp/u;
    %jmp/1 T_15.39, 6;
    %dup/vec4;
    %pushi/vec4 284, 0, 32;
    %cmp/u;
    %jmp/1 T_15.40, 6;
    %dup/vec4;
    %pushi/vec4 296, 0, 32;
    %cmp/u;
    %jmp/1 T_15.41, 6;
    %dup/vec4;
    %pushi/vec4 308, 0, 32;
    %cmp/u;
    %jmp/1 T_15.42, 6;
    %dup/vec4;
    %pushi/vec4 312, 0, 32;
    %cmp/u;
    %jmp/1 T_15.43, 6;
    %jmp T_15.44;
T_15.0 ;
    %load/vec4 v0x6000010d98c0_0;
    %addi 1, 0, 32;
    %store/vec4 v0x6000010d98c0_0, 0, 32;
    %load/vec4 v0x6000010d9560_0;
    %cmpi/e 4294967293, 0, 32;
    %jmp/0xz  T_15.45, 6;
    %vpi_call 3 111 "$display", "1. addi implementation is correct for x0 " {0 0 0};
    %jmp T_15.46;
T_15.45 ;
    %vpi_call 3 113 "$display", "1. addi implementation for x0 is incorrect" {0 0 0};
    %load/vec4 v0x6000010d9710_0;
    %addi 1, 0, 32;
    %store/vec4 v0x6000010d9710_0, 0, 32;
    %vpi_call 3 114 "$display", "Actual Result: %h", v0x6000010d9560_0 {0 0 0};
T_15.46 ;
    %jmp T_15.44;
T_15.1 ;
    %load/vec4 v0x6000010d98c0_0;
    %addi 1, 0, 32;
    %store/vec4 v0x6000010d98c0_0, 0, 32;
    %load/vec4 v0x6000010d9560_0;
    %cmpi/e 9, 0, 32;
    %jmp/0xz  T_15.47, 6;
    %vpi_call 3 120 "$display", "2. addi implementation is correct " {0 0 0};
    %jmp T_15.48;
T_15.47 ;
    %vpi_call 3 122 "$display", "2. addi implementation is incorrect" {0 0 0};
    %load/vec4 v0x6000010d9710_0;
    %addi 1, 0, 32;
    %store/vec4 v0x6000010d9710_0, 0, 32;
    %vpi_call 3 123 "$display", "Actual Result: %h", v0x6000010d9560_0 {0 0 0};
T_15.48 ;
    %jmp T_15.44;
T_15.2 ;
    %load/vec4 v0x6000010d98c0_0;
    %addi 1, 0, 32;
    %store/vec4 v0x6000010d98c0_0, 0, 32;
    %load/vec4 v0x6000010d9560_0;
    %cmpi/e 64, 0, 32;
    %jmp/0xz  T_15.49, 6;
    %vpi_call 3 129 "$display", "3. slli implementation is correct " {0 0 0};
    %jmp T_15.50;
T_15.49 ;
    %vpi_call 3 131 "$display", "3. slli implementation is incorrect" {0 0 0};
    %load/vec4 v0x6000010d9710_0;
    %addi 1, 0, 32;
    %store/vec4 v0x6000010d9710_0, 0, 32;
    %vpi_call 3 132 "$display", "Actual Result: %h", v0x6000010d9560_0 {0 0 0};
T_15.50 ;
    %jmp T_15.44;
T_15.3 ;
    %load/vec4 v0x6000010d98c0_0;
    %addi 1, 0, 32;
    %store/vec4 v0x6000010d98c0_0, 0, 32;
    %load/vec4 v0x6000010d9560_0;
    %cmpi/e 0, 0, 32;
    %jmp/0xz  T_15.51, 6;
    %vpi_call 3 138 "$display", "4. slti implementation is correct " {0 0 0};
    %jmp T_15.52;
T_15.51 ;
    %vpi_call 3 140 "$display", "4. slti implementation is incorrect" {0 0 0};
    %load/vec4 v0x6000010d9710_0;
    %addi 1, 0, 32;
    %store/vec4 v0x6000010d9710_0, 0, 32;
    %vpi_call 3 141 "$display", "Actual Result: %h", v0x6000010d9560_0 {0 0 0};
T_15.52 ;
    %jmp T_15.44;
T_15.4 ;
    %load/vec4 v0x6000010d98c0_0;
    %addi 1, 0, 32;
    %store/vec4 v0x6000010d98c0_0, 0, 32;
    %load/vec4 v0x6000010d9560_0;
    %cmpi/e 1, 0, 32;
    %jmp/0xz  T_15.53, 6;
    %vpi_call 3 147 "$display", "5. sltiu implementation is correct " {0 0 0};
    %jmp T_15.54;
T_15.53 ;
    %vpi_call 3 149 "$display", "5. sltiu implementation is incorrect" {0 0 0};
    %load/vec4 v0x6000010d9710_0;
    %addi 1, 0, 32;
    %store/vec4 v0x6000010d9710_0, 0, 32;
    %vpi_call 3 150 "$display", "Actual Result: %h", v0x6000010d9560_0 {0 0 0};
T_15.54 ;
    %jmp T_15.44;
T_15.5 ;
    %load/vec4 v0x6000010d98c0_0;
    %addi 1, 0, 32;
    %store/vec4 v0x6000010d98c0_0, 0, 32;
    %load/vec4 v0x6000010d9560_0;
    %cmpi/e 2, 0, 32;
    %jmp/0xz  T_15.55, 6;
    %vpi_call 3 156 "$display", "6. xori implementation is correct " {0 0 0};
    %jmp T_15.56;
T_15.55 ;
    %vpi_call 3 158 "$display", "6. xori implementation is incorrect" {0 0 0};
    %load/vec4 v0x6000010d9710_0;
    %addi 1, 0, 32;
    %store/vec4 v0x6000010d9710_0, 0, 32;
    %vpi_call 3 159 "$display", "Actual Result: %h", v0x6000010d9560_0 {0 0 0};
T_15.56 ;
    %jmp T_15.44;
T_15.6 ;
    %load/vec4 v0x6000010d98c0_0;
    %addi 1, 0, 32;
    %store/vec4 v0x6000010d98c0_0, 0, 32;
    %load/vec4 v0x6000010d9560_0;
    %cmpi/e 536870911, 0, 32;
    %jmp/0xz  T_15.57, 6;
    %vpi_call 3 165 "$display", "7. srli implementation is correct " {0 0 0};
    %jmp T_15.58;
T_15.57 ;
    %vpi_call 3 167 "$display", "7. srli implementation is incorrect" {0 0 0};
    %load/vec4 v0x6000010d9710_0;
    %addi 1, 0, 32;
    %store/vec4 v0x6000010d9710_0, 0, 32;
    %vpi_call 3 168 "$display", "Actual Result: %h", v0x6000010d9560_0 {0 0 0};
T_15.58 ;
    %jmp T_15.44;
T_15.7 ;
    %load/vec4 v0x6000010d98c0_0;
    %addi 1, 0, 32;
    %store/vec4 v0x6000010d98c0_0, 0, 32;
    %load/vec4 v0x6000010d9560_0;
    %cmpi/e 4294967295, 0, 32;
    %jmp/0xz  T_15.59, 6;
    %vpi_call 3 174 "$display", "8. srai implementation is correct " {0 0 0};
    %jmp T_15.60;
T_15.59 ;
    %vpi_call 3 176 "$display", "8. srai implementation is incorrect" {0 0 0};
    %load/vec4 v0x6000010d9710_0;
    %addi 1, 0, 32;
    %store/vec4 v0x6000010d9710_0, 0, 32;
    %vpi_call 3 177 "$display", "Actual Result: %h", v0x6000010d9560_0 {0 0 0};
T_15.60 ;
    %jmp T_15.44;
T_15.8 ;
    %load/vec4 v0x6000010d98c0_0;
    %addi 1, 0, 32;
    %store/vec4 v0x6000010d98c0_0, 0, 32;
    %load/vec4 v0x6000010d9560_0;
    %cmpi/e 4294967295, 0, 32;
    %jmp/0xz  T_15.61, 6;
    %vpi_call 3 183 "$display", "9. ori implementation is correct " {0 0 0};
    %jmp T_15.62;
T_15.61 ;
    %vpi_call 3 185 "$display", "9. ori implementation is incorrect" {0 0 0};
    %load/vec4 v0x6000010d9710_0;
    %addi 1, 0, 32;
    %store/vec4 v0x6000010d9710_0, 0, 32;
    %vpi_call 3 186 "$display", "Actual Result: %h", v0x6000010d9560_0 {0 0 0};
T_15.62 ;
    %jmp T_15.44;
T_15.9 ;
    %load/vec4 v0x6000010d98c0_0;
    %addi 1, 0, 32;
    %store/vec4 v0x6000010d98c0_0, 0, 32;
    %load/vec4 v0x6000010d9560_0;
    %cmpi/e 1, 0, 32;
    %jmp/0xz  T_15.63, 6;
    %vpi_call 3 192 "$display", "10. andi implementation is correct" {0 0 0};
    %jmp T_15.64;
T_15.63 ;
    %vpi_call 3 194 "$display", "10. andi implementation is incorrect" {0 0 0};
    %load/vec4 v0x6000010d9710_0;
    %addi 1, 0, 32;
    %store/vec4 v0x6000010d9710_0, 0, 32;
    %vpi_call 3 195 "$display", "Actual Result: %h", v0x6000010d9560_0 {0 0 0};
T_15.64 ;
    %jmp T_15.44;
T_15.10 ;
    %load/vec4 v0x6000010d98c0_0;
    %addi 1, 0, 32;
    %store/vec4 v0x6000010d98c0_0, 0, 32;
    %load/vec4 v0x6000010d9560_0;
    %cmpi/e 17, 0, 32;
    %jmp/0xz  T_15.65, 6;
    %vpi_call 3 201 "$display", "11. add implementation is correct " {0 0 0};
    %jmp T_15.66;
T_15.65 ;
    %vpi_call 3 203 "$display", "11. add implementation is incorrect" {0 0 0};
    %load/vec4 v0x6000010d9710_0;
    %addi 1, 0, 32;
    %store/vec4 v0x6000010d9710_0, 0, 32;
    %vpi_call 3 204 "$display", "Actual Result: %h", v0x6000010d9560_0 {0 0 0};
T_15.66 ;
    %jmp T_15.44;
T_15.11 ;
    %load/vec4 v0x6000010d98c0_0;
    %addi 1, 0, 32;
    %store/vec4 v0x6000010d98c0_0, 0, 32;
    %load/vec4 v0x6000010d9560_0;
    %cmpi/e 15, 0, 32;
    %jmp/0xz  T_15.67, 6;
    %vpi_call 3 210 "$display", "12. sub implementation is correct " {0 0 0};
    %jmp T_15.68;
T_15.67 ;
    %vpi_call 3 212 "$display", "12. sub implementation is incorrect" {0 0 0};
    %load/vec4 v0x6000010d9710_0;
    %addi 1, 0, 32;
    %store/vec4 v0x6000010d9710_0, 0, 32;
    %vpi_call 3 213 "$display", "Actual Result: %h", v0x6000010d9560_0 {0 0 0};
T_15.68 ;
    %jmp T_15.44;
T_15.12 ;
    %load/vec4 v0x6000010d98c0_0;
    %addi 1, 0, 32;
    %store/vec4 v0x6000010d98c0_0, 0, 32;
    %load/vec4 v0x6000010d9560_0;
    %cmpi/e 32, 0, 32;
    %jmp/0xz  T_15.69, 6;
    %vpi_call 3 220 "$display", "13. sll implementation is correct " {0 0 0};
    %jmp T_15.70;
T_15.69 ;
    %vpi_call 3 222 "$display", "13. sll implementation is incorrect" {0 0 0};
    %load/vec4 v0x6000010d9710_0;
    %addi 1, 0, 32;
    %store/vec4 v0x6000010d9710_0, 0, 32;
    %vpi_call 3 223 "$display", "Actual Result: %h", v0x6000010d9560_0 {0 0 0};
T_15.70 ;
    %jmp T_15.44;
T_15.13 ;
    %load/vec4 v0x6000010d98c0_0;
    %addi 1, 0, 32;
    %store/vec4 v0x6000010d98c0_0, 0, 32;
    %load/vec4 v0x6000010d9560_0;
    %cmpi/e 0, 0, 32;
    %jmp/0xz  T_15.71, 6;
    %vpi_call 3 229 "$display", "14. slt implementation is correct " {0 0 0};
    %jmp T_15.72;
T_15.71 ;
    %vpi_call 3 231 "$display", "14. slt implementation is incorrect" {0 0 0};
    %load/vec4 v0x6000010d9710_0;
    %addi 1, 0, 32;
    %store/vec4 v0x6000010d9710_0, 0, 32;
    %vpi_call 3 232 "$display", "Actual Result: %h", v0x6000010d9560_0 {0 0 0};
T_15.72 ;
    %jmp T_15.44;
T_15.14 ;
    %load/vec4 v0x6000010d98c0_0;
    %addi 1, 0, 32;
    %store/vec4 v0x6000010d98c0_0, 0, 32;
    %load/vec4 v0x6000010d9560_0;
    %cmpi/e 1, 0, 32;
    %jmp/0xz  T_15.73, 6;
    %vpi_call 3 238 "$display", "15. sltu implementation is correct " {0 0 0};
    %jmp T_15.74;
T_15.73 ;
    %vpi_call 3 240 "$display", "15. sltu implementation is incorrect" {0 0 0};
    %load/vec4 v0x6000010d9710_0;
    %addi 1, 0, 32;
    %store/vec4 v0x6000010d9710_0, 0, 32;
    %vpi_call 3 241 "$display", "Actual Result: %h", v0x6000010d9560_0 {0 0 0};
T_15.74 ;
    %jmp T_15.44;
T_15.15 ;
    %load/vec4 v0x6000010d98c0_0;
    %addi 1, 0, 32;
    %store/vec4 v0x6000010d98c0_0, 0, 32;
    %load/vec4 v0x6000010d9560_0;
    %cmpi/e 17, 0, 32;
    %jmp/0xz  T_15.75, 6;
    %vpi_call 3 247 "$display", "16. xor implementation is correct " {0 0 0};
    %jmp T_15.76;
T_15.75 ;
    %vpi_call 3 249 "$display", "16. xor implementation is incorrect" {0 0 0};
    %load/vec4 v0x6000010d9710_0;
    %addi 1, 0, 32;
    %store/vec4 v0x6000010d9710_0, 0, 32;
    %vpi_call 3 250 "$display", "Actual Result: %h", v0x6000010d9560_0 {0 0 0};
T_15.76 ;
    %jmp T_15.44;
T_15.16 ;
    %load/vec4 v0x6000010d98c0_0;
    %addi 1, 0, 32;
    %store/vec4 v0x6000010d98c0_0, 0, 32;
    %load/vec4 v0x6000010d9560_0;
    %cmpi/e 8, 0, 32;
    %jmp/0xz  T_15.77, 6;
    %vpi_call 3 256 "$display", "17. srl implementation is correct " {0 0 0};
    %jmp T_15.78;
T_15.77 ;
    %vpi_call 3 258 "$display", "17. srl implementation is incorrect" {0 0 0};
    %load/vec4 v0x6000010d9710_0;
    %addi 1, 0, 32;
    %store/vec4 v0x6000010d9710_0, 0, 32;
    %vpi_call 3 259 "$display", "Actual Result: %h", v0x6000010d9560_0 {0 0 0};
T_15.78 ;
    %jmp T_15.44;
T_15.17 ;
    %load/vec4 v0x6000010d98c0_0;
    %addi 1, 0, 32;
    %store/vec4 v0x6000010d98c0_0, 0, 32;
    %load/vec4 v0x6000010d9560_0;
    %cmpi/e 4294967294, 0, 32;
    %jmp/0xz  T_15.79, 6;
    %vpi_call 3 265 "$display", "18. sra implementation is correct " {0 0 0};
    %jmp T_15.80;
T_15.79 ;
    %vpi_call 3 267 "$display", "18. sra implementation is incorrect" {0 0 0};
    %load/vec4 v0x6000010d9710_0;
    %addi 1, 0, 32;
    %store/vec4 v0x6000010d9710_0, 0, 32;
    %vpi_call 3 268 "$display", "Actual Result: %h", v0x6000010d9560_0 {0 0 0};
T_15.80 ;
    %jmp T_15.44;
T_15.18 ;
    %load/vec4 v0x6000010d98c0_0;
    %addi 1, 0, 32;
    %store/vec4 v0x6000010d98c0_0, 0, 32;
    %load/vec4 v0x6000010d9560_0;
    %cmpi/e 17, 0, 32;
    %jmp/0xz  T_15.81, 6;
    %vpi_call 3 274 "$display", "19. or implementation is correct " {0 0 0};
    %jmp T_15.82;
T_15.81 ;
    %vpi_call 3 276 "$display", "19. or implementation is incorrect" {0 0 0};
    %load/vec4 v0x6000010d9710_0;
    %addi 1, 0, 32;
    %store/vec4 v0x6000010d9710_0, 0, 32;
    %vpi_call 3 277 "$display", "Actual Result: %h", v0x6000010d9560_0 {0 0 0};
T_15.82 ;
    %jmp T_15.44;
T_15.19 ;
    %load/vec4 v0x6000010d98c0_0;
    %addi 1, 0, 32;
    %store/vec4 v0x6000010d98c0_0, 0, 32;
    %load/vec4 v0x6000010d9560_0;
    %cmpi/e 0, 0, 32;
    %jmp/0xz  T_15.83, 6;
    %vpi_call 3 283 "$display", "20. and implementation is correct " {0 0 0};
    %jmp T_15.84;
T_15.83 ;
    %vpi_call 3 285 "$display", "20. and implementation is incorrect" {0 0 0};
    %load/vec4 v0x6000010d9710_0;
    %addi 1, 0, 32;
    %store/vec4 v0x6000010d9710_0, 0, 32;
    %vpi_call 3 286 "$display", "Actual Result: %h", v0x6000010d9560_0 {0 0 0};
T_15.84 ;
    %jmp T_15.44;
T_15.20 ;
    %load/vec4 v0x6000010d98c0_0;
    %addi 1, 0, 32;
    %store/vec4 v0x6000010d98c0_0, 0, 32;
    %load/vec4 v0x6000010d9560_0;
    %cmpi/e 2271559680, 0, 32;
    %jmp/0xz  T_15.85, 6;
    %vpi_call 3 292 "$display", "21. lui implementation is correct " {0 0 0};
    %jmp T_15.86;
T_15.85 ;
    %vpi_call 3 294 "$display", "21. lui implementation is incorrect" {0 0 0};
    %load/vec4 v0x6000010d9710_0;
    %addi 1, 0, 32;
    %store/vec4 v0x6000010d9710_0, 0, 32;
    %vpi_call 3 295 "$display", "Actual Result: %h", v0x6000010d9560_0 {0 0 0};
T_15.86 ;
    %jmp T_15.44;
T_15.21 ;
    %load/vec4 v0x6000010d98c0_0;
    %addi 1, 0, 32;
    %store/vec4 v0x6000010d98c0_0, 0, 32;
    %load/vec4 v0x6000010d9560_0;
    %cmpi/e 2271559776, 0, 32;
    %jmp/0xz  T_15.87, 6;
    %vpi_call 3 301 "$display", "22. auipc implementation is correct " {0 0 0};
    %jmp T_15.88;
T_15.87 ;
    %vpi_call 3 303 "$display", "22. auipc implementation is incorrect" {0 0 0};
    %load/vec4 v0x6000010d9710_0;
    %addi 1, 0, 32;
    %store/vec4 v0x6000010d9710_0, 0, 32;
    %vpi_call 3 304 "$display", "Actual Result: %h", v0x6000010d9560_0 {0 0 0};
T_15.88 ;
    %jmp T_15.44;
T_15.22 ;
    %load/vec4 v0x6000010d98c0_0;
    %addi 1, 0, 32;
    %store/vec4 v0x6000010d98c0_0, 0, 32;
    %load/vec4 v0x6000010d93b0_0;
    %flag_set/vec4 9;
    %flag_get/vec4 9;
    %jmp/0 T_15.91, 9;
    %load/vec4 v0x6000010d9950_0;
    %nor/r;
    %and;
T_15.91;
    %flag_set/vec4 8;
    %jmp/0xz  T_15.89, 8;
    %load/vec4 v0x6000010d9170_0;
    %pushi/vec4 32, 0, 32;
    %cmp/e;
    %flag_get/vec4 6;
    %load/vec4 v0x6000010d95f0_0;
    %pushi/vec4 65280, 0, 32;
    %cmp/e;
    %flag_get/vec4 6;
    %and;
    %flag_set/vec4 8;
    %jmp/0xz  T_15.92, 8;
    %vpi_call 3 312 "$display", "23. sb implementation is correct" {0 0 0};
    %jmp T_15.93;
T_15.92 ;
    %vpi_call 3 314 "$display", "23. sb implementation is incorrect" {0 0 0};
    %load/vec4 v0x6000010d9710_0;
    %addi 1, 0, 32;
    %store/vec4 v0x6000010d9710_0, 0, 32;
    %vpi_call 3 315 "$display", "Actual Result: %h", v0x6000010d9560_0 {0 0 0};
T_15.93 ;
T_15.89 ;
    %jmp T_15.44;
T_15.23 ;
    %load/vec4 v0x6000010d98c0_0;
    %addi 1, 0, 32;
    %store/vec4 v0x6000010d98c0_0, 0, 32;
    %load/vec4 v0x6000010d93b0_0;
    %flag_set/vec4 9;
    %flag_get/vec4 9;
    %jmp/0 T_15.96, 9;
    %load/vec4 v0x6000010d9950_0;
    %nor/r;
    %and;
T_15.96;
    %flag_set/vec4 8;
    %jmp/0xz  T_15.94, 8;
    %load/vec4 v0x6000010d9170_0;
    %pushi/vec4 36, 0, 32;
    %cmp/e;
    %flag_get/vec4 6;
    %load/vec4 v0x6000010d95f0_0;
    %pushi/vec4 4294770688, 0, 32;
    %cmp/e;
    %flag_get/vec4 6;
    %and;
    %flag_set/vec4 8;
    %jmp/0xz  T_15.97, 8;
    %vpi_call 3 324 "$display", "24. sh implementation is correct" {0 0 0};
    %jmp T_15.98;
T_15.97 ;
    %vpi_call 3 326 "$display", "24. sh implementation is incorrect" {0 0 0};
    %load/vec4 v0x6000010d9710_0;
    %addi 1, 0, 32;
    %store/vec4 v0x6000010d9710_0, 0, 32;
    %vpi_call 3 327 "$display", "Actual Result: %h", v0x6000010d9560_0 {0 0 0};
T_15.98 ;
T_15.94 ;
    %jmp T_15.44;
T_15.24 ;
    %load/vec4 v0x6000010d98c0_0;
    %addi 1, 0, 32;
    %store/vec4 v0x6000010d98c0_0, 0, 32;
    %load/vec4 v0x6000010d93b0_0;
    %flag_set/vec4 9;
    %flag_get/vec4 9;
    %jmp/0 T_15.101, 9;
    %load/vec4 v0x6000010d9950_0;
    %nor/r;
    %and;
T_15.101;
    %flag_set/vec4 8;
    %jmp/0xz  T_15.99, 8;
    %load/vec4 v0x6000010d9170_0;
    %pushi/vec4 40, 0, 32;
    %cmp/e;
    %flag_get/vec4 6;
    %load/vec4 v0x6000010d95f0_0;
    %pushi/vec4 16, 0, 32;
    %cmp/e;
    %flag_get/vec4 6;
    %and;
    %flag_set/vec4 8;
    %jmp/0xz  T_15.102, 8;
    %vpi_call 3 336 "$display", "25. sw implementation is correct" {0 0 0};
    %jmp T_15.103;
T_15.102 ;
    %vpi_call 3 338 "$display", "25. sw implementation is incorrect" {0 0 0};
    %load/vec4 v0x6000010d9710_0;
    %addi 1, 0, 32;
    %store/vec4 v0x6000010d9710_0, 0, 32;
    %vpi_call 3 339 "$display", "Actual Result: %h", v0x6000010d9560_0 {0 0 0};
T_15.103 ;
T_15.99 ;
    %jmp T_15.44;
T_15.25 ;
    %load/vec4 v0x6000010d98c0_0;
    %addi 1, 0, 32;
    %store/vec4 v0x6000010d98c0_0, 0, 32;
    %load/vec4 v0x6000010d9170_0;
    %pushi/vec4 32, 0, 32;
    %cmp/e;
    %flag_get/vec4 6;
    %load/vec4 v0x6000010d9560_0;
    %pushi/vec4 4294967295, 0, 32;
    %cmp/e;
    %flag_get/vec4 6;
    %and;
    %flag_set/vec4 8;
    %jmp/0xz  T_15.104, 8;
    %vpi_call 3 346 "$display", "26. lb implementation is correct" {0 0 0};
    %jmp T_15.105;
T_15.104 ;
    %vpi_call 3 348 "$display", "26. lb implementation is incorrect" {0 0 0};
    %load/vec4 v0x6000010d9710_0;
    %addi 1, 0, 32;
    %store/vec4 v0x6000010d9710_0, 0, 32;
    %vpi_call 3 349 "$display", "Actual Result: %h", v0x6000010d9560_0 {0 0 0};
T_15.105 ;
    %jmp T_15.44;
T_15.26 ;
    %load/vec4 v0x6000010d98c0_0;
    %addi 1, 0, 32;
    %store/vec4 v0x6000010d98c0_0, 0, 32;
    %load/vec4 v0x6000010d9170_0;
    %pushi/vec4 36, 0, 32;
    %cmp/e;
    %flag_get/vec4 6;
    %load/vec4 v0x6000010d9560_0;
    %pushi/vec4 4294967293, 0, 32;
    %cmp/e;
    %flag_get/vec4 6;
    %and;
    %flag_set/vec4 8;
    %jmp/0xz  T_15.106, 8;
    %vpi_call 3 355 "$display", "27. lh implementation is correct" {0 0 0};
    %jmp T_15.107;
T_15.106 ;
    %vpi_call 3 357 "$display", "27. lh implementation is incorrect" {0 0 0};
    %load/vec4 v0x6000010d9710_0;
    %addi 1, 0, 32;
    %store/vec4 v0x6000010d9710_0, 0, 32;
    %vpi_call 3 358 "$display", "Actual Result: %h", v0x6000010d9560_0 {0 0 0};
T_15.107 ;
    %jmp T_15.44;
T_15.27 ;
    %load/vec4 v0x6000010d98c0_0;
    %addi 1, 0, 32;
    %store/vec4 v0x6000010d98c0_0, 0, 32;
    %load/vec4 v0x6000010d9170_0;
    %pushi/vec4 32, 0, 32;
    %cmp/e;
    %flag_get/vec4 6;
    %load/vec4 v0x6000010d9560_0;
    %pushi/vec4 65280, 0, 32;
    %cmp/e;
    %flag_get/vec4 6;
    %and;
    %flag_set/vec4 8;
    %jmp/0xz  T_15.108, 8;
    %vpi_call 3 364 "$display", "28. lw implementation is correct" {0 0 0};
    %jmp T_15.109;
T_15.108 ;
    %vpi_call 3 366 "$display", "28. lw implementation is incorrect" {0 0 0};
    %load/vec4 v0x6000010d9710_0;
    %addi 1, 0, 32;
    %store/vec4 v0x6000010d9710_0, 0, 32;
    %vpi_call 3 367 "$display", "Actual Result: %h", v0x6000010d9560_0 {0 0 0};
T_15.109 ;
    %jmp T_15.44;
T_15.28 ;
    %load/vec4 v0x6000010d98c0_0;
    %addi 1, 0, 32;
    %store/vec4 v0x6000010d98c0_0, 0, 32;
    %load/vec4 v0x6000010d9170_0;
    %pushi/vec4 32, 0, 32;
    %cmp/e;
    %flag_get/vec4 6;
    %load/vec4 v0x6000010d9560_0;
    %pushi/vec4 255, 0, 32;
    %cmp/e;
    %flag_get/vec4 6;
    %and;
    %flag_set/vec4 8;
    %jmp/0xz  T_15.110, 8;
    %vpi_call 3 373 "$display", "29. lbu implementation is correct" {0 0 0};
    %jmp T_15.111;
T_15.110 ;
    %vpi_call 3 375 "$display", "29. lbu implementation is incorrect" {0 0 0};
    %load/vec4 v0x6000010d9710_0;
    %addi 1, 0, 32;
    %store/vec4 v0x6000010d9710_0, 0, 32;
    %vpi_call 3 376 "$display", "Actual Result: %h", v0x6000010d9560_0 {0 0 0};
T_15.111 ;
    %jmp T_15.44;
T_15.29 ;
    %load/vec4 v0x6000010d98c0_0;
    %addi 1, 0, 32;
    %store/vec4 v0x6000010d98c0_0, 0, 32;
    %load/vec4 v0x6000010d9170_0;
    %pushi/vec4 36, 0, 32;
    %cmp/e;
    %flag_get/vec4 6;
    %load/vec4 v0x6000010d9560_0;
    %pushi/vec4 65533, 0, 32;
    %cmp/e;
    %flag_get/vec4 6;
    %and;
    %flag_set/vec4 8;
    %jmp/0xz  T_15.112, 8;
    %vpi_call 3 382 "$display", "30. lhu implementation is correct" {0 0 0};
    %jmp T_15.113;
T_15.112 ;
    %vpi_call 3 384 "$display", "30. lhu implementation is incorrect" {0 0 0};
    %load/vec4 v0x6000010d9710_0;
    %addi 1, 0, 32;
    %store/vec4 v0x6000010d9710_0, 0, 32;
    %vpi_call 3 385 "$display", "Actual Result: %h", v0x6000010d9560_0 {0 0 0};
T_15.113 ;
    %jmp T_15.44;
T_15.30 ;
    %load/vec4 v0x6000010d9560_0;
    %cmpi/u 10, 0, 32;
    %flag_or 5, 4;
    %jmp/0xz  T_15.114, 5;
    %vpi_call 3 390 "$display", "31. blt is executing" {0 0 0};
    %jmp T_15.115;
T_15.114 ;
    %vpi_call 3 392 "$display", "blt struck in loop" {0 0 0};
    %pushi/vec4 1, 0, 32;
    %store/vec4 v0x6000010d97a0_0, 0, 32;
    %vpi_call 3 394 "$stop" {0 0 0};
T_15.115 ;
    %jmp T_15.44;
T_15.31 ;
    %load/vec4 v0x6000010d98c0_0;
    %addi 1, 0, 32;
    %store/vec4 v0x6000010d98c0_0, 0, 32;
    %load/vec4 v0x6000010d9560_0;
    %cmpi/e 5, 0, 32;
    %jmp/0xz  T_15.116, 6;
    %vpi_call 3 400 "$display", "31. blt implementation is correct " {0 0 0};
    %jmp T_15.117;
T_15.116 ;
    %vpi_call 3 402 "$display", "31. blt implementation is incorrect" {0 0 0};
    %load/vec4 v0x6000010d9710_0;
    %addi 1, 0, 32;
    %store/vec4 v0x6000010d9710_0, 0, 32;
    %vpi_call 3 403 "$display", "Actual Result: %h", v0x6000010d9560_0 {0 0 0};
T_15.117 ;
    %jmp T_15.44;
T_15.32 ;
    %load/vec4 v0x6000010d9560_0;
    %cmpi/u 11, 0, 32;
    %flag_or 5, 4;
    %jmp/0xz  T_15.118, 5;
    %vpi_call 3 408 "$display", "32. bge is executing" {0 0 0};
    %jmp T_15.119;
T_15.118 ;
    %vpi_call 3 410 "$display", "bge struck in loop" {0 0 0};
    %pushi/vec4 1, 0, 32;
    %store/vec4 v0x6000010d97a0_0, 0, 32;
    %vpi_call 3 412 "$stop" {0 0 0};
T_15.119 ;
    %jmp T_15.44;
T_15.33 ;
    %load/vec4 v0x6000010d98c0_0;
    %addi 1, 0, 32;
    %store/vec4 v0x6000010d98c0_0, 0, 32;
    %load/vec4 v0x6000010d9560_0;
    %cmpi/e 4294967290, 0, 32;
    %jmp/0xz  T_15.120, 6;
    %vpi_call 3 418 "$display", "32. bge implementation is correct" {0 0 0};
    %jmp T_15.121;
T_15.120 ;
    %vpi_call 3 420 "$display", "32. bge implementation is incorrect" {0 0 0};
    %load/vec4 v0x6000010d9710_0;
    %addi 1, 0, 32;
    %store/vec4 v0x6000010d9710_0, 0, 32;
    %vpi_call 3 421 "$display", "Actual Result: %h", v0x6000010d9560_0 {0 0 0};
T_15.121 ;
    %jmp T_15.44;
T_15.34 ;
    %load/vec4 v0x6000010d9560_0;
    %cmpi/u 4, 0, 32;
    %flag_or 5, 4;
    %jmp/0xz  T_15.122, 5;
    %vpi_call 3 426 "$display", "33. bltu is executing" {0 0 0};
    %jmp T_15.123;
T_15.122 ;
    %vpi_call 3 428 "$display", "bltu struck in loop" {0 0 0};
    %pushi/vec4 1, 0, 32;
    %store/vec4 v0x6000010d97a0_0, 0, 32;
    %vpi_call 3 430 "$stop" {0 0 0};
T_15.123 ;
    %jmp T_15.44;
T_15.35 ;
    %load/vec4 v0x6000010d98c0_0;
    %addi 1, 0, 32;
    %store/vec4 v0x6000010d98c0_0, 0, 32;
    %load/vec4 v0x6000010d9560_0;
    %cmpi/e 4294967295, 0, 32;
    %jmp/0xz  T_15.124, 6;
    %vpi_call 3 436 "$display", "33. bltu implementation is correct " {0 0 0};
    %jmp T_15.125;
T_15.124 ;
    %vpi_call 3 438 "$display", "33. bltu implementation is incorrect" {0 0 0};
    %load/vec4 v0x6000010d9710_0;
    %addi 1, 0, 32;
    %store/vec4 v0x6000010d9710_0, 0, 32;
    %vpi_call 3 439 "$display", "Actual Result: %h", v0x6000010d9560_0 {0 0 0};
T_15.125 ;
    %jmp T_15.44;
T_15.36 ;
    %load/vec4 v0x6000010d9560_0;
    %cmpi/u 5, 0, 32;
    %flag_or 5, 4;
    %jmp/0xz  T_15.126, 5;
    %vpi_call 3 444 "$display", "34. bgeu is executing" {0 0 0};
    %jmp T_15.127;
T_15.126 ;
    %vpi_call 3 446 "$display", "bgeu struck in loop" {0 0 0};
    %pushi/vec4 1, 0, 32;
    %store/vec4 v0x6000010d97a0_0, 0, 32;
    %vpi_call 3 448 "$stop" {0 0 0};
T_15.127 ;
    %jmp T_15.44;
T_15.37 ;
    %load/vec4 v0x6000010d98c0_0;
    %addi 1, 0, 32;
    %store/vec4 v0x6000010d98c0_0, 0, 32;
    %load/vec4 v0x6000010d9560_0;
    %cmpi/e 4294967290, 0, 32;
    %jmp/0xz  T_15.128, 6;
    %vpi_call 3 454 "$display", "34. bgeu implementation is correct " {0 0 0};
    %jmp T_15.129;
T_15.128 ;
    %vpi_call 3 456 "$display", "34. bgeu implementation is incorrect" {0 0 0};
    %load/vec4 v0x6000010d9710_0;
    %addi 1, 0, 32;
    %store/vec4 v0x6000010d9710_0, 0, 32;
    %vpi_call 3 457 "$display", "Actual Result: %h", v0x6000010d9560_0 {0 0 0};
T_15.129 ;
    %jmp T_15.44;
T_15.38 ;
    %load/vec4 v0x6000010d9560_0;
    %cmpi/u 5, 0, 32;
    %flag_or 5, 4;
    %jmp/0xz  T_15.130, 5;
    %vpi_call 3 462 "$display", "35. bne is executing" {0 0 0};
    %jmp T_15.131;
T_15.130 ;
    %vpi_call 3 464 "$display", "bne struck in loop" {0 0 0};
    %pushi/vec4 1, 0, 32;
    %store/vec4 v0x6000010d97a0_0, 0, 32;
    %vpi_call 3 466 "$stop" {0 0 0};
T_15.131 ;
    %jmp T_15.44;
T_15.39 ;
    %load/vec4 v0x6000010d98c0_0;
    %addi 1, 0, 32;
    %store/vec4 v0x6000010d98c0_0, 0, 32;
    %load/vec4 v0x6000010d9560_0;
    %cmpi/e 5, 0, 32;
    %jmp/0xz  T_15.132, 6;
    %vpi_call 3 472 "$display", "35. bne implementation is correct " {0 0 0};
    %jmp T_15.133;
T_15.132 ;
    %vpi_call 3 474 "$display", "35. bne implementation is incorrect" {0 0 0};
    %load/vec4 v0x6000010d9710_0;
    %addi 1, 0, 32;
    %store/vec4 v0x6000010d9710_0, 0, 32;
    %vpi_call 3 475 "$display", "Actual Result: %h", v0x6000010d9560_0 {0 0 0};
T_15.133 ;
    %jmp T_15.44;
T_15.40 ;
    %load/vec4 v0x6000010d9560_0;
    %cmpi/u 2, 0, 32;
    %flag_or 5, 4;
    %jmp/0xz  T_15.134, 5;
    %vpi_call 3 480 "$display", "36. beq is executing" {0 0 0};
    %jmp T_15.135;
T_15.134 ;
    %vpi_call 3 482 "$display", "beq struck in loop" {0 0 0};
    %pushi/vec4 1, 0, 32;
    %store/vec4 v0x6000010d97a0_0, 0, 32;
    %vpi_call 3 484 "$stop" {0 0 0};
T_15.135 ;
    %jmp T_15.44;
T_15.41 ;
    %load/vec4 v0x6000010d98c0_0;
    %addi 1, 0, 32;
    %store/vec4 v0x6000010d98c0_0, 0, 32;
    %load/vec4 v0x6000010d9560_0;
    %cmpi/e 4, 0, 32;
    %jmp/0xz  T_15.136, 6;
    %vpi_call 3 490 "$display", "36. beq implementation is correct " {0 0 0};
    %jmp T_15.137;
T_15.136 ;
    %vpi_call 3 492 "$display", "36. beq implementation is incorrect" {0 0 0};
    %load/vec4 v0x6000010d9710_0;
    %addi 1, 0, 32;
    %store/vec4 v0x6000010d9710_0, 0, 32;
    %vpi_call 3 493 "$display", "Actual Result: %h", v0x6000010d9560_0 {0 0 0};
T_15.137 ;
    %jmp T_15.44;
T_15.42 ;
    %load/vec4 v0x6000010d98c0_0;
    %addi 1, 0, 32;
    %store/vec4 v0x6000010d98c0_0, 0, 32;
    %load/vec4 v0x6000010d9560_0;
    %cmpi/e 304, 0, 32;
    %jmp/0xz  T_15.138, 6;
    %vpi_call 3 499 "$display", "37. jalr implementation is correct " {0 0 0};
    %jmp T_15.139;
T_15.138 ;
    %vpi_call 3 501 "$display", "37. jalr implementation is incorrect" {0 0 0};
    %load/vec4 v0x6000010d9710_0;
    %addi 1, 0, 32;
    %store/vec4 v0x6000010d9710_0, 0, 32;
    %vpi_call 3 502 "$display", "Actual Result: %h", v0x6000010d9560_0 {0 0 0};
T_15.139 ;
    %jmp T_15.44;
T_15.43 ;
    %load/vec4 v0x6000010d98c0_0;
    %addi 1, 0, 32;
    %store/vec4 v0x6000010d98c0_0, 0, 32;
    %load/vec4 v0x6000010d9560_0;
    %cmpi/e 316, 0, 32;
    %jmp/0xz  T_15.140, 6;
    %vpi_call 3 508 "$display", "38. jal implementation is correct " {0 0 0};
    %jmp T_15.141;
T_15.140 ;
    %vpi_call 3 510 "$display", "38. jal implementation is incorrect" {0 0 0};
    %load/vec4 v0x6000010d9710_0;
    %addi 1, 0, 32;
    %store/vec4 v0x6000010d9710_0, 0, 32;
    %vpi_call 3 511 "$display", "Actual Result: %h", v0x6000010d9560_0 {0 0 0};
T_15.141 ;
    %jmp T_15.44;
T_15.44 ;
    %pop/vec4 1;
    %jmp T_15;
    .thread T_15;
    .scope S_0x14a62b710;
T_16 ;
    %wait E_0x6000037e6240;
    %load/vec4 v0x6000010d98c0_0;
    %cmpi/s 38, 0, 32;
    %flag_inv 5; GE is !LT
    %jmp/1 T_16.2, 5;
    %flag_mov 8, 5;
    %load/vec4 v0x6000010d97a0_0;
    %cmpi/e 1, 0, 32;
    %flag_or 4, 8;
    %flag_mov 5, 4;
T_16.2;
    %jmp/0xz  T_16.0, 5;
    %vpi_call 3 520 "$display", "Faulty Instructions => %d", v0x6000010d9710_0 {0 0 0};
    %load/vec4 v0x6000010d9710_0;
    %cmpi/ne 0, 0, 32;
    %jmp/0xz  T_16.3, 6;
    %vpi_func 3 522 "$fopen" 32, "results.txt", "w" {0 0 0};
    %store/vec4 v0x6000010d9830_0, 0, 32;
    %vpi_call 3 523 "$fdisplay", v0x6000010d9830_0, "%02h", "Errors" {0 0 0};
    %vpi_call 3 524 "$display", "Error(s) encountered, please check your design!" {0 0 0};
    %vpi_call 3 525 "$fclose", v0x6000010d9830_0 {0 0 0};
    %jmp T_16.4;
T_16.3 ;
    %vpi_func 3 528 "$fopen" 32, "results.txt", "w" {0 0 0};
    %store/vec4 v0x6000010d9830_0, 0, 32;
    %vpi_call 3 529 "$fdisplay", v0x6000010d9830_0, "%02h", "No Errors" {0 0 0};
    %vpi_call 3 530 "$display", "No errors encountered, congratulations!" {0 0 0};
    %vpi_call 3 531 "$fclose", v0x6000010d9830_0 {0 0 0};
T_16.4 ;
    %vpi_call 3 533 "$stop" {0 0 0};
T_16.0 ;
    %jmp T_16;
    .thread T_16;
# The file index is used to find the file name in the following table.
:file_names 19;
    "N/A";
    "<interactive>";
    "components/mux4.v";
    "../.test/tb_1c.v";
    "t1_riscv_cpu.v";
    "data_mem.v";
    "instr_mem.v";
    "riscv_cpu.v";
    "components/controller.v";
    "components/alu_decoder.v";
    "components/main_decoder.v";
    "components/datapath.v";
    "components/alu.v";
    "components/mux2.v";
    "components/imm_extend.v";
    "components/adder.v";
    "components/reset_ff.v";
    "components/mux3.v";
    "components/reg_file.v";
