#! /opt/homebrew/Cellar/icarus-verilog/13.0/bin/vvp
:ivl_version "13.0 (stable)" "(v13_0)";
:ivl_delay_selection "TYPICAL";
:vpi_time_precision - 9;
:vpi_module "/opt/homebrew/Cellar/icarus-verilog/13.0/lib/ivl/system.vpi";
:vpi_module "/opt/homebrew/Cellar/icarus-verilog/13.0/lib/ivl/vhdl_sys.vpi";
:vpi_module "/opt/homebrew/Cellar/icarus-verilog/13.0/lib/ivl/vhdl_textio.vpi";
:vpi_module "/opt/homebrew/Cellar/icarus-verilog/13.0/lib/ivl/v2005_math.vpi";
:vpi_module "/opt/homebrew/Cellar/icarus-verilog/13.0/lib/ivl/va_math.vpi";
S_0x12ce2b140 .scope module, "mux4" "mux4" 2 4;
 .timescale -9 -9;
    .port_info 0 /INPUT 8 "d0";
    .port_info 1 /INPUT 8 "d1";
    .port_info 2 /INPUT 8 "d2";
    .port_info 3 /INPUT 8 "d3";
    .port_info 4 /INPUT 2 "sel";
    .port_info 5 /OUTPUT 8 "y";
P_0x6000024a5440 .param/l "WIDTH" 0 2 4, +C4<00000000000000000000000000001000>;
v0x6000003af960_0 .net *"_ivl_1", 0 0, L_0x6000000a8dc0;  1 drivers
v0x6000003af9f0_0 .net *"_ivl_3", 0 0, L_0x6000000a8e60;  1 drivers
v0x6000003afa80_0 .net *"_ivl_4", 7 0, L_0x6000000a8f00;  1 drivers
v0x6000003afb10_0 .net *"_ivl_7", 0 0, L_0x6000000a8fa0;  1 drivers
v0x6000003afba0_0 .net *"_ivl_8", 7 0, L_0x6000000a9040;  1 drivers
o0x130050100 .functor BUFZ 8, c4<zzzzzzzz>; HiZ drive
v0x6000003afc30_0 .net "d0", 7 0, o0x130050100;  0 drivers
o0x130050130 .functor BUFZ 8, c4<zzzzzzzz>; HiZ drive
v0x6000003afcc0_0 .net "d1", 7 0, o0x130050130;  0 drivers
o0x130050160 .functor BUFZ 8, c4<zzzzzzzz>; HiZ drive
v0x6000003afd50_0 .net "d2", 7 0, o0x130050160;  0 drivers
o0x130050190 .functor BUFZ 8, c4<zzzzzzzz>; HiZ drive
v0x6000003afde0_0 .net "d3", 7 0, o0x130050190;  0 drivers
o0x1300501c0 .functor BUFZ 2, c4<zz>; HiZ drive
v0x6000003afe70_0 .net "sel", 1 0, o0x1300501c0;  0 drivers
v0x6000003aff00_0 .net "y", 7 0, L_0x6000000a90e0;  1 drivers
L_0x6000000a8dc0 .part o0x1300501c0, 1, 1;
L_0x6000000a8e60 .part o0x1300501c0, 0, 1;
L_0x6000000a8f00 .functor MUXZ 8, o0x130050160, o0x130050190, L_0x6000000a8e60, C4<>;
L_0x6000000a8fa0 .part o0x1300501c0, 0, 1;
L_0x6000000a9040 .functor MUXZ 8, o0x130050100, o0x130050130, L_0x6000000a8fa0, C4<>;
L_0x6000000a90e0 .functor MUXZ 8, L_0x6000000a9040, L_0x6000000a8f00, L_0x6000000a8dc0, C4<>;
S_0x12ce2ade0 .scope module, "tb_1b" "tb_1b" 3 3;
 .timescale -9 -9;
P_0x6000024a54c0 .param/l "TOTAL_CHECKS" 1 3 21, +C4<00000000000000000000000000001111>;
v0x6000003b9e60_0 .net "DataAdr", 31 0, L_0x6000000acbe0;  1 drivers
v0x6000003b9ef0_0 .var "Ext_DataAdr", 31 0;
v0x6000003b9f80_0 .var "Ext_MemWrite", 0 0;
v0x6000003ba010_0 .var "Ext_WriteData", 31 0;
v0x6000003ba0a0_0 .net "MemWrite", 0 0, L_0x6000000acaa0;  1 drivers
v0x6000003ba130_0 .net "PC", 31 0, v0x6000003a38d0_0;  1 drivers
v0x6000003ba1c0_0 .net "ReadData", 31 0, L_0x600001aac230;  1 drivers
v0x6000003ba250_0 .net "Result", 31 0, L_0x600001aabe90;  1 drivers
v0x6000003ba2e0_0 .net "WriteData", 31 0, L_0x6000000acb40;  1 drivers
v0x6000003ba370_0 .var "clk", 0 0;
v0x6000003ba400_0 .var/i "fault_instrs", 31 0;
v0x6000003ba490_0 .var/i "fw", 31 0;
v0x6000003ba520_0 .var/i "i", 31 0;
v0x6000003ba5b0_0 .var "reset", 0 0;
E_0x6000024a5540 .event negedge, v0x6000003a0240_0;
S_0x12ce20e90 .scope task, "report_early" "report_early" 3 68, 3 68 0, S_0x12ce2ade0;
 .timescale -9 -9;
TD_tb_1b.report_early ;
    %pushi/vec4 15, 0, 32;
    %load/vec4 v0x6000003ba520_0;
    %sub;
    %vpi_call 3 70 "$display", "%0d of %0d checks were reached, the remaining %0d are counted as faulty", v0x6000003ba520_0, P_0x6000024a54c0, S<0,vec4,s32> {1 0 0};
    %load/vec4 v0x6000003ba400_0;
    %pushi/vec4 15, 0, 32;
    %load/vec4 v0x6000003ba520_0;
    %sub;
    %add;
    %store/vec4 v0x6000003ba400_0, 0, 32;
    %fork TD_tb_1b.report_result, S_0x12ce2b4e0;
    %join;
    %end;
S_0x12ce2b4e0 .scope task, "report_result" "report_result" 3 48, 3 48 0, S_0x12ce2ade0;
 .timescale -9 -9;
TD_tb_1b.report_result ;
    %vpi_call 3 50 "$display", "Faulty Instructions => %d", v0x6000003ba400_0 {0 0 0};
    %load/vec4 v0x6000003ba400_0;
    %cmpi/ne 0, 0, 32;
    %jmp/0xz  T_1.0, 6;
    %vpi_func 3 52 "$fopen" 32, "results.txt", "w" {0 0 0};
    %store/vec4 v0x6000003ba490_0, 0, 32;
    %vpi_call 3 53 "$fdisplay", v0x6000003ba490_0, "%02h", "Errors" {0 0 0};
    %vpi_call 3 54 "$display", "Error(s) encountered, please check your design!" {0 0 0};
    %vpi_call 3 55 "$fclose", v0x6000003ba490_0 {0 0 0};
    %jmp T_1.1;
T_1.0 ;
    %vpi_func 3 58 "$fopen" 32, "results.txt", "w" {0 0 0};
    %store/vec4 v0x6000003ba490_0, 0, 32;
    %vpi_call 3 59 "$fdisplay", v0x6000003ba490_0, "%02h", "No Errors" {0 0 0};
    %vpi_call 3 60 "$display", "No errors encountered, congratulations!" {0 0 0};
    %vpi_call 3 61 "$fclose", v0x6000003ba490_0 {0 0 0};
T_1.1 ;
    %vpi_call 3 63 "$stop" {0 0 0};
    %end;
S_0x12ce04a10 .scope module, "uut" "t1_riscv_cpu" 3 17, 4 3 0, S_0x12ce2ade0;
 .timescale -9 -9;
    .port_info 0 /INPUT 1 "clk";
    .port_info 1 /INPUT 1 "reset";
    .port_info 2 /INPUT 1 "Ext_MemWrite";
    .port_info 3 /INPUT 32 "Ext_WriteData";
    .port_info 4 /INPUT 32 "Ext_DataAdr";
    .port_info 5 /OUTPUT 1 "MemWrite";
    .port_info 6 /OUTPUT 32 "WriteData";
    .port_info 7 /OUTPUT 32 "DataAdr";
    .port_info 8 /OUTPUT 32 "ReadData";
    .port_info 9 /OUTPUT 32 "PC";
    .port_info 10 /OUTPUT 32 "Result";
L_0x600001aac2a0 .functor AND 1, v0x6000003b9f80_0, v0x6000003ba5b0_0, C4<1>, C4<1>;
v0x6000003b9560_0 .net "DataAdr", 31 0, L_0x6000000acbe0;  alias, 1 drivers
v0x6000003b95f0_0 .net "DataAdr_rv32", 31 0, L_0x6000000ac640;  1 drivers
v0x6000003b9680_0 .net "Ext_DataAdr", 31 0, v0x6000003b9ef0_0;  1 drivers
v0x6000003b9710_0 .net "Ext_MemWrite", 0 0, v0x6000003b9f80_0;  1 drivers
v0x6000003b97a0_0 .net "Ext_WriteData", 31 0, v0x6000003ba010_0;  1 drivers
v0x6000003b9830_0 .net "Instr", 31 0, L_0x600001aac1c0;  1 drivers
v0x6000003b98c0_0 .net "MemWrite", 0 0, L_0x6000000acaa0;  alias, 1 drivers
v0x6000003b9950_0 .net "MemWrite_rv32", 0 0, L_0x600001aac150;  1 drivers
v0x6000003b99e0_0 .net "PC", 31 0, v0x6000003a38d0_0;  alias, 1 drivers
v0x6000003b9a70_0 .net "ReadData", 31 0, L_0x600001aac230;  alias, 1 drivers
v0x6000003b9b00_0 .net "Result", 31 0, L_0x600001aabe90;  alias, 1 drivers
v0x6000003b9b90_0 .net "WriteData", 31 0, L_0x6000000acb40;  alias, 1 drivers
v0x6000003b9c20_0 .net "WriteData_rv32", 31 0, L_0x6000000ac6e0;  1 drivers
v0x6000003b9cb0_0 .net *"_ivl_3", 0 0, L_0x600001aac2a0;  1 drivers
v0x6000003b9d40_0 .net "clk", 0 0, v0x6000003ba370_0;  1 drivers
v0x6000003b9dd0_0 .net "reset", 0 0, v0x6000003ba5b0_0;  1 drivers
L_0x6000000acaa0 .functor MUXZ 1, L_0x600001aac150, v0x6000003b9f80_0, v0x6000003ba5b0_0, C4<>;
L_0x6000000acb40 .functor MUXZ 32, L_0x6000000ac6e0, v0x6000003ba010_0, L_0x600001aac2a0, C4<>;
L_0x6000000acbe0 .functor MUXZ 32, L_0x6000000ac640, v0x6000003b9ef0_0, v0x6000003ba5b0_0, C4<>;
S_0x12ce0bbb0 .scope module, "datamem" "data_mem" 4 21, 5 4 0, S_0x12ce04a10;
 .timescale -9 -9;
    .port_info 0 /INPUT 1 "clk";
    .port_info 1 /INPUT 1 "wr_en";
    .port_info 2 /INPUT 32 "wr_addr";
    .port_info 3 /INPUT 32 "wr_data";
    .port_info 4 /OUTPUT 32 "rd_data_mem";
P_0x6000004a2880 .param/l "ADDR_WIDTH" 0 5 4, +C4<00000000000000000000000000100000>;
P_0x6000004a28c0 .param/l "DATA_WIDTH" 0 5 4, +C4<00000000000000000000000000100000>;
P_0x6000004a2900 .param/l "MEM_SIZE" 0 5 4, +C4<00000000000000000000000001000000>;
L_0x600001aac230 .functor BUFZ 32, L_0x6000000ac8c0, C4<00000000000000000000000000000000>, C4<00000000000000000000000000000000>, C4<00000000000000000000000000000000>;
v0x6000003a0000_0 .net *"_ivl_0", 31 0, L_0x6000000ac8c0;  1 drivers
v0x6000003a0090_0 .net *"_ivl_3", 5 0, L_0x6000000ac960;  1 drivers
v0x6000003a0120_0 .net *"_ivl_4", 7 0, L_0x6000000aca00;  1 drivers
L_0x1300887f0 .functor BUFT 1, C4<00>, C4<0>, C4<0>, C4<0>;
v0x6000003a01b0_0 .net *"_ivl_7", 1 0, L_0x1300887f0;  1 drivers
v0x6000003a0240_0 .net "clk", 0 0, v0x6000003ba370_0;  alias, 1 drivers
v0x6000003a02d0 .array "data_ram", 63 0, 31 0;
v0x6000003a0360_0 .var/i "i", 31 0;
v0x6000003a03f0_0 .net "rd_data_mem", 31 0, L_0x600001aac230;  alias, 1 drivers
v0x6000003a0480_0 .net "wr_addr", 31 0, L_0x6000000acbe0;  alias, 1 drivers
v0x6000003a0510_0 .net "wr_data", 31 0, L_0x6000000acb40;  alias, 1 drivers
v0x6000003a05a0_0 .net "wr_en", 0 0, L_0x6000000acaa0;  alias, 1 drivers
E_0x6000024a5640 .event posedge, v0x6000003a0240_0;
L_0x6000000ac8c0 .array/port v0x6000003a02d0, L_0x6000000aca00;
L_0x6000000ac960 .part L_0x6000000acbe0, 2, 6;
L_0x6000000aca00 .concat [ 6 2 0 0], L_0x6000000ac960, L_0x1300887f0;
S_0x12ce0bd20 .scope module, "instrmem" "instr_mem" 4 20, 6 4 0, S_0x12ce04a10;
 .timescale -9 -9;
    .port_info 0 /INPUT 32 "instr_addr";
    .port_info 1 /OUTPUT 32 "instr";
P_0x6000004a2940 .param/l "ADDR_WIDTH" 0 6 4, +C4<00000000000000000000000000100000>;
P_0x6000004a2980 .param/l "DATA_WIDTH" 0 6 4, +C4<00000000000000000000000000100000>;
P_0x6000004a29c0 .param/l "MEM_SIZE" 0 6 4, +C4<00000000000000000000001000000000>;
L_0x600001aac1c0 .functor BUFZ 32, L_0x6000000ac780, C4<00000000000000000000000000000000>, C4<00000000000000000000000000000000>, C4<00000000000000000000000000000000>;
v0x6000003a0630_0 .net *"_ivl_0", 31 0, L_0x6000000ac780;  1 drivers
v0x6000003a06c0_0 .net *"_ivl_3", 29 0, L_0x6000000ac820;  1 drivers
v0x6000003a0750_0 .net "instr", 31 0, L_0x600001aac1c0;  alias, 1 drivers
v0x6000003a07e0_0 .net "instr_addr", 31 0, v0x6000003a38d0_0;  alias, 1 drivers
v0x6000003a0870 .array "instr_ram", 511 0, 31 0;
L_0x6000000ac780 .array/port v0x6000003a0870, L_0x6000000ac820;
L_0x6000000ac820 .part v0x6000003a38d0_0, 2, 30;
S_0x12ce0a330 .scope module, "rvcpu" "riscv_cpu" 4 17, 7 4 0, S_0x12ce04a10;
 .timescale -9 -9;
    .port_info 0 /INPUT 1 "clk";
    .port_info 1 /INPUT 1 "reset";
    .port_info 2 /OUTPUT 32 "PC";
    .port_info 3 /INPUT 32 "Instr";
    .port_info 4 /OUTPUT 1 "MemWrite";
    .port_info 5 /OUTPUT 32 "Mem_WrAddr";
    .port_info 6 /OUTPUT 32 "Mem_WrData";
    .port_info 7 /INPUT 32 "ReadData";
    .port_info 8 /OUTPUT 32 "Result";
L_0x600001aac150 .functor BUFZ 1, L_0x6000000a9360, C4<0>, C4<0>, C4<0>;
v0x6000003b8480_0 .net "ALUControl", 3 0, v0x6000003a0900_0;  1 drivers
v0x6000003b8510_0 .net "ALUSrc", 0 0, L_0x6000000a92c0;  1 drivers
v0x6000003b85a0_0 .net "ImmSrc", 2 0, L_0x6000000a9220;  1 drivers
v0x6000003b8630_0 .net "Instr", 31 0, L_0x600001aac1c0;  alias, 1 drivers
v0x6000003b86c0_0 .net "IsAUIPC", 0 0, L_0x6000000a97c0;  1 drivers
v0x6000003b8750_0 .net "IsJALR", 0 0, L_0x6000000a9860;  1 drivers
v0x6000003b87e0_0 .net "IsLUI", 0 0, L_0x6000000a9720;  1 drivers
v0x6000003b8870_0 .net "Jump", 0 0, L_0x6000000a95e0;  1 drivers
v0x6000003b8900_0 .net "Less", 0 0, L_0x6000000aaa80;  1 drivers
v0x6000003b8990_0 .net "LessU", 0 0, L_0x6000000aab20;  1 drivers
v0x6000003b8a20_0 .net "MemWrite", 0 0, L_0x600001aac150;  alias, 1 drivers
v0x6000003b8ab0_0 .net "MemWrite_byte", 0 0, L_0x600001aac0e0;  1 drivers
v0x6000003b8b40_0 .net "MemWrite_int", 0 0, L_0x6000000a9360;  1 drivers
v0x6000003b8bd0_0 .net "Mem_WrAddr", 31 0, L_0x6000000ac640;  alias, 1 drivers
v0x6000003b8c60_0 .net "Mem_WrAddr_int", 31 0, L_0x600001aabf70;  1 drivers
v0x6000003b8cf0_0 .net "Mem_WrAddr_rmw", 31 0, L_0x6000000ac460;  1 drivers
v0x6000003b8d80_0 .net "Mem_WrData", 31 0, L_0x6000000ac6e0;  alias, 1 drivers
v0x6000003b8e10_0 .net "Mem_WrData_int", 31 0, L_0x600001aabf00;  1 drivers
v0x6000003b8ea0_0 .net "Mem_WrData_rmw", 31 0, v0x6000003b8360_0;  1 drivers
v0x6000003b8f30_0 .net "Negative", 0 0, L_0x6000000aa9e0;  1 drivers
v0x6000003b8fc0_0 .net "PC", 31 0, v0x6000003a38d0_0;  alias, 1 drivers
v0x6000003b9050_0 .net "PCSrc", 0 0, L_0x600001aabcd0;  1 drivers
v0x6000003b90e0_0 .net "ReadData", 31 0, L_0x600001aac230;  alias, 1 drivers
v0x6000003b9170_0 .net "RegWrite", 0 0, L_0x6000000a9180;  1 drivers
v0x6000003b9200_0 .net "Result", 31 0, L_0x600001aabe90;  alias, 1 drivers
v0x6000003b9290_0 .net "ResultSrc", 1 0, L_0x6000000a9400;  1 drivers
v0x6000003b9320_0 .net "Zero", 0 0, L_0x6000000aa940;  1 drivers
v0x6000003b93b0_0 .net "clk", 0 0, v0x6000003ba370_0;  alias, 1 drivers
v0x6000003b9440_0 .net "funct3_ctrl", 2 0, L_0x600001aabd40;  1 drivers
v0x6000003b94d0_0 .net "reset", 0 0, v0x6000003ba5b0_0;  alias, 1 drivers
L_0x6000000a99a0 .part L_0x600001aac1c0, 0, 7;
L_0x6000000a9a40 .part L_0x600001aac1c0, 12, 3;
L_0x6000000a9ae0 .part L_0x600001aac1c0, 30, 1;
L_0x6000000ac640 .functor MUXZ 32, L_0x600001aabf70, L_0x6000000ac460, L_0x600001aac0e0, C4<>;
L_0x6000000ac6e0 .functor MUXZ 32, L_0x600001aabf00, v0x6000003b8360_0, L_0x600001aac0e0, C4<>;
S_0x12ce0a4a0 .scope module, "c" "controller" 7 29, 8 4 0, S_0x12ce0a330;
 .timescale -9 -9;
    .port_info 0 /INPUT 7 "op";
    .port_info 1 /INPUT 3 "funct3";
    .port_info 2 /INPUT 1 "funct7b5";
    .port_info 3 /INPUT 1 "Zero";
    .port_info 4 /INPUT 1 "Negative";
    .port_info 5 /INPUT 1 "Less";
    .port_info 6 /INPUT 1 "LessU";
    .port_info 7 /OUTPUT 2 "ResultSrc";
    .port_info 8 /OUTPUT 1 "MemWrite";
    .port_info 9 /OUTPUT 1 "PCSrc";
    .port_info 10 /OUTPUT 1 "ALUSrc";
    .port_info 11 /OUTPUT 1 "RegWrite";
    .port_info 12 /OUTPUT 1 "Jump";
    .port_info 13 /OUTPUT 3 "ImmSrc";
    .port_info 14 /OUTPUT 4 "ALUControl";
    .port_info 15 /OUTPUT 1 "IsLUI";
    .port_info 16 /OUTPUT 1 "IsAUIPC";
    .port_info 17 /OUTPUT 3 "funct3_out";
    .port_info 18 /OUTPUT 1 "IsJALR";
L_0x600001aabc60 .functor AND 1, L_0x6000000a94a0, v0x6000003a2130_0, C4<1>, C4<1>;
L_0x600001aabcd0 .functor OR 1, L_0x600001aabc60, L_0x6000000a95e0, C4<0>, C4<0>;
L_0x600001aabd40 .functor BUFZ 3, L_0x6000000a9a40, C4<000>, C4<000>, C4<000>;
v0x6000003a1680_0 .net "ALUControl", 3 0, v0x6000003a0900_0;  alias, 1 drivers
v0x6000003a1710_0 .net "ALUOp", 1 0, L_0x6000000a9540;  1 drivers
v0x6000003a17a0_0 .net "ALUSrc", 0 0, L_0x6000000a92c0;  alias, 1 drivers
v0x6000003a1830_0 .net "Branch", 0 0, L_0x6000000a94a0;  1 drivers
v0x6000003a18c0_0 .net "BranchType", 2 0, L_0x600001aaa7d0;  1 drivers
v0x6000003a1950_0 .net "ImmSrc", 2 0, L_0x6000000a9220;  alias, 1 drivers
v0x6000003a19e0_0 .net "IsAUIPC", 0 0, L_0x6000000a97c0;  alias, 1 drivers
v0x6000003a1a70_0 .net "IsJALR", 0 0, L_0x6000000a9860;  alias, 1 drivers
v0x6000003a1b00_0 .net "IsLUI", 0 0, L_0x6000000a9720;  alias, 1 drivers
v0x6000003a1b90_0 .net "Jump", 0 0, L_0x6000000a95e0;  alias, 1 drivers
v0x6000003a1c20_0 .net "Less", 0 0, L_0x6000000aaa80;  alias, 1 drivers
v0x6000003a1cb0_0 .net "LessU", 0 0, L_0x6000000aab20;  alias, 1 drivers
v0x6000003a1d40_0 .net "MemWrite", 0 0, L_0x6000000a9360;  alias, 1 drivers
v0x6000003a1dd0_0 .net "Negative", 0 0, L_0x6000000aa9e0;  alias, 1 drivers
v0x6000003a1e60_0 .net "PCSrc", 0 0, L_0x600001aabcd0;  alias, 1 drivers
v0x6000003a1ef0_0 .net "RegWrite", 0 0, L_0x6000000a9180;  alias, 1 drivers
v0x6000003a1f80_0 .net "ResultSrc", 1 0, L_0x6000000a9400;  alias, 1 drivers
v0x6000003a2010_0 .net "Zero", 0 0, L_0x6000000aa940;  alias, 1 drivers
v0x6000003a20a0_0 .net *"_ivl_2", 0 0, L_0x600001aabc60;  1 drivers
v0x6000003a2130_0 .var "branch_taken", 0 0;
v0x6000003a21c0_0 .net "funct3", 2 0, L_0x6000000a9a40;  1 drivers
v0x6000003a2250_0 .net "funct3_out", 2 0, L_0x600001aabd40;  alias, 1 drivers
v0x6000003a22e0_0 .net "funct7b5", 0 0, L_0x6000000a9ae0;  1 drivers
v0x6000003a2370_0 .net "op", 6 0, L_0x6000000a99a0;  1 drivers
E_0x6000024a57c0 .event anyedge, v0x6000003a0d80_0, v0x6000003a2010_0, v0x6000003a1c20_0, v0x6000003a1cb0_0;
L_0x6000000a9900 .part L_0x6000000a99a0, 5, 1;
S_0x12ce09de0 .scope module, "ad" "alu_decoder" 8 28, 9 16 0, S_0x12ce0a4a0;
 .timescale -9 -9;
    .port_info 0 /INPUT 1 "opb5";
    .port_info 1 /INPUT 3 "funct3";
    .port_info 2 /INPUT 1 "funct7b5";
    .port_info 3 /INPUT 2 "ALUOp";
    .port_info 4 /OUTPUT 4 "ALUControl";
v0x6000003a0900_0 .var "ALUControl", 3 0;
v0x6000003a0990_0 .net "ALUOp", 1 0, L_0x6000000a9540;  alias, 1 drivers
v0x6000003a0a20_0 .net "funct3", 2 0, L_0x6000000a9a40;  alias, 1 drivers
v0x6000003a0ab0_0 .net "funct7b5", 0 0, L_0x6000000a9ae0;  alias, 1 drivers
v0x6000003a0b40_0 .net "opb5", 0 0, L_0x6000000a9900;  1 drivers
E_0x6000024a5800 .event anyedge, v0x6000003a0990_0, v0x6000003a0a20_0, v0x6000003a0ab0_0, v0x6000003a0b40_0;
S_0x12ce09f50 .scope module, "md" "main_decoder" 8 24, 10 4 0, S_0x12ce0a4a0;
 .timescale -9 -9;
    .port_info 0 /INPUT 7 "op";
    .port_info 1 /INPUT 3 "funct3";
    .port_info 2 /OUTPUT 2 "ResultSrc";
    .port_info 3 /OUTPUT 1 "MemWrite";
    .port_info 4 /OUTPUT 1 "Branch";
    .port_info 5 /OUTPUT 1 "ALUSrc";
    .port_info 6 /OUTPUT 1 "RegWrite";
    .port_info 7 /OUTPUT 1 "Jump";
    .port_info 8 /OUTPUT 3 "ImmSrc";
    .port_info 9 /OUTPUT 2 "ALUOp";
    .port_info 10 /OUTPUT 1 "IsLUI";
    .port_info 11 /OUTPUT 1 "IsAUIPC";
    .port_info 12 /OUTPUT 1 "IsJALR";
    .port_info 13 /OUTPUT 3 "BranchType";
L_0x600001aaa7d0 .functor BUFZ 3, L_0x6000000a9a40, C4<000>, C4<000>, C4<000>;
v0x6000003a0bd0_0 .net "ALUOp", 1 0, L_0x6000000a9540;  alias, 1 drivers
v0x6000003a0c60_0 .net "ALUSrc", 0 0, L_0x6000000a92c0;  alias, 1 drivers
v0x6000003a0cf0_0 .net "Branch", 0 0, L_0x6000000a94a0;  alias, 1 drivers
v0x6000003a0d80_0 .net "BranchType", 2 0, L_0x600001aaa7d0;  alias, 1 drivers
v0x6000003a0e10_0 .net "ImmSrc", 2 0, L_0x6000000a9220;  alias, 1 drivers
v0x6000003a0ea0_0 .net "IsAUIPC", 0 0, L_0x6000000a97c0;  alias, 1 drivers
v0x6000003a0f30_0 .net "IsJALR", 0 0, L_0x6000000a9860;  alias, 1 drivers
v0x6000003a0fc0_0 .net "IsLUI", 0 0, L_0x6000000a9720;  alias, 1 drivers
v0x6000003a1050_0 .net "Jump", 0 0, L_0x6000000a95e0;  alias, 1 drivers
v0x6000003a10e0_0 .net "MemWrite", 0 0, L_0x6000000a9360;  alias, 1 drivers
v0x6000003a1170_0 .net "RegWrite", 0 0, L_0x6000000a9180;  alias, 1 drivers
v0x6000003a1200_0 .net "ResultSrc", 1 0, L_0x6000000a9400;  alias, 1 drivers
v0x6000003a1290_0 .net *"_ivl_10", 11 0, L_0x6000000a9680;  1 drivers
L_0x130088010 .functor BUFT 1, C4<0110111>, C4<0>, C4<0>, C4<0>;
v0x6000003a1320_0 .net/2u *"_ivl_11", 6 0, L_0x130088010;  1 drivers
L_0x130088058 .functor BUFT 1, C4<0010111>, C4<0>, C4<0>, C4<0>;
v0x6000003a13b0_0 .net/2u *"_ivl_15", 6 0, L_0x130088058;  1 drivers
L_0x1300880a0 .functor BUFT 1, C4<1100111>, C4<0>, C4<0>, C4<0>;
v0x6000003a1440_0 .net/2u *"_ivl_19", 6 0, L_0x1300880a0;  1 drivers
v0x6000003a14d0_0 .var "controls", 12 0;
v0x6000003a1560_0 .net "funct3", 2 0, L_0x6000000a9a40;  alias, 1 drivers
v0x6000003a15f0_0 .net "op", 6 0, L_0x6000000a99a0;  alias, 1 drivers
E_0x6000024a5880 .event anyedge, v0x6000003a15f0_0;
L_0x6000000a9180 .part L_0x6000000a9680, 11, 1;
L_0x6000000a9220 .part L_0x6000000a9680, 8, 3;
L_0x6000000a92c0 .part L_0x6000000a9680, 7, 1;
L_0x6000000a9360 .part L_0x6000000a9680, 6, 1;
L_0x6000000a9400 .part L_0x6000000a9680, 4, 2;
L_0x6000000a94a0 .part L_0x6000000a9680, 3, 1;
L_0x6000000a9540 .part L_0x6000000a9680, 1, 2;
L_0x6000000a95e0 .part L_0x6000000a9680, 0, 1;
L_0x6000000a9680 .part v0x6000003a14d0_0, 0, 12;
L_0x6000000a9720 .cmp/eq 7, L_0x6000000a99a0, L_0x130088010;
L_0x6000000a97c0 .cmp/eq 7, L_0x6000000a99a0, L_0x130088058;
L_0x6000000a9860 .cmp/eq 7, L_0x6000000a99a0, L_0x1300880a0;
S_0x12ce09630 .scope module, "dp" "datapath" 7 36, 11 4 0, S_0x12ce0a330;
 .timescale -9 -9;
    .port_info 0 /INPUT 1 "clk";
    .port_info 1 /INPUT 1 "reset";
    .port_info 2 /INPUT 2 "ResultSrc";
    .port_info 3 /INPUT 1 "PCSrc";
    .port_info 4 /INPUT 1 "ALUSrc";
    .port_info 5 /INPUT 1 "RegWrite";
    .port_info 6 /INPUT 3 "ImmSrc";
    .port_info 7 /INPUT 4 "ALUControl";
    .port_info 8 /INPUT 1 "IsLUI";
    .port_info 9 /INPUT 1 "IsAUIPC";
    .port_info 10 /INPUT 1 "IsJALR";
    .port_info 11 /INPUT 3 "funct3";
    .port_info 12 /OUTPUT 1 "Zero";
    .port_info 13 /OUTPUT 1 "Negative";
    .port_info 14 /OUTPUT 1 "Less";
    .port_info 15 /OUTPUT 1 "LessU";
    .port_info 16 /OUTPUT 32 "PC";
    .port_info 17 /INPUT 32 "Instr";
    .port_info 18 /OUTPUT 32 "Mem_WrAddr";
    .port_info 19 /OUTPUT 32 "Mem_WrData";
    .port_info 20 /INPUT 32 "ReadData";
    .port_info 21 /OUTPUT 32 "Result";
    .port_info 22 /OUTPUT 1 "MemWrite_byte";
    .port_info 23 /OUTPUT 32 "Mem_WrData_rmw";
    .port_info 24 /OUTPUT 32 "Mem_WrAddr_rmw";
L_0x130088130 .functor BUFT 1, C4<11111111111111111111111111111110>, C4<0>, C4<0>, C4<0>;
L_0x600001aabdb0 .functor AND 32, L_0x6000000a9cc0, L_0x130088130, C4<11111111111111111111111111111111>, C4<11111111111111111111111111111111>;
L_0x1300884d8 .functor BUFT 1, C4<0>, C4<0>, C4<0>, C4<0>;
L_0x600001aabe20 .functor XNOR 1, L_0x6000000ab2a0, L_0x1300884d8, C4<0>, C4<0>;
L_0x600001aabe90 .functor BUFZ 32, L_0x6000000ac320, C4<00000000000000000000000000000000>, C4<00000000000000000000000000000000>, C4<00000000000000000000000000000000>;
L_0x600001aabf00 .functor BUFZ 32, L_0x6000000aa440, C4<00000000000000000000000000000000>, C4<00000000000000000000000000000000>, C4<00000000000000000000000000000000>;
L_0x600001aabf70 .functor BUFZ 32, v0x6000003a25b0_0, C4<00000000000000000000000000000000>, C4<00000000000000000000000000000000>, C4<00000000000000000000000000000000>;
L_0x600001aac000 .functor BUFZ 32, L_0x600001aac230, C4<00000000000000000000000000000000>, C4<00000000000000000000000000000000>, C4<00000000000000000000000000000000>;
L_0x600001aac0e0 .functor OR 1, L_0x6000000ac500, L_0x6000000ac5a0, C4<0>, C4<0>;
v0x6000003a4fc0_0 .net "ALUControl", 3 0, v0x6000003a0900_0;  alias, 1 drivers
v0x6000003a5050_0 .net "ALUResult", 31 0, v0x6000003a25b0_0;  1 drivers
v0x6000003a50e0_0 .net "ALUSrc", 0 0, L_0x6000000a92c0;  alias, 1 drivers
v0x6000003a5170_0 .net "ImmExt", 31 0, v0x6000003a2be0_0;  1 drivers
v0x6000003a5200_0 .net "ImmSrc", 2 0, L_0x6000000a9220;  alias, 1 drivers
v0x6000003a5290_0 .net "Instr", 31 0, L_0x600001aac1c0;  alias, 1 drivers
v0x6000003a5320_0 .net "IsAUIPC", 0 0, L_0x6000000a97c0;  alias, 1 drivers
v0x6000003a53b0_0 .net "IsJALR", 0 0, L_0x6000000a9860;  alias, 1 drivers
v0x6000003a5440_0 .net "IsLUI", 0 0, L_0x6000000a9720;  alias, 1 drivers
v0x6000003a54d0_0 .net "JALR_target", 31 0, L_0x600001aabdb0;  1 drivers
v0x6000003a5560_0 .net "Less", 0 0, L_0x6000000aaa80;  alias, 1 drivers
v0x6000003a55f0_0 .net "LessU", 0 0, L_0x6000000aab20;  alias, 1 drivers
v0x6000003a5680_0 .net "MemWrite_byte", 0 0, L_0x600001aac0e0;  alias, 1 drivers
v0x6000003a5710_0 .net "Mem_WrAddr", 31 0, L_0x600001aabf70;  alias, 1 drivers
v0x6000003a57a0_0 .net "Mem_WrAddr_rmw", 31 0, L_0x6000000ac460;  alias, 1 drivers
v0x6000003a5830_0 .net "Mem_WrData", 31 0, L_0x600001aabf00;  alias, 1 drivers
v0x6000003a58c0_0 .net "Mem_WrData_rmw", 31 0, v0x6000003b8360_0;  alias, 1 drivers
v0x6000003a5950_0 .net "Negative", 0 0, L_0x6000000aa9e0;  alias, 1 drivers
v0x6000003a59e0_0 .net "PC", 31 0, v0x6000003a38d0_0;  alias, 1 drivers
v0x6000003a5a70_0 .net "PCNext", 31 0, L_0x6000000a9e00;  1 drivers
v0x6000003a5b00_0 .net "PCPlus4", 31 0, L_0x6000000a9b80;  1 drivers
v0x6000003a5b90_0 .net "PCSrc", 0 0, L_0x600001aabcd0;  alias, 1 drivers
v0x6000003a5c20_0 .net "PCTarget", 31 0, L_0x6000000a9c20;  1 drivers
v0x6000003a5cb0_0 .net "ReadData", 31 0, L_0x600001aac230;  alias, 1 drivers
v0x6000003a5d40_0 .net "RegWrite", 0 0, L_0x6000000a9180;  alias, 1 drivers
v0x6000003a5dd0_0 .net "Result", 31 0, L_0x600001aabe90;  alias, 1 drivers
v0x6000003a5e60_0 .net "ResultMux", 31 0, L_0x6000000ac280;  1 drivers
v0x6000003a5ef0_0 .net "ResultSrc", 1 0, L_0x6000000a9400;  alias, 1 drivers
v0x6000003a5f80_0 .net "SrcA", 31 0, L_0x6000000aa120;  1 drivers
v0x6000003a6010_0 .net "SrcA_alu", 31 0, L_0x6000000aa800;  1 drivers
v0x6000003a60a0_0 .net "SrcB", 31 0, L_0x6000000aa760;  1 drivers
v0x6000003a6130_0 .net "WriteBackData", 31 0, L_0x6000000ac320;  1 drivers
v0x6000003a61c0_0 .net "WriteData", 31 0, L_0x6000000aa440;  1 drivers
v0x6000003a6250_0 .net "Zero", 0 0, L_0x6000000aa940;  alias, 1 drivers
v0x6000003a62e0_0 .net *"_ivl_100", 31 0, L_0x6000000abe80;  1 drivers
v0x6000003a6370_0 .net *"_ivl_102", 31 0, L_0x6000000abf20;  1 drivers
v0x6000003a6400_0 .net *"_ivl_117", 29 0, L_0x6000000ac3c0;  1 drivers
L_0x130088718 .functor BUFT 1, C4<00>, C4<0>, C4<0>, C4<0>;
v0x6000003a6490_0 .net/2u *"_ivl_118", 1 0, L_0x130088718;  1 drivers
L_0x130088760 .functor BUFT 1, C4<000>, C4<0>, C4<0>, C4<0>;
v0x6000003a6520_0 .net/2u *"_ivl_122", 2 0, L_0x130088760;  1 drivers
v0x6000003a65b0_0 .net *"_ivl_124", 0 0, L_0x6000000ac500;  1 drivers
L_0x1300887a8 .functor BUFT 1, C4<001>, C4<0>, C4<0>, C4<0>;
v0x6000003a6640_0 .net/2u *"_ivl_126", 2 0, L_0x1300887a8;  1 drivers
v0x6000003a66d0_0 .net *"_ivl_128", 0 0, L_0x6000000ac5a0;  1 drivers
L_0x130088400 .functor BUFT 1, C4<00>, C4<0>, C4<0>, C4<0>;
v0x6000003a6760_0 .net/2u *"_ivl_18", 1 0, L_0x130088400;  1 drivers
v0x6000003a67f0_0 .net *"_ivl_2", 31 0, L_0x6000000a9cc0;  1 drivers
v0x6000003a6880_0 .net *"_ivl_20", 0 0, L_0x6000000aac60;  1 drivers
v0x6000003a6910_0 .net *"_ivl_23", 7 0, L_0x6000000aad00;  1 drivers
L_0x130088448 .functor BUFT 1, C4<01>, C4<0>, C4<0>, C4<0>;
v0x6000003a69a0_0 .net/2u *"_ivl_24", 1 0, L_0x130088448;  1 drivers
v0x6000003a6a30_0 .net *"_ivl_26", 0 0, L_0x6000000aada0;  1 drivers
v0x6000003a6ac0_0 .net *"_ivl_29", 7 0, L_0x6000000aae40;  1 drivers
L_0x130088490 .functor BUFT 1, C4<10>, C4<0>, C4<0>, C4<0>;
v0x6000003a6b50_0 .net/2u *"_ivl_30", 1 0, L_0x130088490;  1 drivers
v0x6000003a6be0_0 .net *"_ivl_32", 0 0, L_0x6000000aaee0;  1 drivers
v0x6000003a6c70_0 .net *"_ivl_35", 7 0, L_0x6000000aaf80;  1 drivers
v0x6000003a6d00_0 .net *"_ivl_37", 7 0, L_0x6000000ab020;  1 drivers
v0x6000003a6d90_0 .net *"_ivl_38", 7 0, L_0x6000000ab0c0;  1 drivers
v0x6000003a6e20_0 .net/2u *"_ivl_4", 31 0, L_0x130088130;  1 drivers
v0x6000003a6eb0_0 .net *"_ivl_40", 7 0, L_0x6000000ab160;  1 drivers
v0x6000003a6f40_0 .net *"_ivl_45", 0 0, L_0x6000000ab2a0;  1 drivers
v0x6000003a6fd0_0 .net/2u *"_ivl_46", 0 0, L_0x1300884d8;  1 drivers
v0x6000003a7060_0 .net *"_ivl_48", 0 0, L_0x600001aabe20;  1 drivers
v0x6000003a70f0_0 .net *"_ivl_51", 15 0, L_0x6000000ab340;  1 drivers
v0x6000003a7180_0 .net *"_ivl_53", 15 0, L_0x6000000ab3e0;  1 drivers
L_0x130088520 .functor BUFT 1, C4<000>, C4<0>, C4<0>, C4<0>;
v0x6000003a7210_0 .net/2u *"_ivl_56", 2 0, L_0x130088520;  1 drivers
v0x6000003a72a0_0 .net *"_ivl_58", 0 0, L_0x6000000ab5c0;  1 drivers
v0x6000003a7330_0 .net *"_ivl_61", 0 0, L_0x6000000ab480;  1 drivers
v0x6000003a73c0_0 .net *"_ivl_63", 23 0, L_0x6000000ab660;  1 drivers
v0x6000003a7450_0 .net *"_ivl_64", 31 0, L_0x6000000ab700;  1 drivers
L_0x130088568 .functor BUFT 1, C4<001>, C4<0>, C4<0>, C4<0>;
v0x6000003a74e0_0 .net/2u *"_ivl_66", 2 0, L_0x130088568;  1 drivers
v0x6000003a7570_0 .net *"_ivl_68", 0 0, L_0x6000000ab7a0;  1 drivers
v0x6000003a7600_0 .net *"_ivl_71", 0 0, L_0x6000000ab840;  1 drivers
v0x6000003a7690_0 .net *"_ivl_73", 15 0, L_0x6000000ab8e0;  1 drivers
v0x6000003a7720_0 .net *"_ivl_74", 31 0, L_0x6000000ab980;  1 drivers
L_0x1300885b0 .functor BUFT 1, C4<010>, C4<0>, C4<0>, C4<0>;
v0x6000003a77b0_0 .net/2u *"_ivl_76", 2 0, L_0x1300885b0;  1 drivers
v0x6000003a7840_0 .net *"_ivl_78", 0 0, L_0x6000000aba20;  1 drivers
L_0x1300885f8 .functor BUFT 1, C4<100>, C4<0>, C4<0>, C4<0>;
v0x6000003a78d0_0 .net/2u *"_ivl_80", 2 0, L_0x1300885f8;  1 drivers
v0x6000003a7960_0 .net *"_ivl_82", 0 0, L_0x6000000abac0;  1 drivers
L_0x130088640 .functor BUFT 1, C4<000000000000000000000000>, C4<0>, C4<0>, C4<0>;
v0x6000003a79f0_0 .net/2u *"_ivl_84", 23 0, L_0x130088640;  1 drivers
v0x6000003a7a80_0 .net *"_ivl_86", 31 0, L_0x6000000abb60;  1 drivers
L_0x130088688 .functor BUFT 1, C4<101>, C4<0>, C4<0>, C4<0>;
v0x6000003a7b10_0 .net/2u *"_ivl_88", 2 0, L_0x130088688;  1 drivers
v0x6000003a7ba0_0 .net *"_ivl_90", 0 0, L_0x6000000abc00;  1 drivers
L_0x1300886d0 .functor BUFT 1, C4<0000000000000000>, C4<0>, C4<0>, C4<0>;
v0x6000003a7c30_0 .net/2u *"_ivl_92", 15 0, L_0x1300886d0;  1 drivers
v0x6000003a7cc0_0 .net *"_ivl_94", 31 0, L_0x6000000abca0;  1 drivers
v0x6000003a7d50_0 .net *"_ivl_96", 31 0, L_0x6000000abd40;  1 drivers
v0x6000003a7de0_0 .net *"_ivl_98", 31 0, L_0x6000000abde0;  1 drivers
v0x6000003a7e70_0 .net "branch_or_jalr_target", 31 0, L_0x6000000a9d60;  1 drivers
v0x6000003a7f00_0 .net "byte_offset", 1 0, L_0x6000000aabc0;  1 drivers
v0x6000003b8000_0 .net "clk", 0 0, v0x6000003ba370_0;  alias, 1 drivers
v0x6000003b8090_0 .net "funct3", 2 0, L_0x600001aabd40;  alias, 1 drivers
v0x6000003b8120_0 .net "load_data", 31 0, L_0x6000000ac000;  1 drivers
v0x6000003b81b0_0 .net "loaded_byte", 7 0, L_0x6000000ab200;  1 drivers
v0x6000003b8240_0 .net "loaded_half", 15 0, L_0x6000000ab520;  1 drivers
v0x6000003b82d0_0 .net "reset", 0 0, v0x6000003ba5b0_0;  alias, 1 drivers
v0x6000003b8360_0 .var "rmw_word", 31 0;
v0x6000003b83f0_0 .net "word_in_mem", 31 0, L_0x600001aac000;  1 drivers
E_0x6000024a5940 .event anyedge, v0x6000003b83f0_0, v0x6000003a2250_0, v0x6000003a7f00_0, v0x6000003a4ab0_0;
L_0x6000000a9cc0 .arith/sum 32, L_0x6000000aa120, v0x6000003a2be0_0;
L_0x6000000aa4e0 .part L_0x600001aac1c0, 15, 5;
L_0x6000000aa580 .part L_0x600001aac1c0, 20, 5;
L_0x6000000aa620 .part L_0x600001aac1c0, 7, 5;
L_0x6000000aa6c0 .part L_0x600001aac1c0, 7, 25;
L_0x6000000aabc0 .part v0x6000003a25b0_0, 0, 2;
L_0x6000000aac60 .cmp/eq 2, L_0x6000000aabc0, L_0x130088400;
L_0x6000000aad00 .part L_0x600001aac230, 0, 8;
L_0x6000000aada0 .cmp/eq 2, L_0x6000000aabc0, L_0x130088448;
L_0x6000000aae40 .part L_0x600001aac230, 8, 8;
L_0x6000000aaee0 .cmp/eq 2, L_0x6000000aabc0, L_0x130088490;
L_0x6000000aaf80 .part L_0x600001aac230, 16, 8;
L_0x6000000ab020 .part L_0x600001aac230, 24, 8;
L_0x6000000ab0c0 .functor MUXZ 8, L_0x6000000ab020, L_0x6000000aaf80, L_0x6000000aaee0, C4<>;
L_0x6000000ab160 .functor MUXZ 8, L_0x6000000ab0c0, L_0x6000000aae40, L_0x6000000aada0, C4<>;
L_0x6000000ab200 .functor MUXZ 8, L_0x6000000ab160, L_0x6000000aad00, L_0x6000000aac60, C4<>;
L_0x6000000ab2a0 .part L_0x6000000aabc0, 1, 1;
L_0x6000000ab340 .part L_0x600001aac230, 0, 16;
L_0x6000000ab3e0 .part L_0x600001aac230, 16, 16;
L_0x6000000ab520 .functor MUXZ 16, L_0x6000000ab3e0, L_0x6000000ab340, L_0x600001aabe20, C4<>;
L_0x6000000ab5c0 .cmp/eq 3, L_0x600001aabd40, L_0x130088520;
L_0x6000000ab480 .part L_0x6000000ab200, 7, 1;
L_0x6000000ab660 .repeat 24, 24, L_0x6000000ab480;
L_0x6000000ab700 .concat [ 8 24 0 0], L_0x6000000ab200, L_0x6000000ab660;
L_0x6000000ab7a0 .cmp/eq 3, L_0x600001aabd40, L_0x130088568;
L_0x6000000ab840 .part L_0x6000000ab520, 15, 1;
L_0x6000000ab8e0 .repeat 16, 16, L_0x6000000ab840;
L_0x6000000ab980 .concat [ 16 16 0 0], L_0x6000000ab520, L_0x6000000ab8e0;
L_0x6000000aba20 .cmp/eq 3, L_0x600001aabd40, L_0x1300885b0;
L_0x6000000abac0 .cmp/eq 3, L_0x600001aabd40, L_0x1300885f8;
L_0x6000000abb60 .concat [ 8 24 0 0], L_0x6000000ab200, L_0x130088640;
L_0x6000000abc00 .cmp/eq 3, L_0x600001aabd40, L_0x130088688;
L_0x6000000abca0 .concat [ 16 16 0 0], L_0x6000000ab520, L_0x1300886d0;
L_0x6000000abd40 .functor MUXZ 32, L_0x600001aac230, L_0x6000000abca0, L_0x6000000abc00, C4<>;
L_0x6000000abde0 .functor MUXZ 32, L_0x6000000abd40, L_0x6000000abb60, L_0x6000000abac0, C4<>;
L_0x6000000abe80 .functor MUXZ 32, L_0x6000000abde0, L_0x600001aac230, L_0x6000000aba20, C4<>;
L_0x6000000abf20 .functor MUXZ 32, L_0x6000000abe80, L_0x6000000ab980, L_0x6000000ab7a0, C4<>;
L_0x6000000ac000 .functor MUXZ 32, L_0x6000000abf20, L_0x6000000ab700, L_0x6000000ab5c0, C4<>;
L_0x6000000ac3c0 .part v0x6000003a25b0_0, 2, 30;
L_0x6000000ac460 .concat [ 2 30 0 0], L_0x130088718, L_0x6000000ac3c0;
L_0x6000000ac500 .cmp/eq 3, L_0x600001aabd40, L_0x130088760;
L_0x6000000ac5a0 .cmp/eq 3, L_0x600001aabd40, L_0x1300887a8;
S_0x12ce08f20 .scope module, "alu_inst" "alu" 11 68, 12 4 0, S_0x12ce09630;
 .timescale -9 -9;
    .port_info 0 /INPUT 32 "a";
    .port_info 1 /INPUT 32 "b";
    .port_info 2 /INPUT 4 "alu_ctrl";
    .port_info 3 /OUTPUT 32 "alu_out";
    .port_info 4 /OUTPUT 1 "zero";
    .port_info 5 /OUTPUT 1 "negative";
    .port_info 6 /OUTPUT 1 "less";
    .port_info 7 /OUTPUT 1 "lessU";
P_0x6000024a5980 .param/l "WIDTH" 0 12 4, +C4<00000000000000000000000000100000>;
L_0x1300883b8 .functor BUFT 1, C4<00000000000000000000000000000000>, C4<0>, C4<0>, C4<0>;
v0x6000003a2400_0 .net/2u *"_ivl_2", 31 0, L_0x1300883b8;  1 drivers
v0x6000003a2490_0 .net "a", 31 0, L_0x6000000aa800;  alias, 1 drivers
v0x6000003a2520_0 .net "alu_ctrl", 3 0, v0x6000003a0900_0;  alias, 1 drivers
v0x6000003a25b0_0 .var "alu_out", 31 0;
v0x6000003a2640_0 .net "b", 31 0, L_0x6000000aa760;  alias, 1 drivers
v0x6000003a26d0_0 .net "less", 0 0, L_0x6000000aaa80;  alias, 1 drivers
v0x6000003a2760_0 .net "lessU", 0 0, L_0x6000000aab20;  alias, 1 drivers
v0x6000003a27f0_0 .net "negative", 0 0, L_0x6000000aa9e0;  alias, 1 drivers
v0x6000003a2880_0 .net "shamt", 4 0, L_0x6000000aa8a0;  1 drivers
v0x6000003a2910_0 .net "zero", 0 0, L_0x6000000aa940;  alias, 1 drivers
E_0x6000024a5a40 .event anyedge, v0x6000003a0900_0, v0x6000003a2640_0, v0x6000003a2490_0;
L_0x6000000aa8a0 .part L_0x6000000aa760, 0, 5;
L_0x6000000aa940 .cmp/eq 32, v0x6000003a25b0_0, L_0x1300883b8;
L_0x6000000aa9e0 .part v0x6000003a25b0_0, 31, 1;
L_0x6000000aaa80 .cmp/gt.s 32, L_0x6000000aa760, L_0x6000000aa800;
L_0x6000000aab20 .cmp/gt 32, L_0x6000000aa760, L_0x6000000aa800;
S_0x12ce09090 .scope module, "auipcmux" "mux2" 11 66, 13 4 0, S_0x12ce09630;
 .timescale -9 -9;
    .port_info 0 /INPUT 32 "d0";
    .port_info 1 /INPUT 32 "d1";
    .port_info 2 /INPUT 1 "sel";
    .port_info 3 /OUTPUT 32 "y";
P_0x6000024a5a00 .param/l "WIDTH" 0 13 4, +C4<00000000000000000000000000100000>;
v0x6000003a29a0_0 .net "d0", 31 0, L_0x6000000aa120;  alias, 1 drivers
v0x6000003a2a30_0 .net "d1", 31 0, v0x6000003a38d0_0;  alias, 1 drivers
v0x6000003a2ac0_0 .net "sel", 0 0, L_0x6000000a97c0;  alias, 1 drivers
v0x6000003a2b50_0 .net "y", 31 0, L_0x6000000aa800;  alias, 1 drivers
L_0x6000000aa800 .functor MUXZ 32, L_0x6000000aa120, v0x6000003a38d0_0, L_0x6000000a97c0, C4<>;
S_0x12ce083a0 .scope module, "ext" "imm_extend" 11 56, 14 3 0, S_0x12ce09630;
 .timescale -9 -9;
    .port_info 0 /INPUT 25 "instr";
    .port_info 1 /INPUT 3 "immsrc";
    .port_info 2 /OUTPUT 32 "immext";
v0x6000003a2be0_0 .var "immext", 31 0;
v0x6000003a2c70_0 .net "immsrc", 2 0, L_0x6000000a9220;  alias, 1 drivers
v0x6000003a2d00_0 .net "instr", 31 7, L_0x6000000aa6c0;  1 drivers
E_0x6000024a5b80 .event anyedge, v0x6000003a0e10_0, v0x6000003a2d00_0;
S_0x12ce08510 .scope module, "jalrmux" "mux2" 11 47, 13 4 0, S_0x12ce09630;
 .timescale -9 -9;
    .port_info 0 /INPUT 32 "d0";
    .port_info 1 /INPUT 32 "d1";
    .port_info 2 /INPUT 1 "sel";
    .port_info 3 /OUTPUT 32 "y";
P_0x6000024a5c00 .param/l "WIDTH" 0 13 4, +C4<00000000000000000000000000100000>;
v0x6000003a2d90_0 .net "d0", 31 0, L_0x6000000a9c20;  alias, 1 drivers
v0x6000003a2e20_0 .net "d1", 31 0, L_0x600001aabdb0;  alias, 1 drivers
v0x6000003a2eb0_0 .net "sel", 0 0, L_0x6000000a9860;  alias, 1 drivers
v0x6000003a2f40_0 .net "y", 31 0, L_0x6000000a9d60;  alias, 1 drivers
L_0x6000000a9d60 .functor MUXZ 32, L_0x6000000a9c20, L_0x600001aabdb0, L_0x6000000a9860, C4<>;
S_0x12ce29d80 .scope module, "luimux" "mux2" 11 106, 13 4 0, S_0x12ce09630;
 .timescale -9 -9;
    .port_info 0 /INPUT 32 "d0";
    .port_info 1 /INPUT 32 "d1";
    .port_info 2 /INPUT 1 "sel";
    .port_info 3 /OUTPUT 32 "y";
P_0x6000024a5d00 .param/l "WIDTH" 0 13 4, +C4<00000000000000000000000000100000>;
v0x6000003a2fd0_0 .net "d0", 31 0, L_0x6000000ac280;  alias, 1 drivers
v0x6000003a3060_0 .net "d1", 31 0, v0x6000003a2be0_0;  alias, 1 drivers
v0x6000003a30f0_0 .net "sel", 0 0, L_0x6000000a9720;  alias, 1 drivers
v0x6000003a3180_0 .net "y", 31 0, L_0x6000000ac320;  alias, 1 drivers
L_0x6000000ac320 .functor MUXZ 32, L_0x6000000ac280, v0x6000003a2be0_0, L_0x6000000a9720, C4<>;
S_0x12ce29ef0 .scope module, "pcadd4" "adder" 11 35, 15 4 0, S_0x12ce09630;
 .timescale -9 -9;
    .port_info 0 /INPUT 32 "a";
    .port_info 1 /INPUT 32 "b";
    .port_info 2 /OUTPUT 32 "sum";
P_0x6000024a5dc0 .param/l "WIDTH" 0 15 4, +C4<00000000000000000000000000100000>;
v0x6000003a3210_0 .net "a", 31 0, v0x6000003a38d0_0;  alias, 1 drivers
L_0x1300880e8 .functor BUFT 1, C4<00000000000000000000000000000100>, C4<0>, C4<0>, C4<0>;
v0x6000003a32a0_0 .net "b", 31 0, L_0x1300880e8;  1 drivers
v0x6000003a3330_0 .net "sum", 31 0, L_0x6000000a9b80;  alias, 1 drivers
L_0x6000000a9b80 .arith/sum 32, v0x6000003a38d0_0, L_0x1300880e8;
S_0x12ce21c30 .scope module, "pcaddbranch" "adder" 11 36, 15 4 0, S_0x12ce09630;
 .timescale -9 -9;
    .port_info 0 /INPUT 32 "a";
    .port_info 1 /INPUT 32 "b";
    .port_info 2 /OUTPUT 32 "sum";
P_0x6000024a5e80 .param/l "WIDTH" 0 15 4, +C4<00000000000000000000000000100000>;
v0x6000003a33c0_0 .net "a", 31 0, v0x6000003a38d0_0;  alias, 1 drivers
v0x6000003a3450_0 .net "b", 31 0, v0x6000003a2be0_0;  alias, 1 drivers
v0x6000003a34e0_0 .net "sum", 31 0, L_0x6000000a9c20;  alias, 1 drivers
L_0x6000000a9c20 .arith/sum 32, v0x6000003a38d0_0, v0x6000003a2be0_0;
S_0x12ce21da0 .scope module, "pcmux" "mux2" 11 48, 13 4 0, S_0x12ce09630;
 .timescale -9 -9;
    .port_info 0 /INPUT 32 "d0";
    .port_info 1 /INPUT 32 "d1";
    .port_info 2 /INPUT 1 "sel";
    .port_info 3 /OUTPUT 32 "y";
P_0x6000024a5f40 .param/l "WIDTH" 0 13 4, +C4<00000000000000000000000000100000>;
v0x6000003a3570_0 .net "d0", 31 0, L_0x6000000a9b80;  alias, 1 drivers
v0x6000003a3600_0 .net "d1", 31 0, L_0x6000000a9d60;  alias, 1 drivers
v0x6000003a3690_0 .net "sel", 0 0, L_0x600001aabcd0;  alias, 1 drivers
v0x6000003a3720_0 .net "y", 31 0, L_0x6000000a9e00;  alias, 1 drivers
L_0x6000000a9e00 .functor MUXZ 32, L_0x6000000a9b80, L_0x6000000a9d60, L_0x600001aabcd0, C4<>;
S_0x12ce21330 .scope module, "pcreg" "reset_ff" 11 34, 16 4 0, S_0x12ce09630;
 .timescale -9 -9;
    .port_info 0 /INPUT 1 "clk";
    .port_info 1 /INPUT 1 "rst";
    .port_info 2 /INPUT 32 "d";
    .port_info 3 /OUTPUT 32 "q";
P_0x6000024a5cc0 .param/l "WIDTH" 0 16 4, +C4<00000000000000000000000000100000>;
v0x6000003a37b0_0 .net "clk", 0 0, v0x6000003ba370_0;  alias, 1 drivers
v0x6000003a3840_0 .net "d", 31 0, L_0x6000000a9e00;  alias, 1 drivers
v0x6000003a38d0_0 .var "q", 31 0;
v0x6000003a3960_0 .net "rst", 0 0, v0x6000003ba5b0_0;  alias, 1 drivers
E_0x6000024a6000 .event posedge, v0x6000003a3960_0, v0x6000003a0240_0;
S_0x12ce214a0 .scope module, "resultmux" "mux3" 11 101, 17 4 0, S_0x12ce09630;
 .timescale -9 -9;
    .port_info 0 /INPUT 32 "d0";
    .port_info 1 /INPUT 32 "d1";
    .port_info 2 /INPUT 32 "d2";
    .port_info 3 /INPUT 2 "sel";
    .port_info 4 /OUTPUT 32 "y";
P_0x6000024a5e40 .param/l "WIDTH" 0 17 4, +C4<00000000000000000000000000100000>;
v0x6000003a39f0_0 .net *"_ivl_1", 0 0, L_0x6000000ac0a0;  1 drivers
v0x6000003a3a80_0 .net *"_ivl_3", 0 0, L_0x6000000ac140;  1 drivers
v0x6000003a3b10_0 .net *"_ivl_4", 31 0, L_0x6000000ac1e0;  1 drivers
v0x6000003a3ba0_0 .net "d0", 31 0, v0x6000003a25b0_0;  alias, 1 drivers
v0x6000003a3c30_0 .net "d1", 31 0, L_0x6000000ac000;  alias, 1 drivers
v0x6000003a3cc0_0 .net "d2", 31 0, L_0x6000000a9b80;  alias, 1 drivers
v0x6000003a3d50_0 .net "sel", 1 0, L_0x6000000a9400;  alias, 1 drivers
v0x6000003a3de0_0 .net "y", 31 0, L_0x6000000ac280;  alias, 1 drivers
L_0x6000000ac0a0 .part L_0x6000000a9400, 1, 1;
L_0x6000000ac140 .part L_0x6000000a9400, 0, 1;
L_0x6000000ac1e0 .functor MUXZ 32, v0x6000003a25b0_0, L_0x6000000ac000, L_0x6000000ac140, C4<>;
L_0x6000000ac280 .functor MUXZ 32, L_0x6000000ac1e0, L_0x6000000a9b80, L_0x6000000ac0a0, C4<>;
S_0x12ce21610 .scope module, "rf" "reg_file" 11 53, 18 8 0, S_0x12ce09630;
 .timescale -9 -9;
    .port_info 0 /INPUT 1 "clk";
    .port_info 1 /INPUT 1 "wr_en";
    .port_info 2 /INPUT 5 "rd_addr1";
    .port_info 3 /INPUT 5 "rd_addr2";
    .port_info 4 /INPUT 5 "wr_addr";
    .port_info 5 /INPUT 32 "wr_data";
    .port_info 6 /OUTPUT 32 "rd_data1";
    .port_info 7 /OUTPUT 32 "rd_data2";
P_0x6000024a6140 .param/l "DATA_WIDTH" 0 18 8, +C4<00000000000000000000000000100000>;
v0x6000003a3e70_0 .net *"_ivl_0", 31 0, L_0x6000000a9ea0;  1 drivers
v0x6000003a3f00_0 .net *"_ivl_10", 6 0, L_0x6000000aa080;  1 drivers
L_0x130088208 .functor BUFT 1, C4<00>, C4<0>, C4<0>, C4<0>;
v0x6000003a4000_0 .net *"_ivl_13", 1 0, L_0x130088208;  1 drivers
L_0x130088250 .functor BUFT 1, C4<00000000000000000000000000000000>, C4<0>, C4<0>, C4<0>;
v0x6000003a4090_0 .net/2u *"_ivl_14", 31 0, L_0x130088250;  1 drivers
v0x6000003a4120_0 .net *"_ivl_18", 31 0, L_0x6000000aa1c0;  1 drivers
L_0x130088298 .functor BUFT 1, C4<000000000000000000000000000>, C4<0>, C4<0>, C4<0>;
v0x6000003a41b0_0 .net *"_ivl_21", 26 0, L_0x130088298;  1 drivers
L_0x1300882e0 .functor BUFT 1, C4<00000000000000000000000000000000>, C4<0>, C4<0>, C4<0>;
v0x6000003a4240_0 .net/2u *"_ivl_22", 31 0, L_0x1300882e0;  1 drivers
v0x6000003a42d0_0 .net *"_ivl_24", 0 0, L_0x6000000aa260;  1 drivers
v0x6000003a4360_0 .net *"_ivl_26", 31 0, L_0x6000000aa300;  1 drivers
v0x6000003a43f0_0 .net *"_ivl_28", 6 0, L_0x6000000aa3a0;  1 drivers
L_0x130088178 .functor BUFT 1, C4<000000000000000000000000000>, C4<0>, C4<0>, C4<0>;
v0x6000003a4480_0 .net *"_ivl_3", 26 0, L_0x130088178;  1 drivers
L_0x130088328 .functor BUFT 1, C4<00>, C4<0>, C4<0>, C4<0>;
v0x6000003a4510_0 .net *"_ivl_31", 1 0, L_0x130088328;  1 drivers
L_0x130088370 .functor BUFT 1, C4<00000000000000000000000000000000>, C4<0>, C4<0>, C4<0>;
v0x6000003a45a0_0 .net/2u *"_ivl_32", 31 0, L_0x130088370;  1 drivers
L_0x1300881c0 .functor BUFT 1, C4<00000000000000000000000000000000>, C4<0>, C4<0>, C4<0>;
v0x6000003a4630_0 .net/2u *"_ivl_4", 31 0, L_0x1300881c0;  1 drivers
v0x6000003a46c0_0 .net *"_ivl_6", 0 0, L_0x6000000a9f40;  1 drivers
v0x6000003a4750_0 .net *"_ivl_8", 31 0, L_0x6000000a9fe0;  1 drivers
v0x6000003a47e0_0 .net "clk", 0 0, v0x6000003ba370_0;  alias, 1 drivers
v0x6000003a4870_0 .var/i "i", 31 0;
v0x6000003a4900_0 .net "rd_addr1", 4 0, L_0x6000000aa4e0;  1 drivers
v0x6000003a4990_0 .net "rd_addr2", 4 0, L_0x6000000aa580;  1 drivers
v0x6000003a4a20_0 .net "rd_data1", 31 0, L_0x6000000aa120;  alias, 1 drivers
v0x6000003a4ab0_0 .net "rd_data2", 31 0, L_0x6000000aa440;  alias, 1 drivers
v0x6000003a4b40 .array "reg_file_arr", 31 0, 31 0;
v0x6000003a4bd0_0 .net "wr_addr", 4 0, L_0x6000000aa620;  1 drivers
v0x6000003a4c60_0 .net "wr_data", 31 0, L_0x6000000ac320;  alias, 1 drivers
v0x6000003a4cf0_0 .net "wr_en", 0 0, L_0x6000000a9180;  alias, 1 drivers
L_0x6000000a9ea0 .concat [ 5 27 0 0], L_0x6000000aa4e0, L_0x130088178;
L_0x6000000a9f40 .cmp/ne 32, L_0x6000000a9ea0, L_0x1300881c0;
L_0x6000000a9fe0 .array/port v0x6000003a4b40, L_0x6000000aa080;
L_0x6000000aa080 .concat [ 5 2 0 0], L_0x6000000aa4e0, L_0x130088208;
L_0x6000000aa120 .functor MUXZ 32, L_0x130088250, L_0x6000000a9fe0, L_0x6000000a9f40, C4<>;
L_0x6000000aa1c0 .concat [ 5 27 0 0], L_0x6000000aa580, L_0x130088298;
L_0x6000000aa260 .cmp/ne 32, L_0x6000000aa1c0, L_0x1300882e0;
L_0x6000000aa300 .array/port v0x6000003a4b40, L_0x6000000aa3a0;
L_0x6000000aa3a0 .concat [ 5 2 0 0], L_0x6000000aa580, L_0x130088328;
L_0x6000000aa440 .functor MUXZ 32, L_0x130088370, L_0x6000000aa300, L_0x6000000aa260, C4<>;
S_0x12ce21780 .scope module, "srcbmux" "mux2" 11 61, 13 4 0, S_0x12ce09630;
 .timescale -9 -9;
    .port_info 0 /INPUT 32 "d0";
    .port_info 1 /INPUT 32 "d1";
    .port_info 2 /INPUT 1 "sel";
    .port_info 3 /OUTPUT 32 "y";
P_0x6000024a61c0 .param/l "WIDTH" 0 13 4, +C4<00000000000000000000000000100000>;
v0x6000003a4d80_0 .net "d0", 31 0, L_0x6000000aa440;  alias, 1 drivers
v0x6000003a4e10_0 .net "d1", 31 0, v0x6000003a2be0_0;  alias, 1 drivers
v0x6000003a4ea0_0 .net "sel", 0 0, L_0x6000000a92c0;  alias, 1 drivers
v0x6000003a4f30_0 .net "y", 31 0, L_0x6000000aa760;  alias, 1 drivers
L_0x6000000aa760 .functor MUXZ 32, L_0x6000000aa440, v0x6000003a2be0_0, L_0x6000000a92c0, C4<>;
    .scope S_0x12ce09f50;
T_2 ;
    %wait E_0x6000024a5880;
    %load/vec4 v0x6000003a15f0_0;
    %dup/vec4;
    %pushi/vec4 3, 0, 7;
    %cmp/u;
    %jmp/1 T_2.0, 6;
    %dup/vec4;
    %pushi/vec4 35, 0, 7;
    %cmp/u;
    %jmp/1 T_2.1, 6;
    %dup/vec4;
    %pushi/vec4 51, 0, 7;
    %cmp/u;
    %jmp/1 T_2.2, 6;
    %dup/vec4;
    %pushi/vec4 99, 0, 7;
    %cmp/u;
    %jmp/1 T_2.3, 6;
    %dup/vec4;
    %pushi/vec4 19, 0, 7;
    %cmp/u;
    %jmp/1 T_2.4, 6;
    %dup/vec4;
    %pushi/vec4 111, 0, 7;
    %cmp/u;
    %jmp/1 T_2.5, 6;
    %dup/vec4;
    %pushi/vec4 55, 0, 7;
    %cmp/u;
    %jmp/1 T_2.6, 6;
    %dup/vec4;
    %pushi/vec4 23, 0, 7;
    %cmp/u;
    %jmp/1 T_2.7, 6;
    %dup/vec4;
    %pushi/vec4 103, 0, 7;
    %cmp/u;
    %jmp/1 T_2.8, 6;
    %pushi/vec4 8191, 8191, 13;
    %store/vec4 v0x6000003a14d0_0, 0, 13;
    %jmp T_2.10;
T_2.0 ;
    %pushi/vec4 2192, 0, 13;
    %store/vec4 v0x6000003a14d0_0, 0, 13;
    %jmp T_2.10;
T_2.1 ;
    %pushi/vec4 448, 0, 13;
    %store/vec4 v0x6000003a14d0_0, 0, 13;
    %jmp T_2.10;
T_2.2 ;
    %pushi/vec4 2052, 0, 13;
    %store/vec4 v0x6000003a14d0_0, 0, 13;
    %jmp T_2.10;
T_2.3 ;
    %pushi/vec4 522, 0, 13;
    %store/vec4 v0x6000003a14d0_0, 0, 13;
    %jmp T_2.10;
T_2.4 ;
    %pushi/vec4 2180, 0, 13;
    %store/vec4 v0x6000003a14d0_0, 0, 13;
    %jmp T_2.10;
T_2.5 ;
    %pushi/vec4 2849, 0, 13;
    %store/vec4 v0x6000003a14d0_0, 0, 13;
    %jmp T_2.10;
T_2.6 ;
    %pushi/vec4 3072, 0, 13;
    %store/vec4 v0x6000003a14d0_0, 0, 13;
    %jmp T_2.10;
T_2.7 ;
    %pushi/vec4 3072, 0, 13;
    %store/vec4 v0x6000003a14d0_0, 0, 13;
    %jmp T_2.10;
T_2.8 ;
    %pushi/vec4 2209, 0, 13;
    %store/vec4 v0x6000003a14d0_0, 0, 13;
    %jmp T_2.10;
T_2.10 ;
    %pop/vec4 1;
    %jmp T_2;
    .thread T_2, $push;
    .scope S_0x12ce09de0;
T_3 ;
    %wait E_0x6000024a5800;
    %load/vec4 v0x6000003a0990_0;
    %dup/vec4;
    %pushi/vec4 0, 0, 2;
    %cmp/u;
    %jmp/1 T_3.0, 6;
    %dup/vec4;
    %pushi/vec4 1, 0, 2;
    %cmp/u;
    %jmp/1 T_3.1, 6;
    %load/vec4 v0x6000003a0a20_0;
    %dup/vec4;
    %pushi/vec4 0, 0, 3;
    %cmp/u;
    %jmp/1 T_3.4, 6;
    %dup/vec4;
    %pushi/vec4 1, 0, 3;
    %cmp/u;
    %jmp/1 T_3.5, 6;
    %dup/vec4;
    %pushi/vec4 2, 0, 3;
    %cmp/u;
    %jmp/1 T_3.6, 6;
    %dup/vec4;
    %pushi/vec4 3, 0, 3;
    %cmp/u;
    %jmp/1 T_3.7, 6;
    %dup/vec4;
    %pushi/vec4 4, 0, 3;
    %cmp/u;
    %jmp/1 T_3.8, 6;
    %dup/vec4;
    %pushi/vec4 5, 0, 3;
    %cmp/u;
    %jmp/1 T_3.9, 6;
    %dup/vec4;
    %pushi/vec4 6, 0, 3;
    %cmp/u;
    %jmp/1 T_3.10, 6;
    %dup/vec4;
    %pushi/vec4 7, 0, 3;
    %cmp/u;
    %jmp/1 T_3.11, 6;
    %jmp T_3.12;
T_3.4 ;
    %load/vec4 v0x6000003a0ab0_0;
    %load/vec4 v0x6000003a0b40_0;
    %and;
    %flag_set/vec4 8;
    %jmp/0xz  T_3.13, 8;
    %pushi/vec4 1, 0, 4;
    %store/vec4 v0x6000003a0900_0, 0, 4;
    %jmp T_3.14;
T_3.13 ;
    %pushi/vec4 0, 0, 4;
    %store/vec4 v0x6000003a0900_0, 0, 4;
T_3.14 ;
    %jmp T_3.12;
T_3.5 ;
    %pushi/vec4 7, 0, 4;
    %store/vec4 v0x6000003a0900_0, 0, 4;
    %jmp T_3.12;
T_3.6 ;
    %pushi/vec4 5, 0, 4;
    %store/vec4 v0x6000003a0900_0, 0, 4;
    %jmp T_3.12;
T_3.7 ;
    %pushi/vec4 6, 0, 4;
    %store/vec4 v0x6000003a0900_0, 0, 4;
    %jmp T_3.12;
T_3.8 ;
    %pushi/vec4 4, 0, 4;
    %store/vec4 v0x6000003a0900_0, 0, 4;
    %jmp T_3.12;
T_3.9 ;
    %load/vec4 v0x6000003a0ab0_0;
    %flag_set/vec4 8;
    %jmp/0xz  T_3.15, 8;
    %pushi/vec4 9, 0, 4;
    %store/vec4 v0x6000003a0900_0, 0, 4;
    %jmp T_3.16;
T_3.15 ;
    %pushi/vec4 8, 0, 4;
    %store/vec4 v0x6000003a0900_0, 0, 4;
T_3.16 ;
    %jmp T_3.12;
T_3.10 ;
    %pushi/vec4 3, 0, 4;
    %store/vec4 v0x6000003a0900_0, 0, 4;
    %jmp T_3.12;
T_3.11 ;
    %pushi/vec4 2, 0, 4;
    %store/vec4 v0x6000003a0900_0, 0, 4;
    %jmp T_3.12;
T_3.12 ;
    %pop/vec4 1;
    %jmp T_3.3;
T_3.0 ;
    %pushi/vec4 0, 0, 4;
    %store/vec4 v0x6000003a0900_0, 0, 4;
    %jmp T_3.3;
T_3.1 ;
    %pushi/vec4 1, 0, 4;
    %store/vec4 v0x6000003a0900_0, 0, 4;
    %jmp T_3.3;
T_3.3 ;
    %pop/vec4 1;
    %jmp T_3;
    .thread T_3, $push;
    .scope S_0x12ce0a4a0;
T_4 ;
    %wait E_0x6000024a57c0;
    %load/vec4 v0x6000003a18c0_0;
    %dup/vec4;
    %pushi/vec4 0, 0, 3;
    %cmp/u;
    %jmp/1 T_4.0, 6;
    %dup/vec4;
    %pushi/vec4 1, 0, 3;
    %cmp/u;
    %jmp/1 T_4.1, 6;
    %dup/vec4;
    %pushi/vec4 4, 0, 3;
    %cmp/u;
    %jmp/1 T_4.2, 6;
    %dup/vec4;
    %pushi/vec4 5, 0, 3;
    %cmp/u;
    %jmp/1 T_4.3, 6;
    %dup/vec4;
    %pushi/vec4 6, 0, 3;
    %cmp/u;
    %jmp/1 T_4.4, 6;
    %dup/vec4;
    %pushi/vec4 7, 0, 3;
    %cmp/u;
    %jmp/1 T_4.5, 6;
    %pushi/vec4 0, 0, 1;
    %store/vec4 v0x6000003a2130_0, 0, 1;
    %jmp T_4.7;
T_4.0 ;
    %load/vec4 v0x6000003a2010_0;
    %store/vec4 v0x6000003a2130_0, 0, 1;
    %jmp T_4.7;
T_4.1 ;
    %load/vec4 v0x6000003a2010_0;
    %inv;
    %store/vec4 v0x6000003a2130_0, 0, 1;
    %jmp T_4.7;
T_4.2 ;
    %load/vec4 v0x6000003a1c20_0;
    %store/vec4 v0x6000003a2130_0, 0, 1;
    %jmp T_4.7;
T_4.3 ;
    %load/vec4 v0x6000003a1c20_0;
    %inv;
    %load/vec4 v0x6000003a2010_0;
    %inv;
    %and;
    %store/vec4 v0x6000003a2130_0, 0, 1;
    %jmp T_4.7;
T_4.4 ;
    %load/vec4 v0x6000003a1cb0_0;
    %store/vec4 v0x6000003a2130_0, 0, 1;
    %jmp T_4.7;
T_4.5 ;
    %load/vec4 v0x6000003a1cb0_0;
    %inv;
    %load/vec4 v0x6000003a2010_0;
    %inv;
    %and;
    %store/vec4 v0x6000003a2130_0, 0, 1;
    %jmp T_4.7;
T_4.7 ;
    %pop/vec4 1;
    %jmp T_4;
    .thread T_4, $push;
    .scope S_0x12ce21330;
T_5 ;
    %wait E_0x6000024a6000;
    %load/vec4 v0x6000003a3960_0;
    %flag_set/vec4 8;
    %jmp/0xz  T_5.0, 8;
    %pushi/vec4 0, 0, 32;
    %assign/vec4 v0x6000003a38d0_0, 0;
    %jmp T_5.1;
T_5.0 ;
    %load/vec4 v0x6000003a3840_0;
    %assign/vec4 v0x6000003a38d0_0, 0;
T_5.1 ;
    %jmp T_5;
    .thread T_5;
    .scope S_0x12ce21610;
T_6 ;
    %pushi/vec4 0, 0, 32;
    %store/vec4 v0x6000003a4870_0, 0, 32;
T_6.0 ; Top of for-loop
    %load/vec4 v0x6000003a4870_0;
    %cmpi/s 32, 0, 32;
	  %jmp/0xz T_6.1, 5;
    %pushi/vec4 0, 0, 32;
    %ix/getv/s 4, v0x6000003a4870_0;
    %store/vec4a v0x6000003a4b40, 4, 0;
T_6.2 ; for-loop step statement
    %load/vec4 v0x6000003a4870_0;
    %addi 1, 0, 32;
    %store/vec4 v0x6000003a4870_0, 0, 32;
    %jmp T_6.0;
T_6.1 ; for-loop exit label
    %end;
    .thread T_6;
    .scope S_0x12ce21610;
T_7 ;
    %wait E_0x6000024a5640;
    %load/vec4 v0x6000003a4cf0_0;
    %flag_set/vec4 8;
    %jmp/0xz  T_7.0, 8;
    %load/vec4 v0x6000003a4c60_0;
    %load/vec4 v0x6000003a4bd0_0;
    %pad/u 7;
    %ix/vec4 3;
    %ix/load 4, 0, 0; Constant delay
    %assign/vec4/a/d v0x6000003a4b40, 0, 4;
T_7.0 ;
    %jmp T_7;
    .thread T_7;
    .scope S_0x12ce083a0;
T_8 ;
    %wait E_0x6000024a5b80;
    %load/vec4 v0x6000003a2c70_0;
    %dup/vec4;
    %pushi/vec4 0, 0, 3;
    %cmp/u;
    %jmp/1 T_8.0, 6;
    %dup/vec4;
    %pushi/vec4 1, 0, 3;
    %cmp/u;
    %jmp/1 T_8.1, 6;
    %dup/vec4;
    %pushi/vec4 2, 0, 3;
    %cmp/u;
    %jmp/1 T_8.2, 6;
    %dup/vec4;
    %pushi/vec4 3, 0, 3;
    %cmp/u;
    %jmp/1 T_8.3, 6;
    %dup/vec4;
    %pushi/vec4 4, 0, 3;
    %cmp/u;
    %jmp/1 T_8.4, 6;
    %pushi/vec4 4294967295, 4294967295, 32;
    %store/vec4 v0x6000003a2be0_0, 0, 32;
    %jmp T_8.6;
T_8.0 ;
    %load/vec4 v0x6000003a2d00_0;
    %parti/s 1, 24, 6;
    %replicate 20;
    %load/vec4 v0x6000003a2d00_0;
    %parti/s 12, 13, 5;
    %concat/vec4; draw_concat_vec4
    %store/vec4 v0x6000003a2be0_0, 0, 32;
    %jmp T_8.6;
T_8.1 ;
    %load/vec4 v0x6000003a2d00_0;
    %parti/s 1, 24, 6;
    %replicate 20;
    %load/vec4 v0x6000003a2d00_0;
    %parti/s 7, 18, 6;
    %concat/vec4; draw_concat_vec4
    %load/vec4 v0x6000003a2d00_0;
    %parti/s 5, 0, 2;
    %concat/vec4; draw_concat_vec4
    %store/vec4 v0x6000003a2be0_0, 0, 32;
    %jmp T_8.6;
T_8.2 ;
    %load/vec4 v0x6000003a2d00_0;
    %parti/s 1, 24, 6;
    %replicate 20;
    %load/vec4 v0x6000003a2d00_0;
    %parti/s 1, 0, 2;
    %concat/vec4; draw_concat_vec4
    %load/vec4 v0x6000003a2d00_0;
    %parti/s 6, 18, 6;
    %concat/vec4; draw_concat_vec4
    %load/vec4 v0x6000003a2d00_0;
    %parti/s 4, 1, 2;
    %concat/vec4; draw_concat_vec4
    %concati/vec4 0, 0, 1;
    %store/vec4 v0x6000003a2be0_0, 0, 32;
    %jmp T_8.6;
T_8.3 ;
    %load/vec4 v0x6000003a2d00_0;
    %parti/s 1, 24, 6;
    %replicate 12;
    %load/vec4 v0x6000003a2d00_0;
    %parti/s 8, 5, 4;
    %concat/vec4; draw_concat_vec4
    %load/vec4 v0x6000003a2d00_0;
    %parti/s 1, 13, 5;
    %concat/vec4; draw_concat_vec4
    %load/vec4 v0x6000003a2d00_0;
    %parti/s 10, 14, 5;
    %concat/vec4; draw_concat_vec4
    %concati/vec4 0, 0, 1;
    %store/vec4 v0x6000003a2be0_0, 0, 32;
    %jmp T_8.6;
T_8.4 ;
    %load/vec4 v0x6000003a2d00_0;
    %parti/s 20, 5, 4;
    %concati/vec4 0, 0, 12;
    %store/vec4 v0x6000003a2be0_0, 0, 32;
    %jmp T_8.6;
T_8.6 ;
    %pop/vec4 1;
    %jmp T_8;
    .thread T_8, $push;
    .scope S_0x12ce08f20;
T_9 ;
    %wait E_0x6000024a5a40;
    %load/vec4 v0x6000003a2520_0;
    %dup/vec4;
    %pushi/vec4 0, 0, 4;
    %cmp/u;
    %jmp/1 T_9.0, 6;
    %dup/vec4;
    %pushi/vec4 1, 0, 4;
    %cmp/u;
    %jmp/1 T_9.1, 6;
    %dup/vec4;
    %pushi/vec4 2, 0, 4;
    %cmp/u;
    %jmp/1 T_9.2, 6;
    %dup/vec4;
    %pushi/vec4 3, 0, 4;
    %cmp/u;
    %jmp/1 T_9.3, 6;
    %dup/vec4;
    %pushi/vec4 4, 0, 4;
    %cmp/u;
    %jmp/1 T_9.4, 6;
    %dup/vec4;
    %pushi/vec4 5, 0, 4;
    %cmp/u;
    %jmp/1 T_9.5, 6;
    %dup/vec4;
    %pushi/vec4 6, 0, 4;
    %cmp/u;
    %jmp/1 T_9.6, 6;
    %dup/vec4;
    %pushi/vec4 7, 0, 4;
    %cmp/u;
    %jmp/1 T_9.7, 6;
    %dup/vec4;
    %pushi/vec4 8, 0, 4;
    %cmp/u;
    %jmp/1 T_9.8, 6;
    %dup/vec4;
    %pushi/vec4 9, 0, 4;
    %cmp/u;
    %jmp/1 T_9.9, 6;
    %pushi/vec4 0, 0, 32;
    %assign/vec4 v0x6000003a25b0_0, 0;
    %jmp T_9.11;
T_9.0 ;
    %load/vec4 v0x6000003a2490_0;
    %load/vec4 v0x6000003a2640_0;
    %add;
    %assign/vec4 v0x6000003a25b0_0, 0;
    %jmp T_9.11;
T_9.1 ;
    %load/vec4 v0x6000003a2490_0;
    %load/vec4 v0x6000003a2640_0;
    %sub;
    %assign/vec4 v0x6000003a25b0_0, 0;
    %jmp T_9.11;
T_9.2 ;
    %load/vec4 v0x6000003a2490_0;
    %load/vec4 v0x6000003a2640_0;
    %and;
    %assign/vec4 v0x6000003a25b0_0, 0;
    %jmp T_9.11;
T_9.3 ;
    %load/vec4 v0x6000003a2490_0;
    %load/vec4 v0x6000003a2640_0;
    %or;
    %assign/vec4 v0x6000003a25b0_0, 0;
    %jmp T_9.11;
T_9.4 ;
    %load/vec4 v0x6000003a2490_0;
    %load/vec4 v0x6000003a2640_0;
    %xor;
    %assign/vec4 v0x6000003a25b0_0, 0;
    %jmp T_9.11;
T_9.5 ;
    %load/vec4 v0x6000003a2490_0;
    %load/vec4 v0x6000003a2640_0;
    %cmp/s;
    %flag_mov 8, 5;
    %jmp/0 T_9.12, 8;
    %pushi/vec4 1, 0, 32;
    %jmp/1 T_9.13, 8;
T_9.12 ; End of true expr.
    %pushi/vec4 0, 0, 32;
    %jmp/0 T_9.13, 8;
 ; End of false expr.
    %blend;
T_9.13;
    %assign/vec4 v0x6000003a25b0_0, 0;
    %jmp T_9.11;
T_9.6 ;
    %load/vec4 v0x6000003a2490_0;
    %load/vec4 v0x6000003a2640_0;
    %cmp/u;
    %flag_mov 8, 5;
    %jmp/0 T_9.14, 8;
    %pushi/vec4 1, 0, 32;
    %jmp/1 T_9.15, 8;
T_9.14 ; End of true expr.
    %pushi/vec4 0, 0, 32;
    %jmp/0 T_9.15, 8;
 ; End of false expr.
    %blend;
T_9.15;
    %assign/vec4 v0x6000003a25b0_0, 0;
    %jmp T_9.11;
T_9.7 ;
    %load/vec4 v0x6000003a2490_0;
    %ix/getv 4, v0x6000003a2880_0;
    %shiftl 4;
    %assign/vec4 v0x6000003a25b0_0, 0;
    %jmp T_9.11;
T_9.8 ;
    %load/vec4 v0x6000003a2490_0;
    %ix/getv 4, v0x6000003a2880_0;
    %shiftr 4;
    %assign/vec4 v0x6000003a25b0_0, 0;
    %jmp T_9.11;
T_9.9 ;
    %load/vec4 v0x6000003a2490_0;
    %ix/getv 4, v0x6000003a2880_0;
    %shiftr/s 4;
    %assign/vec4 v0x6000003a25b0_0, 0;
    %jmp T_9.11;
T_9.11 ;
    %pop/vec4 1;
    %jmp T_9;
    .thread T_9, $push;
    .scope S_0x12ce09630;
T_10 ;
    %wait E_0x6000024a5940;
    %load/vec4 v0x6000003b83f0_0;
    %store/vec4 v0x6000003b8360_0, 0, 32;
    %load/vec4 v0x6000003b8090_0;
    %dup/vec4;
    %pushi/vec4 0, 0, 3;
    %cmp/u;
    %jmp/1 T_10.0, 6;
    %dup/vec4;
    %pushi/vec4 1, 0, 3;
    %cmp/u;
    %jmp/1 T_10.1, 6;
    %load/vec4 v0x6000003a61c0_0;
    %store/vec4 v0x6000003b8360_0, 0, 32;
    %jmp T_10.3;
T_10.0 ;
    %load/vec4 v0x6000003a7f00_0;
    %dup/vec4;
    %pushi/vec4 0, 0, 2;
    %cmp/u;
    %jmp/1 T_10.4, 6;
    %dup/vec4;
    %pushi/vec4 1, 0, 2;
    %cmp/u;
    %jmp/1 T_10.5, 6;
    %dup/vec4;
    %pushi/vec4 2, 0, 2;
    %cmp/u;
    %jmp/1 T_10.6, 6;
    %dup/vec4;
    %pushi/vec4 3, 0, 2;
    %cmp/u;
    %jmp/1 T_10.7, 6;
    %jmp T_10.8;
T_10.4 ;
    %load/vec4 v0x6000003a61c0_0;
    %parti/s 8, 0, 2;
    %ix/load 4, 0, 0;
    %flag_set/imm 4, 0;
    %store/vec4 v0x6000003b8360_0, 4, 8;
    %jmp T_10.8;
T_10.5 ;
    %load/vec4 v0x6000003a61c0_0;
    %parti/s 8, 0, 2;
    %ix/load 4, 8, 0;
    %flag_set/imm 4, 0;
    %store/vec4 v0x6000003b8360_0, 4, 8;
    %jmp T_10.8;
T_10.6 ;
    %load/vec4 v0x6000003a61c0_0;
    %parti/s 8, 0, 2;
    %ix/load 4, 16, 0;
    %flag_set/imm 4, 0;
    %store/vec4 v0x6000003b8360_0, 4, 8;
    %jmp T_10.8;
T_10.7 ;
    %load/vec4 v0x6000003a61c0_0;
    %parti/s 8, 0, 2;
    %ix/load 4, 24, 0;
    %flag_set/imm 4, 0;
    %store/vec4 v0x6000003b8360_0, 4, 8;
    %jmp T_10.8;
T_10.8 ;
    %pop/vec4 1;
    %jmp T_10.3;
T_10.1 ;
    %load/vec4 v0x6000003a7f00_0;
    %parti/s 1, 1, 2;
    %flag_set/vec4 8;
    %jmp/0xz  T_10.9, 8;
    %load/vec4 v0x6000003a61c0_0;
    %parti/s 16, 0, 2;
    %ix/load 4, 16, 0;
    %flag_set/imm 4, 0;
    %store/vec4 v0x6000003b8360_0, 4, 16;
    %jmp T_10.10;
T_10.9 ;
    %load/vec4 v0x6000003a61c0_0;
    %parti/s 16, 0, 2;
    %ix/load 4, 0, 0;
    %flag_set/imm 4, 0;
    %store/vec4 v0x6000003b8360_0, 4, 16;
T_10.10 ;
    %jmp T_10.3;
T_10.3 ;
    %pop/vec4 1;
    %jmp T_10;
    .thread T_10, $push;
    .scope S_0x12ce0bd20;
T_11 ;
    %vpi_call 6 14 "$readmemh", "../code/rv32i_test_1b.hex", v0x6000003a0870 {0 0 0};
    %end;
    .thread T_11;
    .scope S_0x12ce0bbb0;
T_12 ;
    %wait E_0x6000024a5640;
    %load/vec4 v0x6000003a05a0_0;
    %flag_set/vec4 8;
    %jmp/0xz  T_12.0, 8;
    %load/vec4 v0x6000003a0510_0;
    %load/vec4 v0x6000003a0480_0;
    %parti/s 6, 2, 3;
    %pad/u 8;
    %ix/vec4 3;
    %ix/load 4, 0, 0; Constant delay
    %assign/vec4/a/d v0x6000003a02d0, 0, 4;
T_12.0 ;
    %jmp T_12;
    .thread T_12;
    .scope S_0x12ce0bbb0;
T_13 ;
    %pushi/vec4 0, 0, 32;
    %store/vec4 v0x6000003a0360_0, 0, 32;
T_13.0 ; Top of for-loop
    %load/vec4 v0x6000003a0360_0;
    %cmpi/s 64, 0, 32;
	  %jmp/0xz T_13.1, 5;
    %pushi/vec4 0, 0, 32;
    %ix/getv/s 4, v0x6000003a0360_0;
    %store/vec4a v0x6000003a02d0, 4, 0;
T_13.2 ; for-loop step statement
    %load/vec4 v0x6000003a0360_0;
    %addi 1, 0, 32;
    %store/vec4 v0x6000003a0360_0, 0, 32;
    %jmp T_13.0;
T_13.1 ; for-loop exit label
    %end;
    .thread T_13;
    .scope S_0x12ce2ade0;
T_14 ;
    %pushi/vec4 0, 0, 32;
    %store/vec4 v0x6000003ba400_0, 0, 32;
    %pushi/vec4 0, 0, 32;
    %store/vec4 v0x6000003ba520_0, 0, 32;
    %pushi/vec4 0, 0, 32;
    %store/vec4 v0x6000003ba490_0, 0, 32;
    %end;
    .thread T_14;
    .scope S_0x12ce2ade0;
T_15 ;
    %pushi/vec4 1, 0, 1;
    %assign/vec4 v0x6000003ba370_0, 0;
    %delay 5, 0;
    %pushi/vec4 0, 0, 1;
    %assign/vec4 v0x6000003ba370_0, 0;
    %delay 5, 0;
    %jmp T_15;
    .thread T_15;
    .scope S_0x12ce2ade0;
T_16 ;
    %pushi/vec4 1, 0, 1;
    %store/vec4 v0x6000003ba5b0_0, 0, 1;
    %pushi/vec4 0, 0, 1;
    %store/vec4 v0x6000003b9f80_0, 0, 1;
    %pushi/vec4 0, 0, 32;
    %store/vec4 v0x6000003b9ef0_0, 0, 32;
    %pushi/vec4 0, 0, 32;
    %store/vec4 v0x6000003ba010_0, 0, 32;
    %delay 10, 0;
    %pushi/vec4 0, 0, 1;
    %store/vec4 v0x6000003ba5b0_0, 0, 1;
    %end;
    .thread T_16;
    .scope S_0x12ce2ade0;
T_17 ;
    %wait E_0x6000024a5540;
    %load/vec4 v0x6000003ba0a0_0;
    %flag_set/vec4 9;
    %flag_get/vec4 9;
    %jmp/0 T_17.2, 9;
    %load/vec4 v0x6000003ba5b0_0;
    %nor/r;
    %and;
T_17.2;
    %flag_set/vec4 8;
    %jmp/0xz  T_17.0, 8;
    %load/vec4 v0x6000003b9e60_0;
    %pushi/vec4 100, 0, 32;
    %cmp/e;
    %flag_get/vec4 6;
    %load/vec4 v0x6000003ba2e0_0;
    %pushi/vec4 25, 0, 32;
    %cmp/e;
    %flag_get/vec4 6;
    %and;
    %flag_set/vec4 8;
    %jmp/0xz  T_17.3, 8;
    %vpi_call 3 90 "$display", "Simulation succeeded" {0 0 0};
    %vpi_call 3 91 "$stop" {0 0 0};
    %jmp T_17.4;
T_17.3 ;
    %load/vec4 v0x6000003b9e60_0;
    %cmpi/ne 96, 0, 32;
    %jmp/0xz  T_17.5, 6;
    %vpi_call 3 94 "$display", "Simulation failed" {0 0 0};
    %vpi_call 3 95 "$stop" {0 0 0};
T_17.5 ;
T_17.4 ;
T_17.0 ;
    %jmp T_17;
    .thread T_17;
# The file index is used to find the file name in the following table.
:file_names 19;
    "N/A";
    "<interactive>";
    "components/mux4.v";
    "../.test/tb_1b.v";
    "t1_riscv_cpu.v";
    "data_mem.v";
    "instr_mem.v";
    "riscv_cpu.v";
    "components/controller.v";
    "components/alu_decoder.v";
    "components/main_decoder.v";
    "components/datapath.v";
    "components/alu.v";
    "components/mux2.v";
    "components/imm_extend.v";
    "components/adder.v";
    "components/reset_ff.v";
    "components/mux3.v";
    "components/reg_file.v";
